[     721ms] [LOG] %c📦 [StorageService] Inicializando servicio de almacenamiento local... color: #3F51B5; font-style: italic; @ http://localhost:4300/chunk-HED6L54Z.js:59
[     722ms] [LOG] %c [AuthService] Verificando ruta inicial: /directory/work-position-org-chart | Es publica: false color: #9C27B0; font-style: italic; @ http://localhost:4300/chunk-HED6L54Z.js:59
[     722ms] [LOG] %c [AuthService] Ruta no publica. Intentando login silencioso... color: #009688; font-style: italic; @ http://localhost:4300/chunk-HED6L54Z.js:59
[     727ms] [LOG] %c🚀 [Initializer] Starting application state initialization... color: purple; font-style: italic; @ http://localhost:4300/chunk-HED6L54Z.js:59
[     786ms] [ERROR] Failed to load resource: the server responded with a status of 401 (Unauthorized) @ http://localhost:7070/api/auth/refresh:0
[     788ms] [LOG] %c🚫 Error en refreshToken, forzando logout local. color: red;font-style: italic HttpErrorResponse @ http://localhost:4300/chunk-HED6L54Z.js:72
[     789ms] [LOG] %c [AuthTrace] clearSession.before color: #03A9F4; font-style: italic; {at: 2026-08-18T04:28:58.787Z, applicationUserId: null, tokenCustomerId: null, roles: Array(0), customerAccessCount: 0} @ http://localhost:4300/chunk-HED6L54Z.js:59
[     790ms] [LOG] %c🔍 [StorageService] Recuperando valor para clave: 'customerId' color: #2196F3; font-style: italic; @ http://localhost:4300/chunk-HED6L54Z.js:59
[     790ms] [LOG] %c🟡 [StorageService] No se encontró valor para clave 'customerId' o es undefined. color: #FF9800; font-style: italic; @ http://localhost:4300/chunk-HED6L54Z.js:59
[     790ms] [LOG] %c [CustomerTrace] clearCustomerData.before color: #FF9800; font-style: italic; {at: 2026-08-18T04:28:58.788Z, state: Object, storedCustomerId: undefined} @ http://localhost:4300/chunk-HED6L54Z.js:59
[     791ms] [LOG] %c🧹 [StorageService] Limpiando clave específica: 'customerId' color: #FF5722; font-style: italic; @ http://localhost:4300/chunk-HED6L54Z.js:59
[     791ms] [LOG] %c✅ [StorageService] Clave 'customerId' ha sido limpiada. color: #9E9E9E; font-style: italic; @ http://localhost:4300/chunk-HED6L54Z.js:59
[     791ms] [LOG] %c🔍 [StorageService] Recuperando valor para clave: 'customerId' color: #2196F3; font-style: italic; @ http://localhost:4300/chunk-HED6L54Z.js:59
[     791ms] [LOG] %c🟡 [StorageService] No se encontró valor para clave 'customerId' o es undefined. color: #FF9800; font-style: italic; @ http://localhost:4300/chunk-HED6L54Z.js:59
[     791ms] [LOG] %c [CustomerTrace] clearCustomerData.after color: #FF9800; font-style: italic; {at: 2026-08-18T04:28:58.789Z, state: Object, storedCustomerId: undefined} @ http://localhost:4300/chunk-HED6L54Z.js:59
[     798ms] [LOG] %c [AuthTrace] trySilentLogin.finalize color: #8BC34A; font-style: italic; {at: 2026-08-18T04:28:58.797Z, isAuthenticated: false} @ http://localhost:4300/chunk-HED6L54Z.js:59
[     799ms] [LOG] %c🤷 [Initializer] No user session. Skipping customer state initialization. color: #9E9E9E; font-style: italic; @ http://localhost:4300/chunk-HED6L54Z.js:59
[     800ms] [LOG] %c✅ [Initializer] State initialization complete. color: green; font-style: italic; @ http://localhost:4300/chunk-HED6L54Z.js:59
[     929ms] [ERROR] Failed to load resource: the server responded with a status of 404 () @ https://api.iconify.design/fluent-color:mail-16.json:0
[     933ms] [ERROR] Failed to load resource: the server responded with a status of 404 () @ https://api.iconify.design/fluent-color:alert-24.json:0
[     934ms] [ERROR] Failed to load resource: the server responded with a status of 404 () @ https://api.iconify.design/fluent-color:lock-closed-16.json:0
[     934ms] [ERROR] Failed to load resource: the server responded with a status of 404 () @ https://api.iconify.design/fluent:lock-open-16-regular.json:0
[     934ms] [ERROR] Failed to load resource: the server responded with a status of 404 () @ https://api.iconify.design/fluent-color:document-16.json:0
[     935ms] [ERROR] Failed to load resource: the server responded with a status of 404 () @ https://api.iconify.design/fluent-color:add-circle-16.json:0
[     935ms] [ERROR] Failed to load resource: the server responded with a status of 404 () @ https://api.iconify.design/fluent-color:checkmark-circle-16.json:0
[     935ms] [ERROR] Failed to load resource: the server responded with a status of 404 () @ https://api.iconify.design/fluent-color:alert-16.json:0
[     954ms] [LOG] %c🔄 UpdateService: Inicializando servicio de actualizaciones color: blue; font-weight: bold; @ http://localhost:4300/chunk-WEIOKMZ7.js:10
[     954ms] [LOG] %c🔄 UpdateService: ❌ Service Worker NO habilitado color: red; font-weight: bold; @ http://localhost:4300/chunk-WEIOKMZ7.js:22
[     979ms] [LOG] %c🚀 [App] ¡Aplicación iniciada! Soy más ligero y rápido que nunca. color: #673AB7; font-style: italic; @ http://localhost:4300/chunk-HED6L54Z.js:59
[    1009ms] [LOG] Angular is running in development mode. @ http://localhost:4300/@fs/D:/repos/luxuryapp-api/client/angular/.angular/cache/22.0.5/luxury-app/vite/deps/chunk-DBUQFU5K.js?v=3990ee8e:11608
[    1077ms] [LOG] %c🔐 [SecurityService] Servicio de seguridad inicializado. color: #3F51B5; font-style: italic; @ http://localhost:4300/chunk-HED6L54Z.js:59
[    1115ms] [LOG] %c [Login] Iniciando.. color: #607D8B; font-style: italic; @ http://localhost:4300/chunk-HED6L54Z.js:59
[    1115ms] [LOG] %c [Login] Usando / como redireccion por defecto. color: #607D8B; font-style: italic; @ http://localhost:4300/chunk-HED6L54Z.js:59
[    1116ms] [LOG] %c [Login] URL final de redireccion: / color: #2196F3; font-style: italic; @ http://localhost:4300/chunk-HED6L54Z.js:59
[    1116ms] [LOG] %c🚪 [SecurityService] Limpiando datos de autenticación... color: #F44336; font-style: italic; @ http://localhost:4300/chunk-HED6L54Z.js:59
[    1116ms] [LOG] %c🗑️ [StorageService] Eliminando clave: 'userAuthData' color: #F44336; font-style: italic; @ http://localhost:4300/chunk-HED6L54Z.js:59
[    1116ms] [LOG] %c✅ [StorageService] Clave 'userAuthData' eliminada. color: #9E9E9E; font-style: italic; @ http://localhost:4300/chunk-HED6L54Z.js:59
[    1116ms] [LOG] %c🗑️ [StorageService] Eliminando clave: 'accessToken' color: #F44336; font-style: italic; @ http://localhost:4300/chunk-HED6L54Z.js:59
[    1116ms] [LOG] %c✅ [StorageService] Clave 'accessToken' eliminada. color: #9E9E9E; font-style: italic; @ http://localhost:4300/chunk-HED6L54Z.js:59
[    1117ms] [LOG] %c🧹 [SecurityService] Datos de sesión eliminados: userAuthData y accessToken. color: #9E9E9E; font-style: italic; @ http://localhost:4300/chunk-HED6L54Z.js:59
[    1117ms] [LOG] %c [Login] Datos de sesion previa eliminados. color: #9E9E9E; font-style: italic; @ http://localhost:4300/chunk-HED6L54Z.js:59
[    1117ms] [LOG] %c🚪 [SecurityService] Limpiando datos de autenticación... color: #F44336; font-style: italic; @ http://localhost:4300/chunk-HED6L54Z.js:59
[    1117ms] [LOG] %c🗑️ [StorageService] Eliminando clave: 'userAuthData' color: #F44336; font-style: italic; @ http://localhost:4300/chunk-HED6L54Z.js:59
[    1117ms] [LOG] %c✅ [StorageService] Clave 'userAuthData' eliminada. color: #9E9E9E; font-style: italic; @ http://localhost:4300/chunk-HED6L54Z.js:59
[    1118ms] [LOG] %c🗑️ [StorageService] Eliminando clave: 'accessToken' color: #F44336; font-style: italic; @ http://localhost:4300/chunk-HED6L54Z.js:59
[    1118ms] [LOG] %c✅ [StorageService] Clave 'accessToken' eliminada. color: #9E9E9E; font-style: italic; @ http://localhost:4300/chunk-HED6L54Z.js:59
[    1118ms] [LOG] %c🧹 [SecurityService] Datos de sesión eliminados: userAuthData y accessToken. color: #9E9E9E; font-style: italic; @ http://localhost:4300/chunk-HED6L54Z.js:59
[    1243ms] [WARNING] NG0913: An image with src http://localhost:4300/assets/images/login/LBG-blanco.png has intrinsic file dimensions much larger than its rendered size. This can negatively impact application loading performance. For more information about addressing or disabling this warning, see https://v22.angular.dev/errors/NG0913. Find more at https://v22.angular.dev/errors/NG0913 @ http://localhost:4300/@fs/D:/repos/luxuryapp-api/client/angular/.angular/cache/22.0.5/luxury-app/vite/deps/chunk-DBUQFU5K.js?v=3990ee8e:21883
[    1244ms] [WARNING] NG0913: An image with src http://localhost:4300/assets/images/login/LBG-blanco.png has intrinsic file dimensions much larger than its rendered size. This can negatively impact application loading performance. For more information about addressing or disabling this warning, see https://v22.angular.dev/errors/NG0913. Find more at https://v22.angular.dev/errors/NG0913 @ http://localhost:4300/@fs/D:/repos/luxuryapp-api/client/angular/.angular/cache/22.0.5/luxury-app/vite/deps/chunk-DBUQFU5K.js?v=3990ee8e:21883
[    1246ms] [VERBOSE] [DOM] Input elements should have autocomplete attributes (suggested: "current-password"): (More info: https://goo.gl/9p2vKq) %o @ http://localhost:4300/auth/login:0
[   51070ms] [LOG] %c [Login] Iniciando login... color: #03A9F4; font-style: italic; @ http://localhost:4300/chunk-HED6L54Z.js:59
[   51070ms] [LOG] %c [Login] Credenciales guardadas color: #FF9800; font-style: italic; @ http://localhost:4300/chunk-HED6L54Z.js:59
[   51071ms] [LOG] %c🛡️ [JwtInterceptorFn] Auth check completado. Interceptando ruta: color: #FF0000; font-style: italic; http://localhost:7070/api/auth/login @ http://localhost:4300/chunk-HED6L54Z.js:59
[   51071ms] [LOG] %c🔍 [StorageService] Recuperando valor para clave: 'customerId' color: #2196F3; font-style: italic; @ http://localhost:4300/chunk-HED6L54Z.js:59
[   51071ms] [LOG] %c🟡 [StorageService] No se encontró valor para clave 'customerId' o es undefined. color: #FF9800; font-style: italic; @ http://localhost:4300/chunk-HED6L54Z.js:59
[   51071ms] [LOG] %c🔍 [StorageService] Recuperando valor para clave: 'customerId' color: #2196F3; font-style: italic; @ http://localhost:4300/chunk-HED6L54Z.js:59
[   51071ms] [LOG] %c🟡 [StorageService] No se encontró valor para clave 'customerId' o es undefined. color: #FF9800; font-style: italic; @ http://localhost:4300/chunk-HED6L54Z.js:59
[   51072ms] [LOG] %c [JwtTrace] request color: #F44336; font-style: italic; {at: 2026-08-18T04:29:49.070Z, url: http://localhost:7070/api/auth/login, method: POST, appUserId: null, storageCustomerId: undefined} @ http://localhost:4300/chunk-HED6L54Z.js:59
[   51377ms] [LOG] 🚀 ~ AuthService ~ login ~ response: {success: true, message: Inicio de sesión exitoso., data: Object, errors: Array(0), totalCount: null} @ http://localhost:4300/chunk-QFW4TT2D.js:85
[   51378ms] [LOG] %c [AuthTrace] login.success color: #03A9F4; font-style: italic; {at: 2026-08-18T04:29:49.376Z, applicationUserId: 63f5fe75-4fbb-4328-a2dd-b7224778752e, tokenCustomerId: 019c6bee-028a-70e4-98ea-557b645a3ae0, roles: Array(1), customerAccessCount: 9} @ http://localhost:4300/chunk-HED6L54Z.js:59
[   51378ms] [LOG] %cLINK [SignalR] Construyendo conexion... color: blue; font-style: italic; @ http://localhost:4300/chunk-HED6L54Z.js:59
[   51379ms] [LOG] %cHEADSET [SignalR] Registrando listeners... color: cyan; font-style: italic; @ http://localhost:4300/chunk-HED6L54Z.js:59
[   51380ms] [LOG] %cLINK [SignalR] Iniciando conexion... color: blue; font-style: italic; @ http://localhost:4300/chunk-HED6L54Z.js:59
[   51381ms] [LOG] %c [Login] Inicializando estado del cliente... color: #3F51B5; font-style: italic; @ http://localhost:4300/chunk-HED6L54Z.js:59
[   51381ms] [LOG] %c🔍 [StorageService] Recuperando valor para clave: 'customerId' color: #2196F3; font-style: italic; @ http://localhost:4300/chunk-HED6L54Z.js:59
[   51382ms] [LOG] %c🟡 [StorageService] No se encontró valor para clave 'customerId' o es undefined. color: #FF9800; font-style: italic; @ http://localhost:4300/chunk-HED6L54Z.js:59
[   51382ms] [LOG] %c [CustomerTrace] initialize.start color: #FF9800; font-style: italic; {at: 2026-08-18T04:29:49.380Z, state: Object, storedCustomerId: undefined, tokenCustomerId: 019c6bee-028a-70e4-98ea-557b645a3ae0, customerAccess: Array(9)} @ http://localhost:4300/chunk-HED6L54Z.js:59
[   51382ms] [LOG] %c🔍 [StorageService] Recuperando valor para clave: 'customerId' color: #2196F3; font-style: italic; @ http://localhost:4300/chunk-HED6L54Z.js:59
[   51382ms] [LOG] %c🟡 [StorageService] No se encontró valor para clave 'customerId' o es undefined. color: #FF9800; font-style: italic; @ http://localhost:4300/chunk-HED6L54Z.js:59
[   51382ms] [LOG] %c🔍 [StorageService] Recuperando valor para clave: 'customerId' color: #2196F3; font-style: italic; @ http://localhost:4300/chunk-HED6L54Z.js:59
[   51383ms] [LOG] %c🟡 [StorageService] No se encontró valor para clave 'customerId' o es undefined. color: #FF9800; font-style: italic; @ http://localhost:4300/chunk-HED6L54Z.js:59
[   51383ms] [LOG] %c [CustomerTrace] initialize.selected-customer color: #FF9800; font-style: italic; {at: 2026-08-18T04:29:49.381Z, state: Object, storedCustomerId: undefined, selectedCustomerId: 019c6bee-028a-70e4-98ea-557b645a3ae0} @ http://localhost:4300/chunk-HED6L54Z.js:59
[   51383ms] [LOG] %c💾 [StorageService] Guardando clave: 'customerId' color: #FF9800; font-style: italic; {value: 019c6bee-028a-70e4-98ea-557b645a3ae0} @ http://localhost:4300/chunk-HED6L54Z.js:59
[   51383ms] [LOG] %c✅ [StorageService] Clave 'customerId' guardada exitosamente. color: #4CAF50; font-style: italic; @ http://localhost:4300/chunk-HED6L54Z.js:59
[   51383ms] [LOG] %c🔍 [StorageService] Recuperando valor para clave: 'customerId' color: #2196F3; font-style: italic; @ http://localhost:4300/chunk-HED6L54Z.js:59
[   51383ms] [LOG] %c [CustomerTrace] loadDataForCustomer.start color: #FF9800; font-style: italic; {at: 2026-08-18T04:29:49.382Z, state: Object, storedCustomerId: 019c6bee-028a-70e4-98ea-557b645a3ae0, customerId: 019c6bee-028a-70e4-98ea-557b645a3ae0} @ http://localhost:4300/chunk-HED6L54Z.js:59
[   51384ms] [LOG] %c🛡️ [JwtInterceptorFn] Auth check completado. Interceptando ruta: color: #FF0000; font-style: italic; http://localhost:7070/api/customers/019c6bee-028a-70e4-98ea-557b645a3ae0 @ http://localhost:4300/chunk-HED6L54Z.js:59
[   51384ms] [LOG] %c🔍 [StorageService] Recuperando valor para clave: 'customerId' color: #2196F3; font-style: italic; @ http://localhost:4300/chunk-HED6L54Z.js:59
[   51384ms] [LOG] %c🔍 [StorageService] Recuperando valor para clave: 'customerId' color: #2196F3; font-style: italic; @ http://localhost:4300/chunk-HED6L54Z.js:59
[   51384ms] [LOG] %c [JwtTrace] request color: #F44336; font-style: italic; {at: 2026-08-18T04:29:49.383Z, url: http://localhost:7070/api/customers/019c6bee-028a-70e4-98ea-557b645a3ae0, method: GET, appUserId: 63f5fe75-4fbb-4328-a2dd-b7224778752e, storageCustomerId: 019c6bee-028a-70e4-98ea-557b645a3ae0} @ http://localhost:4300/chunk-HED6L54Z.js:59
[   51397ms] [LOG] %c🔍 [StorageService] Recuperando valor para clave: 'customerId' color: #2196F3; font-style: italic; @ http://localhost:4300/chunk-HED6L54Z.js:59
[   51397ms] [LOG] %c [CustomerTrace] loadDataForCustomer.response color: #FF9800; font-style: italic; {at: 2026-08-18T04:29:49.395Z, state: Object, storedCustomerId: 019c6bee-028a-70e4-98ea-557b645a3ae0, customerId: 019c6bee-028a-70e4-98ea-557b645a3ae0, success: true} @ http://localhost:4300/chunk-HED6L54Z.js:59
[   51397ms] [LOG] %c🔍 [StorageService] Recuperando valor para clave: 'customerId' color: #2196F3; font-style: italic; @ http://localhost:4300/chunk-HED6L54Z.js:59
[   51397ms] [LOG] %c [CustomerTrace] loadDataForCustomer.ready color: #FF9800; font-style: italic; {at: 2026-08-18T04:29:49.395Z, state: Object, storedCustomerId: 019c6bee-028a-70e4-98ea-557b645a3ae0, customerId: 019c6bee-028a-70e4-98ea-557b645a3ae0} @ http://localhost:4300/chunk-HED6L54Z.js:59
[   51397ms] [LOG] %c [Login] Login y carga de cliente OK. color: #4CAF50; font-style: italic; @ http://localhost:4300/chunk-HED6L54Z.js:59
[   51397ms] [LOG] %c [Login] Redirigiendo a: /. color: #2196F3; font-style: italic; @ http://localhost:4300/chunk-HED6L54Z.js:59
[   51398ms] [LOG] %c [Login] Spinner finalizo. color: #9E9E9E; font-style: italic; @ http://localhost:4300/chunk-HED6L54Z.js:59
[   51402ms] [INFO] [2026-08-18T04:29:49.400Z] Information: WebSocket connected to ws://localhost:7070/ws/notificationHub?id=xBhRQSjgYrhBoxpaoo4_Rw&access_token=eyJhbGciOiJIUzI1NiIsInR5cCI6IkpXVCJ9.eyJzdWIiOiI2M2Y1ZmU3NS00ZmJiLTQzMjgtYTJkZC1iNzIyNDc3ODc1MmUiLCJqdGkiOiIwMWEwMTMyMS1mYjg3LTc0MjYtYTY0ZS01MmQwZmE3OTNkZjYiLCJpYXQiOjE3ODcwMjczODksIm5hbWUiOiJBZG1pbmlzdHJhZG9yIExCRyIsImVtYWlsIjoiaW5mb0BsdXh1cnlidWlsZGluZy5jb20ubXgiLCJ1c2VybmFtZSI6ImFkbWluIiwiY3VzdG9tZXJJZCI6IjAxOWM2YmVlLTAyOGEtNzBlNC05OGVhLTU1N2I2NDVhM2FlMCIsImN1c3RvbWVyTmFtZSI6IkxVWFVSWSBCVUlMRElORyBHUk9VUCBTQSBERSBDViIsImZpcnN0TmFtZSI6IkFkbWluaXN0cmFkb3IiLCJsYXN0TmFtZSI6IkxCRyIsInBob25lIjoiKDU1KSAwMDAwLSAwMDAwIiwicGhvdG9QYXRoIjoiaHR0cDovL2xvY2FsaG9zdDo3MDcwL2FwaS9maWxlcy9kb3dubG9hZD9maWxlUGF0aD1wdWJsaWMlMmZBZG1pbmlzdHJhdGlvbiUyZmFjY291bnRzJTJmMDE5ZmE0NjUtMTkyMC03NzcyLWE5NDgtNzZhMDFlOGFiNzZjLnBuZyIsInBvc2l0aW9uIjoiRW1wbGVhZG8iLCJodHRwOi8vc2NoZW1hcy5taWNyb3NvZnQuY29tL3dzLzIwMDgvMDYvaWRlbnRpdHkvY2xhaW1zL3JvbGUiOiJTdXBlclVzdWFyaW8iLCJyb2xlSWQiOiI2OTlkN2NjMS1kMTQzLTQ5ODUtYjU1YS1kMDMwODY0YzY5M2UiLCJleHAiOjE3ODcwMzA5ODksImlzcyI6Imh0dHBzOi8vbG9jYWxob3N0OjcwNjkiLCJhdWQiOiJodHRwczovL2xvY2FsaG9zdDo0MjAwIn0.FdshkHyCRhBopLQ9xBSDCMIVnf01g3XiC9DpWjQpXFc. @ http://localhost:4300/@fs/D:/repos/luxuryapp-api/client/angular/.angular/cache/22.0.5/luxury-app/vite/deps/@microsoft_signalr.js?v=3990ee8e:299
[   51402ms] [INFO] [2026-08-18T04:29:49.401Z] Information: Using HubProtocol 'json'. @ http://localhost:4300/@fs/D:/repos/luxuryapp-api/client/angular/.angular/cache/22.0.5/luxury-app/vite/deps/@microsoft_signalr.js?v=3990ee8e:299
[   51405ms] [LOG] %cLINK [SignalR] Conexion iniciada con exito. color: green; font-style: italic; @ http://localhost:4300/chunk-HED6L54Z.js:59
[   51405ms] [LOG] %cSTATE [SignalR] connectionId = 'LKLYsk_Q1BRR9PR2YEk0Fw' color: green; font-style: italic; @ http://localhost:4300/chunk-HED6L54Z.js:59
[   51405ms] [LOG] %cUSER [SignalR] Evento ConnectedUser recibido: color: blue; font-style: italic; Bienvenido 63f5fe75-4fbb-4328-a2dd-b7224778752e @ http://localhost:4300/chunk-HED6L54Z.js:59
[   51927ms] [LOG] %c🎉 [LayoutEmployee] ¡Layout de empleado cargado! Despertando a los gigantes (SignalR, OneSignal...) color: #2196F3; font-style: italic; @ http://localhost:4300/chunk-HED6L54Z.js:59
[   51927ms] [LOG] %cLINK [SignalR] Construyendo conexion... color: blue; font-style: italic; @ http://localhost:4300/chunk-HED6L54Z.js:59
[   51927ms] [LOG] %cHEADSET [SignalR] Registrando listeners... color: cyan; font-style: italic; @ http://localhost:4300/chunk-HED6L54Z.js:59
[   51928ms] [LOG] %cLINK [SignalR] Iniciando conexion... color: blue; font-style: italic; @ http://localhost:4300/chunk-HED6L54Z.js:59
[   51928ms] [LOG] %cℹ️ [LayoutEmployee] Usuario 63f5fe75-4fbb-4328-a2dd-b7224778752e autenticado. Iniciando OneSignal... color: dodgerblue;font-style: italic @ http://localhost:4300/chunk-HED6L54Z.js:72
[   51928ms] [LOG] %cskip [OneSignal] Omitido en origen no permitido: http://localhost:4300. Permitidos: https://luxurybuildingapp.com, http://localhost:4200 color: gray; font-style: italic; @ http://localhost:4300/chunk-HED6L54Z.js:59
[   51948ms] [LOG] %c🛡️ [JwtInterceptorFn] Auth check completado. Interceptando ruta: color: #FF0000; font-style: italic; http://localhost:7070/api/dashboard/global-pending-items/019c6bee-028a-70e4-98ea-557b645a3ae0 @ http://localhost:4300/chunk-HED6L54Z.js:59
[   51949ms] [LOG] %c🔍 [StorageService] Recuperando valor para clave: 'customerId' color: #2196F3; font-style: italic; @ http://localhost:4300/chunk-HED6L54Z.js:59
[   51950ms] [LOG] %c🔍 [StorageService] Recuperando valor para clave: 'customerId' color: #2196F3; font-style: italic; @ http://localhost:4300/chunk-HED6L54Z.js:59
[   51950ms] [LOG] %c [JwtTrace] request color: #F44336; font-style: italic; {at: 2026-08-18T04:29:49.948Z, url: http://localhost:7070/api/dashboard/global-pending-items/019c6bee-028a-70e4-98ea-557b645a3ae0, method: GET, appUserId: 63f5fe75-4fbb-4328-a2dd-b7224778752e, storageCustomerId: 019c6bee-028a-70e4-98ea-557b645a3ae0} @ http://localhost:4300/chunk-HED6L54Z.js:59
[   51952ms] [LOG] %c🛡️ [JwtInterceptorFn] Auth check completado. Interceptando ruta: color: #FF0000; font-style: italic; http://localhost:7070/api/dashboard/global-pending-items/019c6bee-028a-70e4-98ea-557b645a3ae0 @ http://localhost:4300/chunk-HED6L54Z.js:59
[   51953ms] [LOG] %c🔍 [StorageService] Recuperando valor para clave: 'customerId' color: #2196F3; font-style: italic; @ http://localhost:4300/chunk-HED6L54Z.js:59
[   51953ms] [LOG] %c🔍 [StorageService] Recuperando valor para clave: 'customerId' color: #2196F3; font-style: italic; @ http://localhost:4300/chunk-HED6L54Z.js:59
[   51954ms] [LOG] %c [JwtTrace] request color: #F44336; font-style: italic; {at: 2026-08-18T04:29:49.952Z, url: http://localhost:7070/api/dashboard/global-pending-items/019c6bee-028a-70e4-98ea-557b645a3ae0, method: GET, appUserId: 63f5fe75-4fbb-4328-a2dd-b7224778752e, storageCustomerId: 019c6bee-028a-70e4-98ea-557b645a3ae0} @ http://localhost:4300/chunk-HED6L54Z.js:59
[   52089ms] [LOG] %c🛡️ [JwtInterceptorFn] Auth check completado. Interceptando ruta: color: #FF0000; font-style: italic; http://localhost:7070/api/notifications @ http://localhost:4300/chunk-HED6L54Z.js:59
[   52090ms] [LOG] %c🔍 [StorageService] Recuperando valor para clave: 'customerId' color: #2196F3; font-style: italic; @ http://localhost:4300/chunk-HED6L54Z.js:59
[   52090ms] [LOG] %c🔍 [StorageService] Recuperando valor para clave: 'customerId' color: #2196F3; font-style: italic; @ http://localhost:4300/chunk-HED6L54Z.js:59
[   52091ms] [LOG] %c [JwtTrace] request color: #F44336; font-style: italic; {at: 2026-08-18T04:29:50.089Z, url: http://localhost:7070/api/notifications, method: GET, appUserId: 63f5fe75-4fbb-4328-a2dd-b7224778752e, storageCustomerId: 019c6bee-028a-70e4-98ea-557b645a3ae0} @ http://localhost:4300/chunk-HED6L54Z.js:59
[   52093ms] [LOG] %c🛡️ [JwtInterceptorFn] Auth check completado. Interceptando ruta: color: #FF0000; font-style: italic; http://localhost:7070/api/notifications/unread-count @ http://localhost:4300/chunk-HED6L54Z.js:59
[   52094ms] [LOG] %c🔍 [StorageService] Recuperando valor para clave: 'customerId' color: #2196F3; font-style: italic; @ http://localhost:4300/chunk-HED6L54Z.js:59
[   52095ms] [LOG] %c🔍 [StorageService] Recuperando valor para clave: 'customerId' color: #2196F3; font-style: italic; @ http://localhost:4300/chunk-HED6L54Z.js:59
[   52095ms] [LOG] %c [JwtTrace] request color: #F44336; font-style: italic; {at: 2026-08-18T04:29:50.093Z, url: http://localhost:7070/api/notifications/unread-count, method: GET, appUserId: 63f5fe75-4fbb-4328-a2dd-b7224778752e, storageCustomerId: 019c6bee-028a-70e4-98ea-557b645a3ae0} @ http://localhost:4300/chunk-HED6L54Z.js:59
[   52122ms] [LOG] %c [MenuTrace] effect.tick color: #9C27B0; font-style: italic; {at: 2026-08-18T04:29:50.120Z, customerId: 019c6bee-028a-70e4-98ea-557b645a3ae0, customerReady: true, applicationUserId: 63f5fe75-4fbb-4328-a2dd-b7224778752e, lastCustomerId: null} @ http://localhost:4300/chunk-HED6L54Z.js:59
[   52122ms] [LOG] %c [MenuService] Customer data and session are ready. Loading menu... color: green; font-style: italic; @ http://localhost:4300/chunk-HED6L54Z.js:59
[   52123ms] [LOG] %c [MenuTrace] triggerMenuLoad.start color: #9C27B0; font-style: italic; {at: 2026-08-18T04:29:50.121Z, customerId: 019c6bee-028a-70e4-98ea-557b645a3ae0, customerReady: true, applicationUserId: 63f5fe75-4fbb-4328-a2dd-b7224778752e, lastCustomerId: null} @ http://localhost:4300/chunk-HED6L54Z.js:59
[   52124ms] [LOG] %c🛡️ [JwtInterceptorFn] Auth check completado. Interceptando ruta: color: #FF0000; font-style: italic; http://localhost:7070/api/menu-items/019c6bee-028a-70e4-98ea-557b645a3ae0 @ http://localhost:4300/chunk-HED6L54Z.js:59
[   52125ms] [LOG] %c🔍 [StorageService] Recuperando valor para clave: 'customerId' color: #2196F3; font-style: italic; @ http://localhost:4300/chunk-HED6L54Z.js:59
[   52126ms] [LOG] %c🔍 [StorageService] Recuperando valor para clave: 'customerId' color: #2196F3; font-style: italic; @ http://localhost:4300/chunk-HED6L54Z.js:59
[   52127ms] [LOG] %c [JwtTrace] request color: #F44336; font-style: italic; {at: 2026-08-18T04:29:50.124Z, url: http://localhost:7070/api/menu-items/019c6bee-028a-70e4-98ea-557b645a3ae0, method: GET, appUserId: 63f5fe75-4fbb-4328-a2dd-b7224778752e, storageCustomerId: 019c6bee-028a-70e4-98ea-557b645a3ae0} @ http://localhost:4300/chunk-HED6L54Z.js:59
[   52184ms] [ERROR] Failed to load resource: the server responded with a status of 404 (Not Found) @ http://localhost:7070/api/files/download?filePath=public%2fAdministration%2faccounts%2f019fa465-1920-7772-a948-76a01e8ab76c.png:0
[   52233ms] [LOG] %c [API SUCCESS]: GET NoLoading: notifications/unread-count color: gray; font-style: italic; 0 @ http://localhost:4300/chunk-HED6L54Z.js:59
[   52249ms] [INFO] [2026-08-18T04:29:50.247Z] Information: WebSocket connected to ws://localhost:7070/ws/notificationHub?id=_4VjaZq89oXe9faZk8T84w&access_token=eyJhbGciOiJIUzI1NiIsInR5cCI6IkpXVCJ9.eyJzdWIiOiI2M2Y1ZmU3NS00ZmJiLTQzMjgtYTJkZC1iNzIyNDc3ODc1MmUiLCJqdGkiOiIwMWEwMTMyMS1mYjg3LTc0MjYtYTY0ZS01MmQwZmE3OTNkZjYiLCJpYXQiOjE3ODcwMjczODksIm5hbWUiOiJBZG1pbmlzdHJhZG9yIExCRyIsImVtYWlsIjoiaW5mb0BsdXh1cnlidWlsZGluZy5jb20ubXgiLCJ1c2VybmFtZSI6ImFkbWluIiwiY3VzdG9tZXJJZCI6IjAxOWM2YmVlLTAyOGEtNzBlNC05OGVhLTU1N2I2NDVhM2FlMCIsImN1c3RvbWVyTmFtZSI6IkxVWFVSWSBCVUlMRElORyBHUk9VUCBTQSBERSBDViIsImZpcnN0TmFtZSI6IkFkbWluaXN0cmFkb3IiLCJsYXN0TmFtZSI6IkxCRyIsInBob25lIjoiKDU1KSAwMDAwLSAwMDAwIiwicGhvdG9QYXRoIjoiaHR0cDovL2xvY2FsaG9zdDo3MDcwL2FwaS9maWxlcy9kb3dubG9hZD9maWxlUGF0aD1wdWJsaWMlMmZBZG1pbmlzdHJhdGlvbiUyZmFjY291bnRzJTJmMDE5ZmE0NjUtMTkyMC03NzcyLWE5NDgtNzZhMDFlOGFiNzZjLnBuZyIsInBvc2l0aW9uIjoiRW1wbGVhZG8iLCJodHRwOi8vc2NoZW1hcy5taWNyb3NvZnQuY29tL3dzLzIwMDgvMDYvaWRlbnRpdHkvY2xhaW1zL3JvbGUiOiJTdXBlclVzdWFyaW8iLCJyb2xlSWQiOiI2OTlkN2NjMS1kMTQzLTQ5ODUtYjU1YS1kMDMwODY0YzY5M2UiLCJleHAiOjE3ODcwMzA5ODksImlzcyI6Imh0dHBzOi8vbG9jYWxob3N0OjcwNjkiLCJhdWQiOiJodHRwczovL2xvY2FsaG9zdDo0MjAwIn0.FdshkHyCRhBopLQ9xBSDCMIVnf01g3XiC9DpWjQpXFc. @ http://localhost:4300/@fs/D:/repos/luxuryapp-api/client/angular/.angular/cache/22.0.5/luxury-app/vite/deps/@microsoft_signalr.js?v=3990ee8e:299
[   52249ms] [INFO] [2026-08-18T04:29:50.247Z] Information: Using HubProtocol 'json'. @ http://localhost:4300/@fs/D:/repos/luxuryapp-api/client/angular/.angular/cache/22.0.5/luxury-app/vite/deps/@microsoft_signalr.js?v=3990ee8e:299
[   52252ms] [LOG] %cLINK [SignalR] Conexion iniciada con exito. color: green; font-style: italic; @ http://localhost:4300/chunk-HED6L54Z.js:59
[   52252ms] [LOG] %cSTATE [SignalR] connectionId = '3QzEcXWqY2ANxo5k_QrBfA' color: green; font-style: italic; @ http://localhost:4300/chunk-HED6L54Z.js:59
[   52253ms] [LOG] %cUSER [SignalR] Evento ConnectedUser recibido: color: blue; font-style: italic; Bienvenido 63f5fe75-4fbb-4328-a2dd-b7224778752e @ http://localhost:4300/chunk-HED6L54Z.js:59
[   52258ms] [LOG] %c [API SUCCESS]: GET LIST: menu-items/019c6bee-028a-70e4-98ea-557b645a3ae0 color: teal; font-style: italic; [Object, Object, Object, Object, Object, Object, Object, Object, Object, Object, Object, Object, Object, Object, Object, Object, Object, Object, Object, Object, Object, Object, Object, Object] @ http://localhost:4300/chunk-HED6L54Z.js:59
[   52259ms] [LOG] %c [MenuTrace] fetchMenuItemsFromApi.success color: #9C27B0; font-style: italic; {at: 2026-08-18T04:29:50.257Z, customerId: 019c6bee-028a-70e4-98ea-557b645a3ae0, customerReady: true, applicationUserId: 63f5fe75-4fbb-4328-a2dd-b7224778752e, lastCustomerId: 019c6bee-028a-70e4-98ea-557b645a3ae0} @ http://localhost:4300/chunk-HED6L54Z.js:59
[   52259ms] [LOG] %c [MenuTrace] triggerMenuLoad.response color: #9C27B0; font-style: italic; {at: 2026-08-18T04:29:50.258Z, customerId: 019c6bee-028a-70e4-98ea-557b645a3ae0, customerReady: true, applicationUserId: 63f5fe75-4fbb-4328-a2dd-b7224778752e, lastCustomerId: 019c6bee-028a-70e4-98ea-557b645a3ae0} @ http://localhost:4300/chunk-HED6L54Z.js:59
[   52415ms] [LOG] %c [API SUCCESS]: GET NoLoading: notifications color: gray; font-style: italic; [] @ http://localhost:4300/chunk-HED6L54Z.js:59
[   52458ms] [LOG] %c [API SUCCESS]: GET LIST: dashboard/global-pending-items/019c6bee-028a-70e4-98ea-557b645a3ae0 color: teal; font-style: italic; [Object, Object, Object, Object, Object, Object, Object, Object, Object, Object, Object, Object, Object, Object, Object, Object, Object, Object] @ http://localhost:4300/chunk-HED6L54Z.js:59
[   52568ms] [WARNING] NG0955: The provided track expression resulted in duplicated keys for a given collection. Adjust the tracking expression such that it uniquely identifies all the items in the collection. Duplicated keys were: 
key "019e27d3-1ab8-7aee-970a-e6011f1c0455" at index "1" and "2", 
key "019e280e-80b1-783b-bb5f-04551d438e7f" at index "3" and "4", 
key "019f8fea-7302-7a86-b665-59ecc959794e" at index "6" and "7". Find more at https://v22.angular.dev/errors/NG0955 @ http://localhost:4300/@fs/D:/repos/luxuryapp-api/client/angular/.angular/cache/22.0.5/luxury-app/vite/deps/chunk-DBUQFU5K.js?v=3990ee8e:14480
[   52572ms] [LOG] %c [API SUCCESS]: GET LIST: dashboard/global-pending-items/019c6bee-028a-70e4-98ea-557b645a3ae0 color: teal; font-style: italic; [Object, Object, Object, Object, Object, Object, Object, Object, Object, Object, Object, Object, Object, Object, Object, Object, Object, Object] @ http://localhost:4300/chunk-HED6L54Z.js:59
