[     365ms] [LOG] %c📦 [StorageService] Inicializando servicio de almacenamiento local... color: #3F51B5; font-style: italic; @ http://localhost:4200/chunk-CZQ6KSQW.js:59
[     367ms] [LOG] %c [AuthService] Verificando ruta inicial: /directory/employee-interviewer-queue | Es publica: false color: #9C27B0; font-style: italic; @ http://localhost:4200/chunk-CZQ6KSQW.js:59
[     367ms] [LOG] %c [AuthService] Ruta no publica. Intentando login silencioso... color: #009688; font-style: italic; @ http://localhost:4200/chunk-CZQ6KSQW.js:59
[     369ms] [LOG] %c🚀 [Initializer] Starting application state initialization... color: purple; font-style: italic; @ http://localhost:4200/chunk-CZQ6KSQW.js:59
[     563ms] [ERROR] Failed to load resource: the server responded with a status of 404 () @ https://api.iconify.design/fluent-color:alert-16.json:0
[     563ms] [ERROR] Failed to load resource: the server responded with a status of 404 () @ https://api.iconify.design/fluent-color:document-16.json:0
[     564ms] [ERROR] Failed to load resource: the server responded with a status of 404 () @ https://api.iconify.design/fluent-color:mail-16.json:0
[     564ms] [ERROR] Failed to load resource: the server responded with a status of 404 () @ https://api.iconify.design/fluent-color:alert-24.json:0
[     564ms] [ERROR] Failed to load resource: the server responded with a status of 404 () @ https://api.iconify.design/fluent-color:lock-closed-16.json:0
[     565ms] [ERROR] Failed to load resource: the server responded with a status of 404 () @ https://api.iconify.design/fluent-color:checkmark-circle-16.json:0
[     565ms] [ERROR] Failed to load resource: the server responded with a status of 404 () @ https://api.iconify.design/fluent-color:add-circle-16.json:0
[     565ms] [ERROR] Failed to load resource: the server responded with a status of 404 () @ https://api.iconify.design/fluent:lock-open-16-regular.json:0
[    1033ms] [LOG] %c [AuthService] Token renovado. Actualizando sesion en memoria. color: color: #4CAF50; font-style: italic;; font-style: italic; @ http://localhost:4200/chunk-CZQ6KSQW.js:59
[    1034ms] [LOG] %c [AuthTrace] refresh.success.before-set color: #03A9F4; font-style: italic; {at: 2026-08-17T04:43:54.011Z, applicationUserId: 63f5fe75-4fbb-4328-a2dd-b7224778752e, tokenCustomerId: 019c6bee-028a-70e4-98ea-557b645a3ae0, roles: Array(1), customerAccessCount: 9} @ http://localhost:4200/chunk-CZQ6KSQW.js:59
[    1034ms] [LOG] %c [AuthTrace] refresh.success.after-set color: #03A9F4; font-style: italic; {at: 2026-08-17T04:43:54.011Z, applicationUserId: 63f5fe75-4fbb-4328-a2dd-b7224778752e, tokenCustomerId: 019c6bee-028a-70e4-98ea-557b645a3ae0, roles: Array(1), customerAccessCount: 9} @ http://localhost:4200/chunk-CZQ6KSQW.js:59
[    1034ms] [LOG] %cLINK [SignalR] Construyendo conexion... color: blue; font-style: italic; @ http://localhost:4200/chunk-CZQ6KSQW.js:59
[    1035ms] [LOG] %cHEADSET [SignalR] Registrando listeners... color: cyan; font-style: italic; @ http://localhost:4200/chunk-CZQ6KSQW.js:59
[    1035ms] [LOG] %cLINK [SignalR] Iniciando conexion... color: blue; font-style: italic; @ http://localhost:4200/chunk-CZQ6KSQW.js:59
[    1036ms] [LOG] %c [AuthTrace] trySilentLogin.finalize color: #8BC34A; font-style: italic; {at: 2026-08-17T04:43:54.014Z, isAuthenticated: true} @ http://localhost:4200/chunk-CZQ6KSQW.js:59
[    1037ms] [LOG] %c🏢 [Initializer] User session found. Initializing customer state... color: #3F51B5; font-style: italic; @ http://localhost:4200/chunk-CZQ6KSQW.js:59
[    1038ms] [LOG] %c🔍 [StorageService] Recuperando valor para clave: 'customerId' color: #2196F3; font-style: italic; @ http://localhost:4200/chunk-CZQ6KSQW.js:59
[    1039ms] [LOG] %c [CustomerTrace] initialize.start color: #FF9800; font-style: italic; {at: 2026-08-17T04:43:54.015Z, state: Object, storedCustomerId: 019c6bee-028a-70e4-98ea-557b645a3ae0, tokenCustomerId: 019c6bee-028a-70e4-98ea-557b645a3ae0, customerAccess: Array(9)} @ http://localhost:4200/chunk-CZQ6KSQW.js:59
[    1040ms] [LOG] %c🔍 [StorageService] Recuperando valor para clave: 'customerId' color: #2196F3; font-style: italic; @ http://localhost:4200/chunk-CZQ6KSQW.js:59
[    1040ms] [LOG] %c🔍 [StorageService] Recuperando valor para clave: 'customerId' color: #2196F3; font-style: italic; @ http://localhost:4200/chunk-CZQ6KSQW.js:59
[    1040ms] [LOG] %c [CustomerTrace] initialize.selected-customer color: #FF9800; font-style: italic; {at: 2026-08-17T04:43:54.017Z, state: Object, storedCustomerId: 019c6bee-028a-70e4-98ea-557b645a3ae0, selectedCustomerId: 019c6bee-028a-70e4-98ea-557b645a3ae0} @ http://localhost:4200/chunk-CZQ6KSQW.js:59
[    1041ms] [LOG] %c💾 [StorageService] Guardando clave: 'customerId' color: #FF9800; font-style: italic; {value: 019c6bee-028a-70e4-98ea-557b645a3ae0} @ http://localhost:4200/chunk-CZQ6KSQW.js:59
[    1042ms] [LOG] %c✅ [StorageService] Clave 'customerId' guardada exitosamente. color: #4CAF50; font-style: italic; @ http://localhost:4200/chunk-CZQ6KSQW.js:59
[    1042ms] [LOG] %c🔍 [StorageService] Recuperando valor para clave: 'customerId' color: #2196F3; font-style: italic; @ http://localhost:4200/chunk-CZQ6KSQW.js:59
[    1042ms] [LOG] %c [CustomerTrace] loadDataForCustomer.start color: #FF9800; font-style: italic; {at: 2026-08-17T04:43:54.019Z, state: Object, storedCustomerId: 019c6bee-028a-70e4-98ea-557b645a3ae0, customerId: 019c6bee-028a-70e4-98ea-557b645a3ae0} @ http://localhost:4200/chunk-CZQ6KSQW.js:59
[    1044ms] [LOG] %c🛡️ [JwtInterceptorFn] Auth check completado. Interceptando ruta: color: #FF0000; font-style: italic; http://localhost:7070/api/customers/019c6bee-028a-70e4-98ea-557b645a3ae0 @ http://localhost:4200/chunk-CZQ6KSQW.js:59
[    1045ms] [LOG] %c🔍 [StorageService] Recuperando valor para clave: 'customerId' color: #2196F3; font-style: italic; @ http://localhost:4200/chunk-CZQ6KSQW.js:59
[    1045ms] [LOG] %c🔍 [StorageService] Recuperando valor para clave: 'customerId' color: #2196F3; font-style: italic; @ http://localhost:4200/chunk-CZQ6KSQW.js:59
[    1046ms] [LOG] %c [JwtTrace] request color: #F44336; font-style: italic; {at: 2026-08-17T04:43:54.023Z, url: http://localhost:7070/api/customers/019c6bee-028a-70e4-98ea-557b645a3ae0, method: GET, appUserId: 63f5fe75-4fbb-4328-a2dd-b7224778752e, storageCustomerId: 019c6bee-028a-70e4-98ea-557b645a3ae0} @ http://localhost:4200/chunk-CZQ6KSQW.js:59
[    1067ms] [INFO] [2026-08-17T04:43:54.045Z] Information: WebSocket connected to ws://localhost:7070/ws/notificationHub?id=8ViP9mYqYgTDmZktdF-7EA&access_token=eyJhbGciOiJIUzI1NiIsInR5cCI6IkpXVCJ9.eyJzdWIiOiI2M2Y1ZmU3NS00ZmJiLTQzMjgtYTJkZC1iNzIyNDc3ODc1MmUiLCJqdGkiOiIwMWEwMGUwOC04MmVkLTdlYTEtYjk3Mi1iMzJmODA1MzhmMDkiLCJpYXQiOjE3ODY5NDE4MzMsIm5hbWUiOiJBZG1pbmlzdHJhZG9yIExCRyIsImVtYWlsIjoiaW5mb0BsdXh1cnlidWlsZGluZy5jb20ubXgiLCJ1c2VybmFtZSI6ImFkbWluIiwiY3VzdG9tZXJJZCI6IjAxOWM2YmVlLTAyOGEtNzBlNC05OGVhLTU1N2I2NDVhM2FlMCIsImN1c3RvbWVyTmFtZSI6IkxVWFVSWSBCVUlMRElORyBHUk9VUCBTQSBERSBDViIsImZpcnN0TmFtZSI6IkFkbWluaXN0cmFkb3IiLCJsYXN0TmFtZSI6IkxCRyIsInBob25lIjoiKDU1KSAwMDAwLSAwMDAwIiwicGhvdG9QYXRoIjoiaHR0cDovL2xvY2FsaG9zdDo3MDcwL2FwaS9maWxlcy9kb3dubG9hZD9maWxlUGF0aD1wdWJsaWMlMmZBZG1pbmlzdHJhdGlvbiUyZmFjY291bnRzJTJmMDE5ZmE0NjUtMTkyMC03NzcyLWE5NDgtNzZhMDFlOGFiNzZjLnBuZyIsInBvc2l0aW9uIjoiRW1wbGVhZG8iLCJodHRwOi8vc2NoZW1hcy5taWNyb3NvZnQuY29tL3dzLzIwMDgvMDYvaWRlbnRpdHkvY2xhaW1zL3JvbGUiOiJTdXBlclVzdWFyaW8iLCJyb2xlSWQiOiI2OTlkN2NjMS1kMTQzLTQ5ODUtYjU1YS1kMDMwODY0YzY5M2UiLCJleHAiOjE3ODY5NDU0MzMsImlzcyI6Imh0dHBzOi8vbG9jYWxob3N0OjcwNjkiLCJhdWQiOiJodHRwczovL2xvY2FsaG9zdDo0MjAwIn0.ZjovBVOBXyRnetWuJcsPm6MVT5wrDqeqNnZW-ANroNs. @ http://localhost:4200/@fs/D:/repos/luxuryapp-api/client/angular/.angular/cache/22.0.5/luxury-app/vite/deps/@microsoft_signalr.js?v=3990ee8e:299
[    1068ms] [INFO] [2026-08-17T04:43:54.046Z] Information: Using HubProtocol 'json'. @ http://localhost:4200/@fs/D:/repos/luxuryapp-api/client/angular/.angular/cache/22.0.5/luxury-app/vite/deps/@microsoft_signalr.js?v=3990ee8e:299
[    1071ms] [LOG] %cLINK [SignalR] Conexion iniciada con exito. color: green; font-style: italic; @ http://localhost:4200/chunk-CZQ6KSQW.js:59
[    1071ms] [LOG] %cSTATE [SignalR] connectionId = 'ruDcnQj9sEYZjv1Rq-ZQUw' color: green; font-style: italic; @ http://localhost:4200/chunk-CZQ6KSQW.js:59
[    1072ms] [LOG] %cUSER [SignalR] Evento ConnectedUser recibido: color: blue; font-style: italic; Bienvenido 63f5fe75-4fbb-4328-a2dd-b7224778752e @ http://localhost:4200/chunk-CZQ6KSQW.js:59
[    1087ms] [LOG] %c🔍 [StorageService] Recuperando valor para clave: 'customerId' color: #2196F3; font-style: italic; @ http://localhost:4200/chunk-CZQ6KSQW.js:59
[    1087ms] [LOG] %c [CustomerTrace] loadDataForCustomer.response color: #FF9800; font-style: italic; {at: 2026-08-17T04:43:54.064Z, state: Object, storedCustomerId: 019c6bee-028a-70e4-98ea-557b645a3ae0, customerId: 019c6bee-028a-70e4-98ea-557b645a3ae0, success: true} @ http://localhost:4200/chunk-CZQ6KSQW.js:59
[    1088ms] [LOG] %c🔍 [StorageService] Recuperando valor para clave: 'customerId' color: #2196F3; font-style: italic; @ http://localhost:4200/chunk-CZQ6KSQW.js:59
[    1088ms] [LOG] %c [CustomerTrace] loadDataForCustomer.ready color: #FF9800; font-style: italic; {at: 2026-08-17T04:43:54.065Z, state: Object, storedCustomerId: 019c6bee-028a-70e4-98ea-557b645a3ae0, customerId: 019c6bee-028a-70e4-98ea-557b645a3ae0} @ http://localhost:4200/chunk-CZQ6KSQW.js:59
[    1089ms] [LOG] %c✅ [Initializer] State initialization complete. color: green; font-style: italic; @ http://localhost:4200/chunk-CZQ6KSQW.js:59
[    1093ms] [LOG] %c🔄 UpdateService: Inicializando servicio de actualizaciones color: blue; font-weight: bold; @ http://localhost:4200/chunk-WEIOKMZ7.js:10
[    1093ms] [LOG] %c🔄 UpdateService: ❌ Service Worker NO habilitado color: red; font-weight: bold; @ http://localhost:4200/chunk-WEIOKMZ7.js:22
[    1104ms] [LOG] %c🚀 [App] ¡Aplicación iniciada! Soy más ligero y rápido que nunca. color: #673AB7; font-style: italic; @ http://localhost:4200/chunk-CZQ6KSQW.js:59
[    1132ms] [LOG] Angular is running in development mode. @ http://localhost:4200/@fs/D:/repos/luxuryapp-api/client/angular/.angular/cache/22.0.5/luxury-app/vite/deps/chunk-DBUQFU5K.js?v=3990ee8e:11608
[    1443ms] [LOG] %c🎉 [LayoutEmployee] ¡Layout de empleado cargado! Despertando a los gigantes (SignalR, OneSignal...) color: #2196F3; font-style: italic; @ http://localhost:4200/chunk-CZQ6KSQW.js:59
[    1444ms] [LOG] %cLINK [SignalR] Construyendo conexion... color: blue; font-style: italic; @ http://localhost:4200/chunk-CZQ6KSQW.js:59
[    1444ms] [LOG] %cHEADSET [SignalR] Registrando listeners... color: cyan; font-style: italic; @ http://localhost:4200/chunk-CZQ6KSQW.js:59
[    1444ms] [LOG] %cLINK [SignalR] Iniciando conexion... color: blue; font-style: italic; @ http://localhost:4200/chunk-CZQ6KSQW.js:59
[    1444ms] [LOG] %cℹ️ [LayoutEmployee] Usuario 63f5fe75-4fbb-4328-a2dd-b7224778752e autenticado. Iniciando OneSignal... color: dodgerblue;font-style: italic @ http://localhost:4200/chunk-CZQ6KSQW.js:72
[    1444ms] [LOG] %c... [OneSignal] Esperando que el SDK este listo... color: orange; font-style: italic; @ http://localhost:4200/chunk-CZQ6KSQW.js:59
[    1454ms] [LOG] %c🛡️ [JwtInterceptorFn] Auth check completado. Interceptando ruta: color: #FF0000; font-style: italic; http://localhost:7070/api/recruitment-candidate-processes/employee-interviewer-queue/019c6bee-028a-70e4-98ea-557b645a3ae0 @ http://localhost:4200/chunk-CZQ6KSQW.js:59
[    1455ms] [LOG] %c🔍 [StorageService] Recuperando valor para clave: 'customerId' color: #2196F3; font-style: italic; @ http://localhost:4200/chunk-CZQ6KSQW.js:59
[    1456ms] [LOG] %c🔍 [StorageService] Recuperando valor para clave: 'customerId' color: #2196F3; font-style: italic; @ http://localhost:4200/chunk-CZQ6KSQW.js:59
[    1457ms] [LOG] %c [JwtTrace] request color: #F44336; font-style: italic; {at: 2026-08-17T04:43:54.434Z, url: http://localhost:7070/api/recruitment-candidate-pr…viewer-queue/019c6bee-028a-70e4-98ea-557b645a3ae0, method: GET, appUserId: 63f5fe75-4fbb-4328-a2dd-b7224778752e, storageCustomerId: 019c6bee-028a-70e4-98ea-557b645a3ae0} @ http://localhost:4200/chunk-CZQ6KSQW.js:59
[    1525ms] [LOG] %c🛡️ [JwtInterceptorFn] Auth check completado. Interceptando ruta: color: #FF0000; font-style: italic; http://localhost:7070/api/notifications @ http://localhost:4200/chunk-CZQ6KSQW.js:59
[    1527ms] [LOG] %c🔍 [StorageService] Recuperando valor para clave: 'customerId' color: #2196F3; font-style: italic; @ http://localhost:4200/chunk-CZQ6KSQW.js:59
[    1528ms] [LOG] %c🔍 [StorageService] Recuperando valor para clave: 'customerId' color: #2196F3; font-style: italic; @ http://localhost:4200/chunk-CZQ6KSQW.js:59
[    1529ms] [LOG] %c [JwtTrace] request color: #F44336; font-style: italic; {at: 2026-08-17T04:43:54.505Z, url: http://localhost:7070/api/notifications, method: GET, appUserId: 63f5fe75-4fbb-4328-a2dd-b7224778752e, storageCustomerId: 019c6bee-028a-70e4-98ea-557b645a3ae0} @ http://localhost:4200/chunk-CZQ6KSQW.js:59
[    1532ms] [LOG] %c🛡️ [JwtInterceptorFn] Auth check completado. Interceptando ruta: color: #FF0000; font-style: italic; http://localhost:7070/api/notifications/unread-count @ http://localhost:4200/chunk-CZQ6KSQW.js:59
[    1533ms] [LOG] %c🔍 [StorageService] Recuperando valor para clave: 'customerId' color: #2196F3; font-style: italic; @ http://localhost:4200/chunk-CZQ6KSQW.js:59
[    1534ms] [LOG] %c🔍 [StorageService] Recuperando valor para clave: 'customerId' color: #2196F3; font-style: italic; @ http://localhost:4200/chunk-CZQ6KSQW.js:59
[    1535ms] [LOG] %c [JwtTrace] request color: #F44336; font-style: italic; {at: 2026-08-17T04:43:54.511Z, url: http://localhost:7070/api/notifications/unread-count, method: GET, appUserId: 63f5fe75-4fbb-4328-a2dd-b7224778752e, storageCustomerId: 019c6bee-028a-70e4-98ea-557b645a3ae0} @ http://localhost:4200/chunk-CZQ6KSQW.js:59
[    1566ms] [LOG] %c [MenuTrace] effect.tick color: #9C27B0; font-style: italic; {at: 2026-08-17T04:43:54.543Z, customerId: 019c6bee-028a-70e4-98ea-557b645a3ae0, customerReady: true, applicationUserId: 63f5fe75-4fbb-4328-a2dd-b7224778752e, lastCustomerId: null} @ http://localhost:4200/chunk-CZQ6KSQW.js:59
[    1567ms] [LOG] %c [MenuService] Customer data and session are ready. Loading menu... color: green; font-style: italic; @ http://localhost:4200/chunk-CZQ6KSQW.js:59
[    1567ms] [LOG] %c [MenuTrace] triggerMenuLoad.start color: #9C27B0; font-style: italic; {at: 2026-08-17T04:43:54.544Z, customerId: 019c6bee-028a-70e4-98ea-557b645a3ae0, customerReady: true, applicationUserId: 63f5fe75-4fbb-4328-a2dd-b7224778752e, lastCustomerId: null} @ http://localhost:4200/chunk-CZQ6KSQW.js:59
[    1567ms] [LOG] %c🛡️ [JwtInterceptorFn] Auth check completado. Interceptando ruta: color: #FF0000; font-style: italic; http://localhost:7070/api/menu-items/019c6bee-028a-70e4-98ea-557b645a3ae0 @ http://localhost:4200/chunk-CZQ6KSQW.js:59
[    1568ms] [LOG] %c🔍 [StorageService] Recuperando valor para clave: 'customerId' color: #2196F3; font-style: italic; @ http://localhost:4200/chunk-CZQ6KSQW.js:59
[    1568ms] [LOG] %c🔍 [StorageService] Recuperando valor para clave: 'customerId' color: #2196F3; font-style: italic; @ http://localhost:4200/chunk-CZQ6KSQW.js:59
[    1569ms] [LOG] %c [JwtTrace] request color: #F44336; font-style: italic; {at: 2026-08-17T04:43:54.545Z, url: http://localhost:7070/api/menu-items/019c6bee-028a-70e4-98ea-557b645a3ae0, method: GET, appUserId: 63f5fe75-4fbb-4328-a2dd-b7224778752e, storageCustomerId: 019c6bee-028a-70e4-98ea-557b645a3ae0} @ http://localhost:4200/chunk-CZQ6KSQW.js:59
[    1575ms] [LOG] %cok [OneSignal] SDK listo color: green; font-style: italic; @ http://localhost:4200/chunk-CZQ6KSQW.js:59
[    1602ms] [ERROR] Failed to load resource: the server responded with a status of 404 (Not Found) @ http://localhost:7070/api/files/download?filePath=public%2fAdministration%2faccounts%2f019fa465-1920-7772-a948-76a01e8ab76c.png:0
[    1626ms] [LOG] %c [API SUCCESS]: GET LIST: recruitment-candidate-processes/employee-interviewer-queue/019c6bee-028a-70e4-98ea-557b645a3ae0 color: teal; font-style: italic; [] @ http://localhost:4200/chunk-CZQ6KSQW.js:59
[    1627ms] [LOG] %c [API SUCCESS]: GET NoLoading: notifications/unread-count color: gray; font-style: italic; 0 @ http://localhost:4200/chunk-CZQ6KSQW.js:59
[    1628ms] [LOG] %c [API SUCCESS]: GET NoLoading: notifications color: gray; font-style: italic; [] @ http://localhost:4200/chunk-CZQ6KSQW.js:59
[    1644ms] [INFO] [2026-08-17T04:43:54.621Z] Information: WebSocket connected to ws://localhost:7070/ws/notificationHub?id=XD0O1wlkBwVMW5XxxhTfGg&access_token=eyJhbGciOiJIUzI1NiIsInR5cCI6IkpXVCJ9.eyJzdWIiOiI2M2Y1ZmU3NS00ZmJiLTQzMjgtYTJkZC1iNzIyNDc3ODc1MmUiLCJqdGkiOiIwMWEwMGUwOC04MmVkLTdlYTEtYjk3Mi1iMzJmODA1MzhmMDkiLCJpYXQiOjE3ODY5NDE4MzMsIm5hbWUiOiJBZG1pbmlzdHJhZG9yIExCRyIsImVtYWlsIjoiaW5mb0BsdXh1cnlidWlsZGluZy5jb20ubXgiLCJ1c2VybmFtZSI6ImFkbWluIiwiY3VzdG9tZXJJZCI6IjAxOWM2YmVlLTAyOGEtNzBlNC05OGVhLTU1N2I2NDVhM2FlMCIsImN1c3RvbWVyTmFtZSI6IkxVWFVSWSBCVUlMRElORyBHUk9VUCBTQSBERSBDViIsImZpcnN0TmFtZSI6IkFkbWluaXN0cmFkb3IiLCJsYXN0TmFtZSI6IkxCRyIsInBob25lIjoiKDU1KSAwMDAwLSAwMDAwIiwicGhvdG9QYXRoIjoiaHR0cDovL2xvY2FsaG9zdDo3MDcwL2FwaS9maWxlcy9kb3dubG9hZD9maWxlUGF0aD1wdWJsaWMlMmZBZG1pbmlzdHJhdGlvbiUyZmFjY291bnRzJTJmMDE5ZmE0NjUtMTkyMC03NzcyLWE5NDgtNzZhMDFlOGFiNzZjLnBuZyIsInBvc2l0aW9uIjoiRW1wbGVhZG8iLCJodHRwOi8vc2NoZW1hcy5taWNyb3NvZnQuY29tL3dzLzIwMDgvMDYvaWRlbnRpdHkvY2xhaW1zL3JvbGUiOiJTdXBlclVzdWFyaW8iLCJyb2xlSWQiOiI2OTlkN2NjMS1kMTQzLTQ5ODUtYjU1YS1kMDMwODY0YzY5M2UiLCJleHAiOjE3ODY5NDU0MzMsImlzcyI6Imh0dHBzOi8vbG9jYWxob3N0OjcwNjkiLCJhdWQiOiJodHRwczovL2xvY2FsaG9zdDo0MjAwIn0.ZjovBVOBXyRnetWuJcsPm6MVT5wrDqeqNnZW-ANroNs. @ http://localhost:4200/@fs/D:/repos/luxuryapp-api/client/angular/.angular/cache/22.0.5/luxury-app/vite/deps/@microsoft_signalr.js?v=3990ee8e:299
[    1644ms] [INFO] [2026-08-17T04:43:54.622Z] Information: Using HubProtocol 'json'. @ http://localhost:4200/@fs/D:/repos/luxuryapp-api/client/angular/.angular/cache/22.0.5/luxury-app/vite/deps/@microsoft_signalr.js?v=3990ee8e:299
[    1646ms] [LOG] %cLINK [SignalR] Conexion iniciada con exito. color: green; font-style: italic; @ http://localhost:4200/chunk-CZQ6KSQW.js:59
[    1646ms] [LOG] %cSTATE [SignalR] connectionId = '75pJIq5O1O36M9z4sj68zA' color: green; font-style: italic; @ http://localhost:4200/chunk-CZQ6KSQW.js:59
[    1649ms] [LOG] %cUSER [SignalR] Evento ConnectedUser recibido: color: blue; font-style: italic; Bienvenido 63f5fe75-4fbb-4328-a2dd-b7224778752e @ http://localhost:4200/chunk-CZQ6KSQW.js:59
[    1726ms] [LOG] %cpkg [OneSignal] Inicializado con App ID: color: teal; font-style: italic; 1d454470-eba5-4d7b-82e8-f91b7bed263b @ http://localhost:4200/chunk-CZQ6KSQW.js:59
[    1726ms] [LOG] %cear [OneSignal] Listeners registrados. color: cyan; font-style: italic; @ http://localhost:4200/chunk-CZQ6KSQW.js:59
[    1727ms] [LOG] %cuser [OneSignal] Usuario logueado con ExternalUserId: 63f5fe75-4fbb-4328-a2dd-b7224778752e color: darkslateblue; font-style: italic; @ http://localhost:4200/chunk-CZQ6KSQW.js:59
[    1727ms] [LOG] %csub [OneSignal] Permiso: color: dodgerblue; font-style: italic; false | Suscrito: false @ http://localhost:4200/chunk-CZQ6KSQW.js:59
[    1727ms] [LOG] %cwarn [OneSignal] Usuario no completamente suscrito. color: orange; font-style: italic; @ http://localhost:4200/chunk-CZQ6KSQW.js:59
[    1805ms] [LOG] %c [API SUCCESS]: GET LIST: menu-items/019c6bee-028a-70e4-98ea-557b645a3ae0 color: teal; font-style: italic; [Object, Object, Object, Object, Object, Object, Object, Object, Object, Object, Object, Object, Object, Object, Object, Object, Object, Object, Object, Object, Object, Object, Object, Object] @ http://localhost:4200/chunk-CZQ6KSQW.js:59
[    1805ms] [LOG] %c [MenuTrace] fetchMenuItemsFromApi.success color: #9C27B0; font-style: italic; {at: 2026-08-17T04:43:54.783Z, customerId: 019c6bee-028a-70e4-98ea-557b645a3ae0, customerReady: true, applicationUserId: 63f5fe75-4fbb-4328-a2dd-b7224778752e, lastCustomerId: 019c6bee-028a-70e4-98ea-557b645a3ae0} @ http://localhost:4200/chunk-CZQ6KSQW.js:59
[    1806ms] [LOG] %c [MenuTrace] triggerMenuLoad.response color: #9C27B0; font-style: italic; {at: 2026-08-17T04:43:54.783Z, customerId: 019c6bee-028a-70e4-98ea-557b645a3ae0, customerReady: true, applicationUserId: 63f5fe75-4fbb-4328-a2dd-b7224778752e, lastCustomerId: 019c6bee-028a-70e4-98ea-557b645a3ae0} @ http://localhost:4200/chunk-CZQ6KSQW.js:59
[ 1070752ms] [LOG] %c🔍 [StorageService] Recuperando valor para clave: 'customerId' color: #2196F3; font-style: italic; @ http://localhost:4200/chunk-CZQ6KSQW.js:59
[ 1070752ms] [LOG] %c [CustomerTrace] setCustomerId.start color: #FF9800; font-style: italic; {at: 2026-08-17T05:01:43.729Z, state: Object, storedCustomerId: 019c6bee-028a-70e4-98ea-557b645a3ae0, requestedCustomerId: 019c6bee-0305-7fbd-80e9-91ca348f903c, currentCustomerId: 019c6bee-028a-70e4-98ea-557b645a3ae0} @ http://localhost:4200/chunk-CZQ6KSQW.js:59
[ 1070753ms] [LOG] %c🔍 [StorageService] Recuperando valor para clave: 'customerId' color: #2196F3; font-style: italic; @ http://localhost:4200/chunk-CZQ6KSQW.js:59
[ 1070753ms] [LOG] %c [CustomerTrace] setCustomerId.mark-not-ready color: #FF9800; font-style: italic; {at: 2026-08-17T05:01:43.730Z, state: Object, storedCustomerId: 019c6bee-028a-70e4-98ea-557b645a3ae0, requestedCustomerId: 019c6bee-0305-7fbd-80e9-91ca348f903c} @ http://localhost:4200/chunk-CZQ6KSQW.js:59
[ 1070754ms] [LOG] %c💾 [StorageService] Guardando clave: 'customerId' color: #FF9800; font-style: italic; {value: 019c6bee-0305-7fbd-80e9-91ca348f903c} @ http://localhost:4200/chunk-CZQ6KSQW.js:59
[ 1070755ms] [LOG] %c✅ [StorageService] Clave 'customerId' guardada exitosamente. color: #4CAF50; font-style: italic; @ http://localhost:4200/chunk-CZQ6KSQW.js:59
[ 1070756ms] [LOG] %c🔍 [StorageService] Recuperando valor para clave: 'customerId' color: #2196F3; font-style: italic; @ http://localhost:4200/chunk-CZQ6KSQW.js:59
[ 1070756ms] [LOG] %c [CustomerTrace] loadDataForCustomer.start color: #FF9800; font-style: italic; {at: 2026-08-17T05:01:43.733Z, state: Object, storedCustomerId: 019c6bee-0305-7fbd-80e9-91ca348f903c, customerId: 019c6bee-0305-7fbd-80e9-91ca348f903c} @ http://localhost:4200/chunk-CZQ6KSQW.js:59
[ 1070758ms] [LOG] %c🛡️ [JwtInterceptorFn] Auth check completado. Interceptando ruta: color: #FF0000; font-style: italic; http://localhost:7070/api/customers/019c6bee-0305-7fbd-80e9-91ca348f903c @ http://localhost:4200/chunk-CZQ6KSQW.js:59
[ 1070759ms] [LOG] %c🔍 [StorageService] Recuperando valor para clave: 'customerId' color: #2196F3; font-style: italic; @ http://localhost:4200/chunk-CZQ6KSQW.js:59
[ 1070759ms] [LOG] %c🔍 [StorageService] Recuperando valor para clave: 'customerId' color: #2196F3; font-style: italic; @ http://localhost:4200/chunk-CZQ6KSQW.js:59
[ 1070760ms] [LOG] %c [JwtTrace] request color: #F44336; font-style: italic; {at: 2026-08-17T05:01:43.737Z, url: http://localhost:7070/api/customers/019c6bee-0305-7fbd-80e9-91ca348f903c, method: GET, appUserId: 63f5fe75-4fbb-4328-a2dd-b7224778752e, storageCustomerId: 019c6bee-0305-7fbd-80e9-91ca348f903c} @ http://localhost:4200/chunk-CZQ6KSQW.js:59
[ 1070764ms] [LOG] %c [MenuTrace] effect.tick color: #9C27B0; font-style: italic; {at: 2026-08-17T05:01:43.742Z, customerId: 019c6bee-028a-70e4-98ea-557b645a3ae0, customerReady: false, applicationUserId: 63f5fe75-4fbb-4328-a2dd-b7224778752e, lastCustomerId: 019c6bee-028a-70e4-98ea-557b645a3ae0} @ http://localhost:4200/chunk-CZQ6KSQW.js:59
[ 1070765ms] [LOG] %c [MenuService] Data or session not ready. Clearing menu... color: gray; font-style: italic; @ http://localhost:4200/chunk-CZQ6KSQW.js:59
[ 1070765ms] [LOG] %c [MenuTrace] effect.clearing-cache color: #9C27B0; font-style: italic; {at: 2026-08-17T05:01:43.743Z, customerId: 019c6bee-028a-70e4-98ea-557b645a3ae0, customerReady: false, applicationUserId: 63f5fe75-4fbb-4328-a2dd-b7224778752e, lastCustomerId: 019c6bee-028a-70e4-98ea-557b645a3ae0} @ http://localhost:4200/chunk-CZQ6KSQW.js:59
[ 1070766ms] [LOG] %c [MenuTrace] clearCache.before color: #9C27B0; font-style: italic; {at: 2026-08-17T05:01:43.743Z, customerId: 019c6bee-028a-70e4-98ea-557b645a3ae0, customerReady: false, applicationUserId: 63f5fe75-4fbb-4328-a2dd-b7224778752e, lastCustomerId: 019c6bee-028a-70e4-98ea-557b645a3ae0} @ http://localhost:4200/chunk-CZQ6KSQW.js:59
[ 1070766ms] [LOG] %c [MenuTrace] clearCache.after color: #9C27B0; font-style: italic; {at: 2026-08-17T05:01:43.744Z, customerId: 019c6bee-028a-70e4-98ea-557b645a3ae0, customerReady: false, applicationUserId: 63f5fe75-4fbb-4328-a2dd-b7224778752e, lastCustomerId: null} @ http://localhost:4200/chunk-CZQ6KSQW.js:59
[ 1071145ms] [LOG] %c🔍 [StorageService] Recuperando valor para clave: 'customerId' color: #2196F3; font-style: italic; @ http://localhost:4200/chunk-CZQ6KSQW.js:59
[ 1071145ms] [LOG] %c [CustomerTrace] loadDataForCustomer.response color: #FF9800; font-style: italic; {at: 2026-08-17T05:01:44.122Z, state: Object, storedCustomerId: 019c6bee-0305-7fbd-80e9-91ca348f903c, customerId: 019c6bee-0305-7fbd-80e9-91ca348f903c, success: true} @ http://localhost:4200/chunk-CZQ6KSQW.js:59
[ 1071146ms] [LOG] %c🔍 [StorageService] Recuperando valor para clave: 'customerId' color: #2196F3; font-style: italic; @ http://localhost:4200/chunk-CZQ6KSQW.js:59
[ 1071146ms] [LOG] %c [CustomerTrace] loadDataForCustomer.ready color: #FF9800; font-style: italic; {at: 2026-08-17T05:01:44.123Z, state: Object, storedCustomerId: 019c6bee-0305-7fbd-80e9-91ca348f903c, customerId: 019c6bee-0305-7fbd-80e9-91ca348f903c} @ http://localhost:4200/chunk-CZQ6KSQW.js:59
[ 1071147ms] [LOG] %c [MenuTrace] effect.tick color: #9C27B0; font-style: italic; {at: 2026-08-17T05:01:44.125Z, customerId: 019c6bee-0305-7fbd-80e9-91ca348f903c, customerReady: true, applicationUserId: 63f5fe75-4fbb-4328-a2dd-b7224778752e, lastCustomerId: null} @ http://localhost:4200/chunk-CZQ6KSQW.js:59
[ 1071148ms] [LOG] %c [MenuService] Customer data and session are ready. Loading menu... color: green; font-style: italic; @ http://localhost:4200/chunk-CZQ6KSQW.js:59
[ 1071148ms] [LOG] %c [MenuTrace] triggerMenuLoad.start color: #9C27B0; font-style: italic; {at: 2026-08-17T05:01:44.125Z, customerId: 019c6bee-0305-7fbd-80e9-91ca348f903c, customerReady: true, applicationUserId: 63f5fe75-4fbb-4328-a2dd-b7224778752e, lastCustomerId: null} @ http://localhost:4200/chunk-CZQ6KSQW.js:59
[ 1071149ms] [LOG] %c🛡️ [JwtInterceptorFn] Auth check completado. Interceptando ruta: color: #FF0000; font-style: italic; http://localhost:7070/api/menu-items/019c6bee-0305-7fbd-80e9-91ca348f903c @ http://localhost:4200/chunk-CZQ6KSQW.js:59
[ 1071150ms] [LOG] %c🔍 [StorageService] Recuperando valor para clave: 'customerId' color: #2196F3; font-style: italic; @ http://localhost:4200/chunk-CZQ6KSQW.js:59
[ 1071150ms] [LOG] %c🔍 [StorageService] Recuperando valor para clave: 'customerId' color: #2196F3; font-style: italic; @ http://localhost:4200/chunk-CZQ6KSQW.js:59
[ 1071151ms] [LOG] %c [JwtTrace] request color: #F44336; font-style: italic; {at: 2026-08-17T05:01:44.127Z, url: http://localhost:7070/api/menu-items/019c6bee-0305-7fbd-80e9-91ca348f903c, method: GET, appUserId: 63f5fe75-4fbb-4328-a2dd-b7224778752e, storageCustomerId: 019c6bee-0305-7fbd-80e9-91ca348f903c} @ http://localhost:4200/chunk-CZQ6KSQW.js:59
[ 1071153ms] [LOG] %c🛡️ [JwtInterceptorFn] Auth check completado. Interceptando ruta: color: #FF0000; font-style: italic; http://localhost:7070/api/recruitment-candidate-processes/employee-interviewer-queue/019c6bee-0305-7fbd-80e9-91ca348f903c @ http://localhost:4200/chunk-CZQ6KSQW.js:59
[ 1071154ms] [LOG] %c🔍 [StorageService] Recuperando valor para clave: 'customerId' color: #2196F3; font-style: italic; @ http://localhost:4200/chunk-CZQ6KSQW.js:59
[ 1071155ms] [LOG] %c🔍 [StorageService] Recuperando valor para clave: 'customerId' color: #2196F3; font-style: italic; @ http://localhost:4200/chunk-CZQ6KSQW.js:59
[ 1071156ms] [LOG] %c [JwtTrace] request color: #F44336; font-style: italic; {at: 2026-08-17T05:01:44.132Z, url: http://localhost:7070/api/recruitment-candidate-pr…viewer-queue/019c6bee-0305-7fbd-80e9-91ca348f903c, method: GET, appUserId: 63f5fe75-4fbb-4328-a2dd-b7224778752e, storageCustomerId: 019c6bee-0305-7fbd-80e9-91ca348f903c} @ http://localhost:4200/chunk-CZQ6KSQW.js:59
[ 1071329ms] [LOG] %c [API SUCCESS]: GET LIST: menu-items/019c6bee-0305-7fbd-80e9-91ca348f903c color: teal; font-style: italic; [Object, Object, Object, Object, Object, Object, Object, Object, Object, Object, Object, Object, Object, Object, Object, Object, Object, Object, Object, Object, Object, Object, Object, Object] @ http://localhost:4200/chunk-CZQ6KSQW.js:59
[ 1071329ms] [LOG] %c [MenuTrace] fetchMenuItemsFromApi.success color: #9C27B0; font-style: italic; {at: 2026-08-17T05:01:44.306Z, customerId: 019c6bee-0305-7fbd-80e9-91ca348f903c, customerReady: true, applicationUserId: 63f5fe75-4fbb-4328-a2dd-b7224778752e, lastCustomerId: 019c6bee-0305-7fbd-80e9-91ca348f903c} @ http://localhost:4200/chunk-CZQ6KSQW.js:59
[ 1071329ms] [LOG] %c [MenuTrace] triggerMenuLoad.response color: #9C27B0; font-style: italic; {at: 2026-08-17T05:01:44.307Z, customerId: 019c6bee-0305-7fbd-80e9-91ca348f903c, customerReady: true, applicationUserId: 63f5fe75-4fbb-4328-a2dd-b7224778752e, lastCustomerId: 019c6bee-0305-7fbd-80e9-91ca348f903c} @ http://localhost:4200/chunk-CZQ6KSQW.js:59
[ 1071684ms] [LOG] %c [API SUCCESS]: GET LIST: recruitment-candidate-processes/employee-interviewer-queue/019c6bee-0305-7fbd-80e9-91ca348f903c color: teal; font-style: italic; [Object] @ http://localhost:4200/chunk-CZQ6KSQW.js:59
[ 1189029ms] [LOG] %c🛡️ [JwtInterceptorFn] Auth check completado. Interceptando ruta: color: #FF0000; font-style: italic; http://localhost:7070/api/select-item-enum/fuente-reclutamiento @ http://localhost:4200/chunk-CZQ6KSQW.js:59
[ 1189029ms] [LOG] %c🔍 [StorageService] Recuperando valor para clave: 'customerId' color: #2196F3; font-style: italic; @ http://localhost:4200/chunk-CZQ6KSQW.js:59
[ 1189029ms] [LOG] %c🔍 [StorageService] Recuperando valor para clave: 'customerId' color: #2196F3; font-style: italic; @ http://localhost:4200/chunk-CZQ6KSQW.js:59
[ 1189030ms] [LOG] %c [JwtTrace] request color: #F44336; font-style: italic; {at: 2026-08-17T05:03:42.007Z, url: http://localhost:7070/api/select-item-enum/fuente-reclutamiento, method: GET, appUserId: 63f5fe75-4fbb-4328-a2dd-b7224778752e, storageCustomerId: 019c6bee-0305-7fbd-80e9-91ca348f903c} @ http://localhost:4200/chunk-CZQ6KSQW.js:59
[ 1189031ms] [LOG] %c🛡️ [JwtInterceptorFn] Auth check completado. Interceptando ruta: color: #FF0000; font-style: italic; http://localhost:7070/api/recruitment-candidates/01a00cc8-78ec-7dec-99f9-91d5a0930833 @ http://localhost:4200/chunk-CZQ6KSQW.js:59
[ 1189032ms] [LOG] %c🔍 [StorageService] Recuperando valor para clave: 'customerId' color: #2196F3; font-style: italic; @ http://localhost:4200/chunk-CZQ6KSQW.js:59
[ 1189032ms] [LOG] %c🔍 [StorageService] Recuperando valor para clave: 'customerId' color: #2196F3; font-style: italic; @ http://localhost:4200/chunk-CZQ6KSQW.js:59
[ 1189033ms] [LOG] %c [JwtTrace] request color: #F44336; font-style: italic; {at: 2026-08-17T05:03:42.010Z, url: http://localhost:7070/api/recruitment-candidates/01a00cc8-78ec-7dec-99f9-91d5a0930833, method: GET, appUserId: 63f5fe75-4fbb-4328-a2dd-b7224778752e, storageCustomerId: 019c6bee-0305-7fbd-80e9-91ca348f903c} @ http://localhost:4200/chunk-CZQ6KSQW.js:59
[ 1189070ms] [LOG] %c [API SUCCESS]: GET LIST: select-item-enum/fuente-reclutamiento color: teal; font-style: italic; [Object, Object, Object] @ http://localhost:4200/chunk-CZQ6KSQW.js:59
[ 1189118ms] [LOG] %c [API SUCCESS]: GET ITEM: recruitment-candidates/01a00cc8-78ec-7dec-99f9-91d5a0930833 color: dodgerblue; font-style: italic; {firstName: gfhdfghdfg, lastName: Marquez Escobedo, fullName: gfhdfghdfg Marquez Escobedo, phoneNumber: 4356438787, email: errrtt@outlook.es} @ http://localhost:4200/chunk-CZQ6KSQW.js:59
[ 1226472ms] [LOG] %c🛡️ [JwtInterceptorFn] Auth check completado. Interceptando ruta: color: #FF0000; font-style: italic; http://localhost:7070/api/select-item-enum/candidate-rejection-reason @ http://localhost:4200/chunk-CZQ6KSQW.js:59
[ 1226473ms] [LOG] %c🔍 [StorageService] Recuperando valor para clave: 'customerId' color: #2196F3; font-style: italic; @ http://localhost:4200/chunk-CZQ6KSQW.js:59
[ 1226474ms] [LOG] %c🔍 [StorageService] Recuperando valor para clave: 'customerId' color: #2196F3; font-style: italic; @ http://localhost:4200/chunk-CZQ6KSQW.js:59
[ 1226474ms] [LOG] %c [JwtTrace] request color: #F44336; font-style: italic; {at: 2026-08-17T05:04:19.451Z, url: http://localhost:7070/api/select-item-enum/candidate-rejection-reason, method: GET, appUserId: 63f5fe75-4fbb-4328-a2dd-b7224778752e, storageCustomerId: 019c6bee-0305-7fbd-80e9-91ca348f903c} @ http://localhost:4200/chunk-CZQ6KSQW.js:59
[ 1226548ms] [LOG] %c [API SUCCESS]: GET LIST: select-item-enum/candidate-rejection-reason color: teal; font-style: italic; [Object, Object, Object, Object, Object, Object, Object, Object, Object] @ http://localhost:4200/chunk-CZQ6KSQW.js:59
