[     127ms] [ERROR] Loading the font 'https://fonts.gstatic.com/s/figtree/v9/ec15vcNDTcsxNlcxNICU6mhJtvzLzRlZqOU.woff2' violates the following Content Security Policy directive: "font-src 'self' data:". The action has been blocked. @ http://localhost:4200/contabilidad/budget-proposal:0
[     345ms] [LOG] %c📦 [StorageService] Inicializando servicio de almacenamiento local... color: #3F51B5; font-style: italic; @ http://localhost:4200/chunk-3PD7DPD4.js:59
[     346ms] [LOG] %c [AuthService] Verificando ruta inicial: /contabilidad/budget-proposal | Es publica: false color: #9C27B0; font-style: italic; @ http://localhost:4200/chunk-3PD7DPD4.js:59
[     347ms] [LOG] %c [AuthService] Ruta no publica. Intentando login silencioso... color: #009688; font-style: italic; @ http://localhost:4200/chunk-3PD7DPD4.js:59
[     349ms] [LOG] %c🚀 [Initializer] Starting application state initialization... color: purple; font-style: italic; @ http://localhost:4200/chunk-3PD7DPD4.js:59
[     511ms] [ERROR] Failed to load resource: the server responded with a status of 404 () @ https://api.iconify.design/fluent-color:alert-20.json:0
[     512ms] [ERROR] Failed to load resource: the server responded with a status of 404 () @ https://api.iconify.design/fluent-color:document-20.json:0
[     512ms] [ERROR] Failed to load resource: the server responded with a status of 404 () @ https://api.iconify.design/fluent-color:mail-20.json:0
[     512ms] [ERROR] Failed to load resource: the server responded with a status of 404 () @ https://api.iconify.design/fluent-color:alert-24.json:0
[     513ms] [ERROR] Failed to load resource: the server responded with a status of 404 () @ https://api.iconify.design/fluent-color:lock-closed-20.json:0
[     513ms] [ERROR] Failed to load resource: the server responded with a status of 404 () @ https://api.iconify.design/fluent-color:checkmark-circle-20.json:0
[     513ms] [ERROR] Failed to load resource: the server responded with a status of 404 () @ https://api.iconify.design/fluent-color:add-circle-20.json:0
[     513ms] [ERROR] Failed to load resource: the server responded with a status of 404 () @ https://api.iconify.design/fluent:lock-open-20-regular.json:0
[    3003ms] [LOG] %c [AuthService] Token renovado. Actualizando sesion en memoria. color: color: #4CAF50; font-style: italic;; font-style: italic; @ http://localhost:4200/chunk-3PD7DPD4.js:59
[    3003ms] [LOG] %c [AuthTrace] refresh.success.before-set color: #03A9F4; font-style: italic; {at: 2026-08-26T01:39:07.375Z, applicationUserId: 63f5fe75-4fbb-4328-a2dd-b7224778752e, tokenCustomerId: 019c6bee-028a-70e4-98ea-557b645a3ae0, roles: Array(1), customerAccessCount: 9} @ http://localhost:4200/chunk-3PD7DPD4.js:59
[    3004ms] [LOG] %c [AuthTrace] refresh.success.after-set color: #03A9F4; font-style: italic; {at: 2026-08-26T01:39:07.375Z, applicationUserId: 63f5fe75-4fbb-4328-a2dd-b7224778752e, tokenCustomerId: 019c6bee-028a-70e4-98ea-557b645a3ae0, roles: Array(1), customerAccessCount: 9} @ http://localhost:4200/chunk-3PD7DPD4.js:59
[    3004ms] [LOG] %cLINK [SignalR] Construyendo conexion... color: blue; font-style: italic; @ http://localhost:4200/chunk-3PD7DPD4.js:59
[    3006ms] [LOG] %cHEADSET [SignalR] Registrando listeners... color: cyan; font-style: italic; @ http://localhost:4200/chunk-3PD7DPD4.js:59
[    3006ms] [LOG] %cLINK [SignalR] Iniciando conexion... color: blue; font-style: italic; @ http://localhost:4200/chunk-3PD7DPD4.js:59
[    3007ms] [LOG] %c [AuthTrace] trySilentLogin.finalize color: #8BC34A; font-style: italic; {at: 2026-08-26T01:39:07.379Z, isAuthenticated: true} @ http://localhost:4200/chunk-3PD7DPD4.js:59
[    3008ms] [LOG] %c🏢 [Initializer] User session found. Initializing customer state... color: #3F51B5; font-style: italic; @ http://localhost:4200/chunk-3PD7DPD4.js:59
[    3009ms] [LOG] %c🔍 [StorageService] Recuperando valor para clave: 'customerId' color: #2196F3; font-style: italic; @ http://localhost:4200/chunk-3PD7DPD4.js:59
[    3009ms] [LOG] %c [CustomerTrace] initialize.start color: #FF9800; font-style: italic; {at: 2026-08-26T01:39:07.380Z, state: Object, storedCustomerId: 019c6bee-028a-70e4-98ea-557b645a3ae0, tokenCustomerId: 019c6bee-028a-70e4-98ea-557b645a3ae0, customerAccess: Array(9)} @ http://localhost:4200/chunk-3PD7DPD4.js:59
[    3010ms] [LOG] %c🔍 [StorageService] Recuperando valor para clave: 'customerId' color: #2196F3; font-style: italic; @ http://localhost:4200/chunk-3PD7DPD4.js:59
[    3010ms] [LOG] %c🔍 [StorageService] Recuperando valor para clave: 'customerId' color: #2196F3; font-style: italic; @ http://localhost:4200/chunk-3PD7DPD4.js:59
[    3010ms] [LOG] %c [CustomerTrace] initialize.selected-customer color: #FF9800; font-style: italic; {at: 2026-08-26T01:39:07.381Z, state: Object, storedCustomerId: 019c6bee-028a-70e4-98ea-557b645a3ae0, selectedCustomerId: 019c6bee-028a-70e4-98ea-557b645a3ae0} @ http://localhost:4200/chunk-3PD7DPD4.js:59
[    3011ms] [LOG] %c💾 [StorageService] Guardando clave: 'customerId' color: #FF9800; font-style: italic; {value: 019c6bee-028a-70e4-98ea-557b645a3ae0} @ http://localhost:4200/chunk-3PD7DPD4.js:59
[    3012ms] [LOG] %c✅ [StorageService] Clave 'customerId' guardada exitosamente. color: #4CAF50; font-style: italic; @ http://localhost:4200/chunk-3PD7DPD4.js:59
[    3012ms] [LOG] %c🔍 [StorageService] Recuperando valor para clave: 'customerId' color: #2196F3; font-style: italic; @ http://localhost:4200/chunk-3PD7DPD4.js:59
[    3013ms] [LOG] %c [CustomerTrace] loadDataForCustomer.start color: #FF9800; font-style: italic; {at: 2026-08-26T01:39:07.384Z, state: Object, storedCustomerId: 019c6bee-028a-70e4-98ea-557b645a3ae0, customerId: 019c6bee-028a-70e4-98ea-557b645a3ae0} @ http://localhost:4200/chunk-3PD7DPD4.js:59
[    3015ms] [LOG] %c🛡️ [JwtInterceptorFn] Auth check completado. Interceptando ruta: color: #FF0000; font-style: italic; http://localhost:7070/api/customers/019c6bee-028a-70e4-98ea-557b645a3ae0 @ http://localhost:4200/chunk-3PD7DPD4.js:59
[    3016ms] [LOG] %c🔍 [StorageService] Recuperando valor para clave: 'customerId' color: #2196F3; font-style: italic; @ http://localhost:4200/chunk-3PD7DPD4.js:59
[    3017ms] [LOG] %c🔍 [StorageService] Recuperando valor para clave: 'customerId' color: #2196F3; font-style: italic; @ http://localhost:4200/chunk-3PD7DPD4.js:59
[    3018ms] [LOG] %c [JwtTrace] request color: #F44336; font-style: italic; {at: 2026-08-26T01:39:07.388Z, url: http://localhost:7070/api/customers/019c6bee-028a-70e4-98ea-557b645a3ae0, method: GET, appUserId: 63f5fe75-4fbb-4328-a2dd-b7224778752e, storageCustomerId: 019c6bee-028a-70e4-98ea-557b645a3ae0} @ http://localhost:4200/chunk-3PD7DPD4.js:59
[    3034ms] [INFO] [2026-08-26T01:39:07.405Z] Information: WebSocket connected to ws://localhost:7070/ws/notificationHub?id=mlwE_a4m-tg-Gk2psrqC5A&access_token=eyJhbGciOiJIUzI1NiIsInR5cCI6IkpXVCJ9.eyJzdWIiOiI2M2Y1ZmU3NS00ZmJiLTQzMjgtYTJkZC1iNzIyNDc3ODc1MmUiLCJqdGkiOiIwMWEwM2JiOC05MmY4LTczNzEtOTNhMi01YjkzNGUxYTE0MTkiLCJpYXQiOjE3ODc3MDgzNDcsIm5hbWUiOiJBZG1pbmlzdHJhZG9yIExCRyIsImVtYWlsIjoiaW5mb0BsdXh1cnlidWlsZGluZy5jb20ubXgiLCJ1c2VybmFtZSI6ImFkbWluIiwiY3VzdG9tZXJJZCI6IjAxOWM2YmVlLTAyOGEtNzBlNC05OGVhLTU1N2I2NDVhM2FlMCIsImN1c3RvbWVyTmFtZSI6IkxVWFVSWSBCVUlMRElORyBHUk9VUCBTQSBERSBDViIsImZpcnN0TmFtZSI6IkFkbWluaXN0cmFkb3IiLCJsYXN0TmFtZSI6IkxCRyIsInBob25lIjoiKDU1KSAwMDAwLSAwMDAwIiwicGhvdG9QYXRoIjoiaHR0cDovL2xvY2FsaG9zdDo3MDcwL2FwaS9maWxlcy9kb3dubG9hZD9maWxlUGF0aD1wdWJsaWMlMmZBZG1pbmlzdHJhdGlvbiUyZmFjY291bnRzJTJmMDE5ZmE0NjUtMTkyMC03NzcyLWE5NDgtNzZhMDFlOGFiNzZjLnBuZyIsInBvc2l0aW9uIjoiRW1wbGVhZG8iLCJodHRwOi8vc2NoZW1hcy5taWNyb3NvZnQuY29tL3dzLzIwMDgvMDYvaWRlbnRpdHkvY2xhaW1zL3JvbGUiOiJTdXBlclVzdWFyaW8iLCJyb2xlSWQiOiI2OTlkN2NjMS1kMTQzLTQ5ODUtYjU1YS1kMDMwODY0YzY5M2UiLCJleHAiOjE3ODc3MTE5NDYsImlzcyI6Imh0dHBzOi8vbG9jYWxob3N0OjcwNjkiLCJhdWQiOiJodHRwczovL2xvY2FsaG9zdDo0MjAwIn0.ecbGSwYTl4MLkgsp0d52mMJOgUhQwRz7G7G5UoM7pxc. @ http://localhost:4200/@fs/D:/repos/luxuryapp-api/client/angular/.angular/cache/22.0.5/luxury-app/vite/deps/@microsoft_signalr.js?v=3990ee8e:299
[    3034ms] [INFO] [2026-08-26T01:39:07.406Z] Information: Using HubProtocol 'json'. @ http://localhost:4200/@fs/D:/repos/luxuryapp-api/client/angular/.angular/cache/22.0.5/luxury-app/vite/deps/@microsoft_signalr.js?v=3990ee8e:299
[    3035ms] [LOG] %c🔍 [StorageService] Recuperando valor para clave: 'customerId' color: #2196F3; font-style: italic; @ http://localhost:4200/chunk-3PD7DPD4.js:59
[    3036ms] [LOG] %c [CustomerTrace] loadDataForCustomer.response color: #FF9800; font-style: italic; {at: 2026-08-26T01:39:07.407Z, state: Object, storedCustomerId: 019c6bee-028a-70e4-98ea-557b645a3ae0, customerId: 019c6bee-028a-70e4-98ea-557b645a3ae0, success: true} @ http://localhost:4200/chunk-3PD7DPD4.js:59
[    3036ms] [LOG] %c🔍 [StorageService] Recuperando valor para clave: 'customerId' color: #2196F3; font-style: italic; @ http://localhost:4200/chunk-3PD7DPD4.js:59
[    3036ms] [LOG] %c [CustomerTrace] loadDataForCustomer.ready color: #FF9800; font-style: italic; {at: 2026-08-26T01:39:07.408Z, state: Object, storedCustomerId: 019c6bee-028a-70e4-98ea-557b645a3ae0, customerId: 019c6bee-028a-70e4-98ea-557b645a3ae0} @ http://localhost:4200/chunk-3PD7DPD4.js:59
[    3037ms] [LOG] %c✅ [Initializer] State initialization complete. color: green; font-style: italic; @ http://localhost:4200/chunk-3PD7DPD4.js:59
[    3043ms] [LOG] %c🔄 UpdateService: Inicializando servicio de actualizaciones color: blue; font-weight: bold; @ http://localhost:4200/chunk-WEIOKMZ7.js:10
[    3043ms] [LOG] %c🔄 UpdateService: ❌ Service Worker NO habilitado color: red; font-weight: bold; @ http://localhost:4200/chunk-WEIOKMZ7.js:22
[    3054ms] [LOG] %c🚀 [App] ¡Aplicación iniciada! Soy más ligero y rápido que nunca. color: #673AB7; font-style: italic; @ http://localhost:4200/chunk-3PD7DPD4.js:59
[    3072ms] [LOG] Angular is running in development mode. @ http://localhost:4200/@fs/D:/repos/luxuryapp-api/client/angular/.angular/cache/22.0.5/luxury-app/vite/deps/chunk-DBUQFU5K.js?v=3990ee8e:11608
[    3078ms] [LOG] %cLINK [SignalR] Conexion iniciada con exito. color: green; font-style: italic; @ http://localhost:4200/chunk-3PD7DPD4.js:59
[    3078ms] [LOG] %cSTATE [SignalR] connectionId = '0JsC6GvVWSe3O_LnF2inTg' color: green; font-style: italic; @ http://localhost:4200/chunk-3PD7DPD4.js:59
[    3079ms] [LOG] %cUSER [SignalR] Evento ConnectedUser recibido: color: blue; font-style: italic; Bienvenido 63f5fe75-4fbb-4328-a2dd-b7224778752e @ http://localhost:4200/chunk-3PD7DPD4.js:59
[    3855ms] [LOG] %c🎉 [LayoutEmployee] ¡Layout de empleado cargado! Despertando a los gigantes (SignalR, OneSignal...) color: #2196F3; font-style: italic; @ http://localhost:4200/chunk-3PD7DPD4.js:59
[    3856ms] [LOG] %cLINK [SignalR] Construyendo conexion... color: blue; font-style: italic; @ http://localhost:4200/chunk-3PD7DPD4.js:59
[    3856ms] [LOG] %cHEADSET [SignalR] Registrando listeners... color: cyan; font-style: italic; @ http://localhost:4200/chunk-3PD7DPD4.js:59
[    3857ms] [LOG] %cLINK [SignalR] Iniciando conexion... color: blue; font-style: italic; @ http://localhost:4200/chunk-3PD7DPD4.js:59
[    3858ms] [LOG] %cℹ️ [LayoutEmployee] Usuario 63f5fe75-4fbb-4328-a2dd-b7224778752e autenticado. Iniciando OneSignal... color: dodgerblue;font-style: italic @ http://localhost:4200/chunk-3PD7DPD4.js:72
[    3858ms] [LOG] %c... [OneSignal] Esperando que el SDK este listo... color: orange; font-style: italic; @ http://localhost:4200/chunk-3PD7DPD4.js:59
[    3886ms] [LOG] %cLINK [SignalR] Se intento iniciar una conexion ya existente. color: orange; font-style: italic; @ http://localhost:4200/chunk-3PD7DPD4.js:59
[    3887ms] [LOG] %c🛡️ [JwtInterceptorFn] Auth check completado. Interceptando ruta: color: #FF0000; font-style: italic; http://localhost:7070/api/budget-proposal?customerId=019c6bee-028a-70e4-98ea-557b645a3ae0&fiscalYear=2026 @ http://localhost:4200/chunk-3PD7DPD4.js:59
[    3888ms] [LOG] %c🔍 [StorageService] Recuperando valor para clave: 'customerId' color: #2196F3; font-style: italic; @ http://localhost:4200/chunk-3PD7DPD4.js:59
[    3889ms] [LOG] %c🔍 [StorageService] Recuperando valor para clave: 'customerId' color: #2196F3; font-style: italic; @ http://localhost:4200/chunk-3PD7DPD4.js:59
[    3890ms] [LOG] %c [JwtTrace] request color: #F44336; font-style: italic; {at: 2026-08-26T01:39:08.260Z, url: http://localhost:7070/api/budget-proposal?customer…c6bee-028a-70e4-98ea-557b645a3ae0&fiscalYear=2026, method: GET, appUserId: 63f5fe75-4fbb-4328-a2dd-b7224778752e, storageCustomerId: 019c6bee-028a-70e4-98ea-557b645a3ae0} @ http://localhost:4200/chunk-3PD7DPD4.js:59
[    3968ms] [LOG] %c🛡️ [JwtInterceptorFn] Auth check completado. Interceptando ruta: color: #FF0000; font-style: italic; http://localhost:7070/api/notifications @ http://localhost:4200/chunk-3PD7DPD4.js:59
[    3969ms] [LOG] %c🔍 [StorageService] Recuperando valor para clave: 'customerId' color: #2196F3; font-style: italic; @ http://localhost:4200/chunk-3PD7DPD4.js:59
[    3970ms] [LOG] %c🔍 [StorageService] Recuperando valor para clave: 'customerId' color: #2196F3; font-style: italic; @ http://localhost:4200/chunk-3PD7DPD4.js:59
[    3970ms] [LOG] %c [JwtTrace] request color: #F44336; font-style: italic; {at: 2026-08-26T01:39:08.341Z, url: http://localhost:7070/api/notifications, method: GET, appUserId: 63f5fe75-4fbb-4328-a2dd-b7224778752e, storageCustomerId: 019c6bee-028a-70e4-98ea-557b645a3ae0} @ http://localhost:4200/chunk-3PD7DPD4.js:59
[    3972ms] [LOG] %c🛡️ [JwtInterceptorFn] Auth check completado. Interceptando ruta: color: #FF0000; font-style: italic; http://localhost:7070/api/notifications/unread-count @ http://localhost:4200/chunk-3PD7DPD4.js:59
[    3973ms] [LOG] %c🔍 [StorageService] Recuperando valor para clave: 'customerId' color: #2196F3; font-style: italic; @ http://localhost:4200/chunk-3PD7DPD4.js:59
[    3974ms] [LOG] %c🔍 [StorageService] Recuperando valor para clave: 'customerId' color: #2196F3; font-style: italic; @ http://localhost:4200/chunk-3PD7DPD4.js:59
[    3974ms] [LOG] %c [JwtTrace] request color: #F44336; font-style: italic; {at: 2026-08-26T01:39:08.345Z, url: http://localhost:7070/api/notifications/unread-count, method: GET, appUserId: 63f5fe75-4fbb-4328-a2dd-b7224778752e, storageCustomerId: 019c6bee-028a-70e4-98ea-557b645a3ae0} @ http://localhost:4200/chunk-3PD7DPD4.js:59
[    3996ms] [LOG] %c [MenuTrace] effect.tick color: #9C27B0; font-style: italic; {at: 2026-08-26T01:39:08.367Z, customerId: 019c6bee-028a-70e4-98ea-557b645a3ae0, customerReady: true, applicationUserId: 63f5fe75-4fbb-4328-a2dd-b7224778752e, lastCustomerId: null} @ http://localhost:4200/chunk-3PD7DPD4.js:59
[    3996ms] [LOG] %c [MenuService] Customer data and session are ready. Loading menu... color: green; font-style: italic; @ http://localhost:4200/chunk-3PD7DPD4.js:59
[    3997ms] [LOG] %c [MenuTrace] triggerMenuLoad.start color: #9C27B0; font-style: italic; {at: 2026-08-26T01:39:08.368Z, customerId: 019c6bee-028a-70e4-98ea-557b645a3ae0, customerReady: true, applicationUserId: 63f5fe75-4fbb-4328-a2dd-b7224778752e, lastCustomerId: null} @ http://localhost:4200/chunk-3PD7DPD4.js:59
[    3997ms] [LOG] %c🛡️ [JwtInterceptorFn] Auth check completado. Interceptando ruta: color: #FF0000; font-style: italic; http://localhost:7070/api/menu-items/019c6bee-028a-70e4-98ea-557b645a3ae0 @ http://localhost:4200/chunk-3PD7DPD4.js:59
[    3998ms] [LOG] %c🔍 [StorageService] Recuperando valor para clave: 'customerId' color: #2196F3; font-style: italic; @ http://localhost:4200/chunk-3PD7DPD4.js:59
[    3998ms] [LOG] %c🔍 [StorageService] Recuperando valor para clave: 'customerId' color: #2196F3; font-style: italic; @ http://localhost:4200/chunk-3PD7DPD4.js:59
[    3999ms] [LOG] %c [JwtTrace] request color: #F44336; font-style: italic; {at: 2026-08-26T01:39:08.370Z, url: http://localhost:7070/api/menu-items/019c6bee-028a-70e4-98ea-557b645a3ae0, method: GET, appUserId: 63f5fe75-4fbb-4328-a2dd-b7224778752e, storageCustomerId: 019c6bee-028a-70e4-98ea-557b645a3ae0} @ http://localhost:4200/chunk-3PD7DPD4.js:59
[    4003ms] [LOG] %cok [OneSignal] SDK listo color: green; font-style: italic; @ http://localhost:4200/chunk-3PD7DPD4.js:59
[    4027ms] [ERROR] Failed to load resource: the server responded with a status of 404 (Not Found) @ http://localhost:7070/api/files/download?filePath=public%2fAdministration%2faccounts%2f019fa465-1920-7772-a948-76a01e8ab76c.png:0
[    4100ms] [ERROR] Failed to load resource: the server responded with a status of 404 (Not Found) @ http://localhost:7070/api/budget-proposal?customerId=019c6bee-028a-70e4-98ea-557b645a3ae0&fiscalYear=2026:0
[    4116ms] [LOG] %c🚫 API Error: GET LIST: budget-proposal?customerId=019c6bee-028a-70e4-98ea-557b645a3ae0&fiscalYear=2026 color: red;font-style: italic No existe mapeo de empresa Aspel de tipo 'Contabilidad' para el customerId 019c6bee-028a-70e4-98ea-557b645a3ae0. @ http://localhost:4200/chunk-3PD7DPD4.js:72
[    4167ms] [INFO] [2026-08-26T01:39:08.538Z] Information: WebSocket connected to ws://localhost:7070/ws/notificationHub?id=3JYiotHTMD0aWjCb2elPKw&access_token=eyJhbGciOiJIUzI1NiIsInR5cCI6IkpXVCJ9.eyJzdWIiOiI2M2Y1ZmU3NS00ZmJiLTQzMjgtYTJkZC1iNzIyNDc3ODc1MmUiLCJqdGkiOiIwMWEwM2JiOC05MmY4LTczNzEtOTNhMi01YjkzNGUxYTE0MTkiLCJpYXQiOjE3ODc3MDgzNDcsIm5hbWUiOiJBZG1pbmlzdHJhZG9yIExCRyIsImVtYWlsIjoiaW5mb0BsdXh1cnlidWlsZGluZy5jb20ubXgiLCJ1c2VybmFtZSI6ImFkbWluIiwiY3VzdG9tZXJJZCI6IjAxOWM2YmVlLTAyOGEtNzBlNC05OGVhLTU1N2I2NDVhM2FlMCIsImN1c3RvbWVyTmFtZSI6IkxVWFVSWSBCVUlMRElORyBHUk9VUCBTQSBERSBDViIsImZpcnN0TmFtZSI6IkFkbWluaXN0cmFkb3IiLCJsYXN0TmFtZSI6IkxCRyIsInBob25lIjoiKDU1KSAwMDAwLSAwMDAwIiwicGhvdG9QYXRoIjoiaHR0cDovL2xvY2FsaG9zdDo3MDcwL2FwaS9maWxlcy9kb3dubG9hZD9maWxlUGF0aD1wdWJsaWMlMmZBZG1pbmlzdHJhdGlvbiUyZmFjY291bnRzJTJmMDE5ZmE0NjUtMTkyMC03NzcyLWE5NDgtNzZhMDFlOGFiNzZjLnBuZyIsInBvc2l0aW9uIjoiRW1wbGVhZG8iLCJodHRwOi8vc2NoZW1hcy5taWNyb3NvZnQuY29tL3dzLzIwMDgvMDYvaWRlbnRpdHkvY2xhaW1zL3JvbGUiOiJTdXBlclVzdWFyaW8iLCJyb2xlSWQiOiI2OTlkN2NjMS1kMTQzLTQ5ODUtYjU1YS1kMDMwODY0YzY5M2UiLCJleHAiOjE3ODc3MTE5NDYsImlzcyI6Imh0dHBzOi8vbG9jYWxob3N0OjcwNjkiLCJhdWQiOiJodHRwczovL2xvY2FsaG9zdDo0MjAwIn0.ecbGSwYTl4MLkgsp0d52mMJOgUhQwRz7G7G5UoM7pxc. @ http://localhost:4200/@fs/D:/repos/luxuryapp-api/client/angular/.angular/cache/22.0.5/luxury-app/vite/deps/@microsoft_signalr.js?v=3990ee8e:299
[    4167ms] [INFO] [2026-08-26T01:39:08.539Z] Information: Using HubProtocol 'json'. @ http://localhost:4200/@fs/D:/repos/luxuryapp-api/client/angular/.angular/cache/22.0.5/luxury-app/vite/deps/@microsoft_signalr.js?v=3990ee8e:299
[    4168ms] [LOG] %cLINK [SignalR] Conexion iniciada con exito. color: green; font-style: italic; @ http://localhost:4200/chunk-3PD7DPD4.js:59
[    4169ms] [LOG] %cSTATE [SignalR] connectionId = '_aQHL_34yDM_c7bA5pZnew' color: green; font-style: italic; @ http://localhost:4200/chunk-3PD7DPD4.js:59
[    4169ms] [LOG] %cUSER [SignalR] Evento ConnectedUser recibido: color: blue; font-style: italic; Bienvenido 63f5fe75-4fbb-4328-a2dd-b7224778752e @ http://localhost:4200/chunk-3PD7DPD4.js:59
[    4333ms] [LOG] %cpkg [OneSignal] Inicializado con App ID: color: teal; font-style: italic; 1d454470-eba5-4d7b-82e8-f91b7bed263b @ http://localhost:4200/chunk-3PD7DPD4.js:59
[    4334ms] [LOG] %cear [OneSignal] Listeners registrados. color: cyan; font-style: italic; @ http://localhost:4200/chunk-3PD7DPD4.js:59
[    4334ms] [LOG] %cuser [OneSignal] Usuario logueado con ExternalUserId: 63f5fe75-4fbb-4328-a2dd-b7224778752e color: darkslateblue; font-style: italic; @ http://localhost:4200/chunk-3PD7DPD4.js:59
[    4335ms] [LOG] %csub [OneSignal] Permiso: color: dodgerblue; font-style: italic; false | Suscrito: false @ http://localhost:4200/chunk-3PD7DPD4.js:59
[    4335ms] [LOG] %cwarn [OneSignal] Usuario no completamente suscrito. color: orange; font-style: italic; @ http://localhost:4200/chunk-3PD7DPD4.js:59
[    4435ms] [LOG] %c [API SUCCESS]: GET NoLoading: notifications color: gray; font-style: italic; [] @ http://localhost:4200/chunk-3PD7DPD4.js:59
[    4437ms] [LOG] %c [API SUCCESS]: GET NoLoading: notifications/unread-count color: gray; font-style: italic; 0 @ http://localhost:4200/chunk-3PD7DPD4.js:59
[    4792ms] [LOG] %c [API SUCCESS]: GET LIST: menu-items/019c6bee-028a-70e4-98ea-557b645a3ae0 color: teal; font-style: italic; [Object, Object, Object, Object, Object, Object, Object, Object, Object, Object, Object, Object, Object, Object, Object, Object, Object, Object, Object, Object, Object, Object, Object, Object] @ http://localhost:4200/chunk-3PD7DPD4.js:59
[    4793ms] [LOG] %c [MenuTrace] fetchMenuItemsFromApi.success color: #9C27B0; font-style: italic; {at: 2026-08-26T01:39:09.164Z, customerId: 019c6bee-028a-70e4-98ea-557b645a3ae0, customerReady: true, applicationUserId: 63f5fe75-4fbb-4328-a2dd-b7224778752e, lastCustomerId: 019c6bee-028a-70e4-98ea-557b645a3ae0} @ http://localhost:4200/chunk-3PD7DPD4.js:59
[    4794ms] [LOG] %c [MenuTrace] triggerMenuLoad.response color: #9C27B0; font-style: italic; {at: 2026-08-26T01:39:09.165Z, customerId: 019c6bee-028a-70e4-98ea-557b645a3ae0, customerReady: true, applicationUserId: 63f5fe75-4fbb-4328-a2dd-b7224778752e, lastCustomerId: 019c6bee-028a-70e4-98ea-557b645a3ae0} @ http://localhost:4200/chunk-3PD7DPD4.js:59
[    7837ms] [WARNING] The resource http://localhost:4200/assets/fonts/outfit-latin-var.woff2 was preloaded using link preload but not used within a few seconds from the window's load event. Please make sure it has an appropriate `as` value and it is preloaded intentionally. @ http://localhost:4200/contabilidad/budget-proposal:0
[   17711ms] [WARNING] The resource http://localhost:4200/assets/fonts/outfit-latin-var.woff2 was preloaded using link preload but not used within a few seconds from the window's load event. Please make sure it has an appropriate `as` value and it is preloaded intentionally. @ http://localhost:4200/contabilidad/budget-proposal:0
[   49536ms] [WARNING] The resource http://localhost:4200/assets/fonts/outfit-latin-var.woff2 was preloaded using link preload but not used within a few seconds from the window's load event. Please make sure it has an appropriate `as` value and it is preloaded intentionally. @ http://localhost:4200/contabilidad/budget-proposal:0
[   53667ms] [LOG] %c🔍 [StorageService] Recuperando valor para clave: 'customerId' color: #2196F3; font-style: italic; @ http://localhost:4200/chunk-3PD7DPD4.js:59
[   53667ms] [LOG] %c [CustomerTrace] setCustomerId.start color: #FF9800; font-style: italic; {at: 2026-08-26T01:39:58.038Z, state: Object, storedCustomerId: 019c6bee-028a-70e4-98ea-557b645a3ae0, requestedCustomerId: 019c6bee-0305-7fbd-80e9-91ca348f903c, currentCustomerId: 019c6bee-028a-70e4-98ea-557b645a3ae0} @ http://localhost:4200/chunk-3PD7DPD4.js:59
[   53668ms] [LOG] %c🔍 [StorageService] Recuperando valor para clave: 'customerId' color: #2196F3; font-style: italic; @ http://localhost:4200/chunk-3PD7DPD4.js:59
[   53668ms] [LOG] %c [CustomerTrace] setCustomerId.mark-not-ready color: #FF9800; font-style: italic; {at: 2026-08-26T01:39:58.039Z, state: Object, storedCustomerId: 019c6bee-028a-70e4-98ea-557b645a3ae0, requestedCustomerId: 019c6bee-0305-7fbd-80e9-91ca348f903c} @ http://localhost:4200/chunk-3PD7DPD4.js:59
[   53668ms] [LOG] %c💾 [StorageService] Guardando clave: 'customerId' color: #FF9800; font-style: italic; {value: 019c6bee-0305-7fbd-80e9-91ca348f903c} @ http://localhost:4200/chunk-3PD7DPD4.js:59
[   53668ms] [LOG] %c✅ [StorageService] Clave 'customerId' guardada exitosamente. color: #4CAF50; font-style: italic; @ http://localhost:4200/chunk-3PD7DPD4.js:59
[   53668ms] [LOG] %c🔍 [StorageService] Recuperando valor para clave: 'customerId' color: #2196F3; font-style: italic; @ http://localhost:4200/chunk-3PD7DPD4.js:59
[   53668ms] [LOG] %c [CustomerTrace] loadDataForCustomer.start color: #FF9800; font-style: italic; {at: 2026-08-26T01:39:58.040Z, state: Object, storedCustomerId: 019c6bee-0305-7fbd-80e9-91ca348f903c, customerId: 019c6bee-0305-7fbd-80e9-91ca348f903c} @ http://localhost:4200/chunk-3PD7DPD4.js:59
[   53669ms] [LOG] %c🛡️ [JwtInterceptorFn] Auth check completado. Interceptando ruta: color: #FF0000; font-style: italic; http://localhost:7070/api/customers/019c6bee-0305-7fbd-80e9-91ca348f903c @ http://localhost:4200/chunk-3PD7DPD4.js:59
[   53669ms] [LOG] %c🔍 [StorageService] Recuperando valor para clave: 'customerId' color: #2196F3; font-style: italic; @ http://localhost:4200/chunk-3PD7DPD4.js:59
[   53669ms] [LOG] %c🔍 [StorageService] Recuperando valor para clave: 'customerId' color: #2196F3; font-style: italic; @ http://localhost:4200/chunk-3PD7DPD4.js:59
[   53669ms] [LOG] %c [JwtTrace] request color: #F44336; font-style: italic; {at: 2026-08-26T01:39:58.041Z, url: http://localhost:7070/api/customers/019c6bee-0305-7fbd-80e9-91ca348f903c, method: GET, appUserId: 63f5fe75-4fbb-4328-a2dd-b7224778752e, storageCustomerId: 019c6bee-0305-7fbd-80e9-91ca348f903c} @ http://localhost:4200/chunk-3PD7DPD4.js:59
[   53673ms] [LOG] %c [MenuTrace] effect.tick color: #9C27B0; font-style: italic; {at: 2026-08-26T01:39:58.044Z, customerId: 019c6bee-028a-70e4-98ea-557b645a3ae0, customerReady: false, applicationUserId: 63f5fe75-4fbb-4328-a2dd-b7224778752e, lastCustomerId: 019c6bee-028a-70e4-98ea-557b645a3ae0} @ http://localhost:4200/chunk-3PD7DPD4.js:59
[   53673ms] [LOG] %c [MenuService] Data or session not ready. Clearing menu... color: gray; font-style: italic; @ http://localhost:4200/chunk-3PD7DPD4.js:59
[   53673ms] [LOG] %c [MenuTrace] effect.clearing-cache color: #9C27B0; font-style: italic; {at: 2026-08-26T01:39:58.045Z, customerId: 019c6bee-028a-70e4-98ea-557b645a3ae0, customerReady: false, applicationUserId: 63f5fe75-4fbb-4328-a2dd-b7224778752e, lastCustomerId: 019c6bee-028a-70e4-98ea-557b645a3ae0} @ http://localhost:4200/chunk-3PD7DPD4.js:59
[   53674ms] [LOG] %c [MenuTrace] clearCache.before color: #9C27B0; font-style: italic; {at: 2026-08-26T01:39:58.045Z, customerId: 019c6bee-028a-70e4-98ea-557b645a3ae0, customerReady: false, applicationUserId: 63f5fe75-4fbb-4328-a2dd-b7224778752e, lastCustomerId: 019c6bee-028a-70e4-98ea-557b645a3ae0} @ http://localhost:4200/chunk-3PD7DPD4.js:59
[   53674ms] [LOG] %c [MenuTrace] clearCache.after color: #9C27B0; font-style: italic; {at: 2026-08-26T01:39:58.045Z, customerId: 019c6bee-028a-70e4-98ea-557b645a3ae0, customerReady: false, applicationUserId: 63f5fe75-4fbb-4328-a2dd-b7224778752e, lastCustomerId: null} @ http://localhost:4200/chunk-3PD7DPD4.js:59
[   54148ms] [LOG] %c🔍 [StorageService] Recuperando valor para clave: 'customerId' color: #2196F3; font-style: italic; @ http://localhost:4200/chunk-3PD7DPD4.js:59
[   54148ms] [LOG] %c [CustomerTrace] loadDataForCustomer.response color: #FF9800; font-style: italic; {at: 2026-08-26T01:39:58.519Z, state: Object, storedCustomerId: 019c6bee-0305-7fbd-80e9-91ca348f903c, customerId: 019c6bee-0305-7fbd-80e9-91ca348f903c, success: true} @ http://localhost:4200/chunk-3PD7DPD4.js:59
[   54149ms] [LOG] %c🔍 [StorageService] Recuperando valor para clave: 'customerId' color: #2196F3; font-style: italic; @ http://localhost:4200/chunk-3PD7DPD4.js:59
[   54149ms] [LOG] %c [CustomerTrace] loadDataForCustomer.ready color: #FF9800; font-style: italic; {at: 2026-08-26T01:39:58.520Z, state: Object, storedCustomerId: 019c6bee-0305-7fbd-80e9-91ca348f903c, customerId: 019c6bee-0305-7fbd-80e9-91ca348f903c} @ http://localhost:4200/chunk-3PD7DPD4.js:59
[   54149ms] [LOG] %c [MenuTrace] effect.tick color: #9C27B0; font-style: italic; {at: 2026-08-26T01:39:58.520Z, customerId: 019c6bee-0305-7fbd-80e9-91ca348f903c, customerReady: true, applicationUserId: 63f5fe75-4fbb-4328-a2dd-b7224778752e, lastCustomerId: null} @ http://localhost:4200/chunk-3PD7DPD4.js:59
[   54149ms] [LOG] %c [MenuService] Customer data and session are ready. Loading menu... color: green; font-style: italic; @ http://localhost:4200/chunk-3PD7DPD4.js:59
[   54149ms] [LOG] %c [MenuTrace] triggerMenuLoad.start color: #9C27B0; font-style: italic; {at: 2026-08-26T01:39:58.521Z, customerId: 019c6bee-0305-7fbd-80e9-91ca348f903c, customerReady: true, applicationUserId: 63f5fe75-4fbb-4328-a2dd-b7224778752e, lastCustomerId: null} @ http://localhost:4200/chunk-3PD7DPD4.js:59
[   54150ms] [LOG] %c🛡️ [JwtInterceptorFn] Auth check completado. Interceptando ruta: color: #FF0000; font-style: italic; http://localhost:7070/api/menu-items/019c6bee-0305-7fbd-80e9-91ca348f903c @ http://localhost:4200/chunk-3PD7DPD4.js:59
[   54150ms] [LOG] %c🔍 [StorageService] Recuperando valor para clave: 'customerId' color: #2196F3; font-style: italic; @ http://localhost:4200/chunk-3PD7DPD4.js:59
[   54150ms] [LOG] %c🔍 [StorageService] Recuperando valor para clave: 'customerId' color: #2196F3; font-style: italic; @ http://localhost:4200/chunk-3PD7DPD4.js:59
[   54150ms] [LOG] %c [JwtTrace] request color: #F44336; font-style: italic; {at: 2026-08-26T01:39:58.522Z, url: http://localhost:7070/api/menu-items/019c6bee-0305-7fbd-80e9-91ca348f903c, method: GET, appUserId: 63f5fe75-4fbb-4328-a2dd-b7224778752e, storageCustomerId: 019c6bee-0305-7fbd-80e9-91ca348f903c} @ http://localhost:4200/chunk-3PD7DPD4.js:59
[   54152ms] [LOG] %c🛡️ [JwtInterceptorFn] Auth check completado. Interceptando ruta: color: #FF0000; font-style: italic; http://localhost:7070/api/budget-proposal?customerId=019c6bee-0305-7fbd-80e9-91ca348f903c&fiscalYear=2026 @ http://localhost:4200/chunk-3PD7DPD4.js:59
[   54153ms] [LOG] %c🔍 [StorageService] Recuperando valor para clave: 'customerId' color: #2196F3; font-style: italic; @ http://localhost:4200/chunk-3PD7DPD4.js:59
[   54153ms] [LOG] %c🔍 [StorageService] Recuperando valor para clave: 'customerId' color: #2196F3; font-style: italic; @ http://localhost:4200/chunk-3PD7DPD4.js:59
[   54154ms] [LOG] %c [JwtTrace] request color: #F44336; font-style: italic; {at: 2026-08-26T01:39:58.524Z, url: http://localhost:7070/api/budget-proposal?customer…c6bee-0305-7fbd-80e9-91ca348f903c&fiscalYear=2026, method: GET, appUserId: 63f5fe75-4fbb-4328-a2dd-b7224778752e, storageCustomerId: 019c6bee-0305-7fbd-80e9-91ca348f903c} @ http://localhost:4200/chunk-3PD7DPD4.js:59
[   57168ms] [WARNING] The resource http://localhost:4200/assets/fonts/outfit-latin-var.woff2 was preloaded using link preload but not used within a few seconds from the window's load event. Please make sure it has an appropriate `as` value and it is preloaded intentionally. @ http://localhost:4200/contabilidad/budget-proposal:0
[   57638ms] [LOG] %c [API SUCCESS]: GET LIST: menu-items/019c6bee-0305-7fbd-80e9-91ca348f903c color: teal; font-style: italic; [Object, Object, Object, Object, Object, Object, Object, Object, Object, Object, Object, Object, Object, Object, Object, Object, Object, Object, Object, Object, Object, Object, Object, Object] @ http://localhost:4200/chunk-3PD7DPD4.js:59
[   57638ms] [LOG] %c [MenuTrace] fetchMenuItemsFromApi.success color: #9C27B0; font-style: italic; {at: 2026-08-26T01:40:02.010Z, customerId: 019c6bee-0305-7fbd-80e9-91ca348f903c, customerReady: true, applicationUserId: 63f5fe75-4fbb-4328-a2dd-b7224778752e, lastCustomerId: 019c6bee-0305-7fbd-80e9-91ca348f903c} @ http://localhost:4200/chunk-3PD7DPD4.js:59
[   57638ms] [LOG] %c [MenuTrace] triggerMenuLoad.response color: #9C27B0; font-style: italic; {at: 2026-08-26T01:40:02.010Z, customerId: 019c6bee-0305-7fbd-80e9-91ca348f903c, customerReady: true, applicationUserId: 63f5fe75-4fbb-4328-a2dd-b7224778752e, lastCustomerId: 019c6bee-0305-7fbd-80e9-91ca348f903c} @ http://localhost:4200/chunk-3PD7DPD4.js:59
[   60738ms] [WARNING] The resource http://localhost:4200/assets/fonts/outfit-latin-var.woff2 was preloaded using link preload but not used within a few seconds from the window's load event. Please make sure it has an appropriate `as` value and it is preloaded intentionally. @ http://localhost:4200/contabilidad/budget-proposal:0
[   60797ms] [LOG] %c [API SUCCESS]: GET LIST: budget-proposal?customerId=019c6bee-0305-7fbd-80e9-91ca348f903c&fiscalYear=2026 color: teal; font-style: italic; {customerId: 019c6bee-0305-7fbd-80e9-91ca348f903c, name: Propuesta Presupuesto 2027, fiscalYear: 2027, status: Borrador, totalAmount: 3960656} @ http://localhost:4200/chunk-3PD7DPD4.js:59
[   64604ms] [LOG] %cJOIN [SignalR] Unido al grupo: proposal-019c6bee-0305-7fbd-80e9-91ca348f903c-2026 color: blue; font-style: italic; @ http://localhost:4200/chunk-3PD7DPD4.js:59
[   68009ms] [WARNING] The resource http://localhost:4200/assets/fonts/outfit-latin-var.woff2 was preloaded using link preload but not used within a few seconds from the window's load event. Please make sure it has an appropriate `as` value and it is preloaded intentionally. @ http://localhost:4200/contabilidad/budget-proposal:0
