[      74ms] [ERROR] Loading the font 'https://fonts.gstatic.com/s/figtree/v9/ec15vcNDTcsxNlcxNICU6mhJtvzLzRlZqOU.woff2' violates the following Content Security Policy directive: "font-src 'self' data:". The action has been blocked. @ http://localhost:4200/contabilidad/budget-proposal:0
[     186ms] [LOG] %c📦 [StorageService] Inicializando servicio de almacenamiento local... color: #3F51B5; font-style: italic; @ http://localhost:4200/chunk-3PD7DPD4.js:59
[     187ms] [LOG] %c [AuthService] Verificando ruta inicial: /contabilidad/budget-proposal | Es publica: false color: #9C27B0; font-style: italic; @ http://localhost:4200/chunk-3PD7DPD4.js:59
[     187ms] [LOG] %c [AuthService] Ruta no publica. Intentando login silencioso... color: #009688; font-style: italic; @ http://localhost:4200/chunk-3PD7DPD4.js:59
[     189ms] [LOG] %c🚀 [Initializer] Starting application state initialization... color: purple; font-style: italic; @ http://localhost:4200/chunk-3PD7DPD4.js:59
[     308ms] [ERROR] Failed to load resource: the server responded with a status of 404 () @ https://api.iconify.design/fluent-color:alert-20.json:0
[     309ms] [ERROR] Failed to load resource: the server responded with a status of 404 () @ https://api.iconify.design/fluent-color:document-20.json:0
[     309ms] [ERROR] Failed to load resource: the server responded with a status of 404 () @ https://api.iconify.design/fluent-color:mail-20.json:0
[     309ms] [ERROR] Failed to load resource: the server responded with a status of 404 () @ https://api.iconify.design/fluent-color:alert-24.json:0
[     310ms] [ERROR] Failed to load resource: the server responded with a status of 404 () @ https://api.iconify.design/fluent-color:lock-closed-20.json:0
[     310ms] [ERROR] Failed to load resource: the server responded with a status of 404 () @ https://api.iconify.design/fluent-color:checkmark-circle-20.json:0
[     310ms] [ERROR] Failed to load resource: the server responded with a status of 404 () @ https://api.iconify.design/fluent-color:add-circle-20.json:0
[     310ms] [ERROR] Failed to load resource: the server responded with a status of 404 () @ https://api.iconify.design/fluent:lock-open-20-regular.json:0
[     344ms] [LOG] %c [AuthService] Token renovado. Actualizando sesion en memoria. color: color: #4CAF50; font-style: italic;; font-style: italic; @ http://localhost:4200/chunk-3PD7DPD4.js:59
[     344ms] [LOG] %c [AuthTrace] refresh.success.before-set color: #03A9F4; font-style: italic; {at: 2026-08-26T02:04:35.248Z, applicationUserId: 63f5fe75-4fbb-4328-a2dd-b7224778752e, tokenCustomerId: 019c6bee-028a-70e4-98ea-557b645a3ae0, roles: Array(1), customerAccessCount: 9} @ http://localhost:4200/chunk-3PD7DPD4.js:59
[     344ms] [LOG] %c [AuthTrace] refresh.success.after-set color: #03A9F4; font-style: italic; {at: 2026-08-26T02:04:35.248Z, applicationUserId: 63f5fe75-4fbb-4328-a2dd-b7224778752e, tokenCustomerId: 019c6bee-028a-70e4-98ea-557b645a3ae0, roles: Array(1), customerAccessCount: 9} @ http://localhost:4200/chunk-3PD7DPD4.js:59
[     344ms] [LOG] %cLINK [SignalR] Construyendo conexion... color: blue; font-style: italic; @ http://localhost:4200/chunk-3PD7DPD4.js:59
[     344ms] [LOG] %cHEADSET [SignalR] Registrando listeners... color: cyan; font-style: italic; @ http://localhost:4200/chunk-3PD7DPD4.js:59
[     344ms] [LOG] %cLINK [SignalR] Iniciando conexion... color: blue; font-style: italic; @ http://localhost:4200/chunk-3PD7DPD4.js:59
[     345ms] [LOG] %c [AuthTrace] trySilentLogin.finalize color: #8BC34A; font-style: italic; {at: 2026-08-26T02:04:35.249Z, isAuthenticated: true} @ http://localhost:4200/chunk-3PD7DPD4.js:59
[     345ms] [LOG] %c🏢 [Initializer] User session found. Initializing customer state... color: #3F51B5; font-style: italic; @ http://localhost:4200/chunk-3PD7DPD4.js:59
[     346ms] [LOG] %c🔍 [StorageService] Recuperando valor para clave: 'customerId' color: #2196F3; font-style: italic; @ http://localhost:4200/chunk-3PD7DPD4.js:59
[     346ms] [LOG] %c [CustomerTrace] initialize.start color: #FF9800; font-style: italic; {at: 2026-08-26T02:04:35.250Z, state: Object, storedCustomerId: 019c6bee-028a-70e4-98ea-557b645a3ae0, tokenCustomerId: 019c6bee-028a-70e4-98ea-557b645a3ae0, customerAccess: Array(9)} @ http://localhost:4200/chunk-3PD7DPD4.js:59
[     346ms] [LOG] %c🔍 [StorageService] Recuperando valor para clave: 'customerId' color: #2196F3; font-style: italic; @ http://localhost:4200/chunk-3PD7DPD4.js:59
[     347ms] [LOG] %c🔍 [StorageService] Recuperando valor para clave: 'customerId' color: #2196F3; font-style: italic; @ http://localhost:4200/chunk-3PD7DPD4.js:59
[     347ms] [LOG] %c [CustomerTrace] initialize.selected-customer color: #FF9800; font-style: italic; {at: 2026-08-26T02:04:35.251Z, state: Object, storedCustomerId: 019c6bee-028a-70e4-98ea-557b645a3ae0, selectedCustomerId: 019c6bee-028a-70e4-98ea-557b645a3ae0} @ http://localhost:4200/chunk-3PD7DPD4.js:59
[     347ms] [LOG] %c💾 [StorageService] Guardando clave: 'customerId' color: #FF9800; font-style: italic; {value: 019c6bee-028a-70e4-98ea-557b645a3ae0} @ http://localhost:4200/chunk-3PD7DPD4.js:59
[     347ms] [LOG] %c✅ [StorageService] Clave 'customerId' guardada exitosamente. color: #4CAF50; font-style: italic; @ http://localhost:4200/chunk-3PD7DPD4.js:59
[     348ms] [LOG] %c🔍 [StorageService] Recuperando valor para clave: 'customerId' color: #2196F3; font-style: italic; @ http://localhost:4200/chunk-3PD7DPD4.js:59
[     348ms] [LOG] %c [CustomerTrace] loadDataForCustomer.start color: #FF9800; font-style: italic; {at: 2026-08-26T02:04:35.252Z, state: Object, storedCustomerId: 019c6bee-028a-70e4-98ea-557b645a3ae0, customerId: 019c6bee-028a-70e4-98ea-557b645a3ae0} @ http://localhost:4200/chunk-3PD7DPD4.js:59
[     349ms] [LOG] %c🛡️ [JwtInterceptorFn] Auth check completado. Interceptando ruta: color: #FF0000; font-style: italic; http://localhost:7070/api/customers/019c6bee-028a-70e4-98ea-557b645a3ae0 @ http://localhost:4200/chunk-3PD7DPD4.js:59
[     349ms] [LOG] %c🔍 [StorageService] Recuperando valor para clave: 'customerId' color: #2196F3; font-style: italic; @ http://localhost:4200/chunk-3PD7DPD4.js:59
[     350ms] [LOG] %c🔍 [StorageService] Recuperando valor para clave: 'customerId' color: #2196F3; font-style: italic; @ http://localhost:4200/chunk-3PD7DPD4.js:59
[     350ms] [LOG] %c [JwtTrace] request color: #F44336; font-style: italic; {at: 2026-08-26T02:04:35.254Z, url: http://localhost:7070/api/customers/019c6bee-028a-70e4-98ea-557b645a3ae0, method: GET, appUserId: 63f5fe75-4fbb-4328-a2dd-b7224778752e, storageCustomerId: 019c6bee-028a-70e4-98ea-557b645a3ae0} @ http://localhost:4200/chunk-3PD7DPD4.js:59
[     374ms] [INFO] [2026-08-26T02:04:35.278Z] Information: WebSocket connected to ws://localhost:7070/ws/notificationHub?id=ikOfO3jpOyGqu6AFVUhUrA&access_token=eyJhbGciOiJIUzI1NiIsInR5cCI6IkpXVCJ9.eyJzdWIiOiI2M2Y1ZmU3NS00ZmJiLTQzMjgtYTJkZC1iNzIyNDc3ODc1MmUiLCJqdGkiOiIwMWEwM2JjZi1lNDAxLTcxNzktYWU0MC1hMDkxMjQ3MTJlNmQiLCJpYXQiOjE3ODc3MDk4NzUsIm5hbWUiOiJBZG1pbmlzdHJhZG9yIExCRyIsImVtYWlsIjoiaW5mb0BsdXh1cnlidWlsZGluZy5jb20ubXgiLCJ1c2VybmFtZSI6ImFkbWluIiwiY3VzdG9tZXJJZCI6IjAxOWM2YmVlLTAyOGEtNzBlNC05OGVhLTU1N2I2NDVhM2FlMCIsImN1c3RvbWVyTmFtZSI6IkxVWFVSWSBCVUlMRElORyBHUk9VUCBTQSBERSBDViIsImZpcnN0TmFtZSI6IkFkbWluaXN0cmFkb3IiLCJsYXN0TmFtZSI6IkxCRyIsInBob25lIjoiKDU1KSAwMDAwLSAwMDAwIiwicGhvdG9QYXRoIjoiaHR0cDovL2xvY2FsaG9zdDo3MDcwL2FwaS9maWxlcy9kb3dubG9hZD9maWxlUGF0aD1wdWJsaWMlMmZBZG1pbmlzdHJhdGlvbiUyZmFjY291bnRzJTJmMDE5ZmE0NjUtMTkyMC03NzcyLWE5NDgtNzZhMDFlOGFiNzZjLnBuZyIsInBvc2l0aW9uIjoiRW1wbGVhZG8iLCJodHRwOi8vc2NoZW1hcy5taWNyb3NvZnQuY29tL3dzLzIwMDgvMDYvaWRlbnRpdHkvY2xhaW1zL3JvbGUiOiJTdXBlclVzdWFyaW8iLCJyb2xlSWQiOiI2OTlkN2NjMS1kMTQzLTQ5ODUtYjU1YS1kMDMwODY0YzY5M2UiLCJleHAiOjE3ODc3MTM0NzUsImlzcyI6Imh0dHBzOi8vbG9jYWxob3N0OjcwNjkiLCJhdWQiOiJodHRwczovL2xvY2FsaG9zdDo0MjAwIn0.Uw5971VOEGYASP1bW7zaoa6VpMrt1lIkM9ZTkt4ueEk. @ http://localhost:4200/@fs/D:/repos/luxuryapp-api/client/angular/.angular/cache/22.0.5/luxury-app/vite/deps/@microsoft_signalr.js?v=3990ee8e:299
[     374ms] [INFO] [2026-08-26T02:04:35.279Z] Information: Using HubProtocol 'json'. @ http://localhost:4200/@fs/D:/repos/luxuryapp-api/client/angular/.angular/cache/22.0.5/luxury-app/vite/deps/@microsoft_signalr.js?v=3990ee8e:299
[     376ms] [LOG] %c🔍 [StorageService] Recuperando valor para clave: 'customerId' color: #2196F3; font-style: italic; @ http://localhost:4200/chunk-3PD7DPD4.js:59
[     377ms] [LOG] %c [CustomerTrace] loadDataForCustomer.response color: #FF9800; font-style: italic; {at: 2026-08-26T02:04:35.281Z, state: Object, storedCustomerId: 019c6bee-028a-70e4-98ea-557b645a3ae0, customerId: 019c6bee-028a-70e4-98ea-557b645a3ae0, success: true} @ http://localhost:4200/chunk-3PD7DPD4.js:59
[     377ms] [LOG] %c🔍 [StorageService] Recuperando valor para clave: 'customerId' color: #2196F3; font-style: italic; @ http://localhost:4200/chunk-3PD7DPD4.js:59
[     378ms] [LOG] %c [CustomerTrace] loadDataForCustomer.ready color: #FF9800; font-style: italic; {at: 2026-08-26T02:04:35.282Z, state: Object, storedCustomerId: 019c6bee-028a-70e4-98ea-557b645a3ae0, customerId: 019c6bee-028a-70e4-98ea-557b645a3ae0} @ http://localhost:4200/chunk-3PD7DPD4.js:59
[     378ms] [LOG] %c✅ [Initializer] State initialization complete. color: green; font-style: italic; @ http://localhost:4200/chunk-3PD7DPD4.js:59
[     381ms] [LOG] %c🔄 UpdateService: Inicializando servicio de actualizaciones color: blue; font-weight: bold; @ http://localhost:4200/chunk-WEIOKMZ7.js:10
[     382ms] [LOG] %c🔄 UpdateService: ❌ Service Worker NO habilitado color: red; font-weight: bold; @ http://localhost:4200/chunk-WEIOKMZ7.js:22
[     395ms] [LOG] %c🚀 [App] ¡Aplicación iniciada! Soy más ligero y rápido que nunca. color: #673AB7; font-style: italic; @ http://localhost:4200/chunk-3PD7DPD4.js:59
[     421ms] [LOG] Angular is running in development mode. @ http://localhost:4200/@fs/D:/repos/luxuryapp-api/client/angular/.angular/cache/22.0.5/luxury-app/vite/deps/chunk-DBUQFU5K.js?v=3990ee8e:11608
[     423ms] [LOG] %cLINK [SignalR] Conexion iniciada con exito. color: green; font-style: italic; @ http://localhost:4200/chunk-3PD7DPD4.js:59
[     424ms] [LOG] %cSTATE [SignalR] connectionId = 'HxzeF6gZ2BrzT5OVqt-TPA' color: green; font-style: italic; @ http://localhost:4200/chunk-3PD7DPD4.js:59
[     428ms] [LOG] %cUSER [SignalR] Evento ConnectedUser recibido: color: blue; font-style: italic; Bienvenido 63f5fe75-4fbb-4328-a2dd-b7224778752e @ http://localhost:4200/chunk-3PD7DPD4.js:59
[    1264ms] [LOG] %c🎉 [LayoutEmployee] ¡Layout de empleado cargado! Despertando a los gigantes (SignalR, OneSignal...) color: #2196F3; font-style: italic; @ http://localhost:4200/chunk-3PD7DPD4.js:59
[    1265ms] [LOG] %cLINK [SignalR] Construyendo conexion... color: blue; font-style: italic; @ http://localhost:4200/chunk-3PD7DPD4.js:59
[    1265ms] [LOG] %cHEADSET [SignalR] Registrando listeners... color: cyan; font-style: italic; @ http://localhost:4200/chunk-3PD7DPD4.js:59
[    1266ms] [LOG] %cLINK [SignalR] Iniciando conexion... color: blue; font-style: italic; @ http://localhost:4200/chunk-3PD7DPD4.js:59
[    1266ms] [LOG] %cℹ️ [LayoutEmployee] Usuario 63f5fe75-4fbb-4328-a2dd-b7224778752e autenticado. Iniciando OneSignal... color: dodgerblue;font-style: italic @ http://localhost:4200/chunk-3PD7DPD4.js:72
[    1266ms] [LOG] %c... [OneSignal] Esperando que el SDK este listo... color: orange; font-style: italic; @ http://localhost:4200/chunk-3PD7DPD4.js:59
[    1284ms] [LOG] %cLINK [SignalR] Se intento iniciar una conexion ya existente. color: orange; font-style: italic; @ http://localhost:4200/chunk-3PD7DPD4.js:59
[    1286ms] [LOG] %c🛡️ [JwtInterceptorFn] Auth check completado. Interceptando ruta: color: #FF0000; font-style: italic; http://localhost:7070/api/budget-proposal?customerId=019c6bee-028a-70e4-98ea-557b645a3ae0&fiscalYear=2026 @ http://localhost:4200/chunk-3PD7DPD4.js:59
[    1287ms] [LOG] %c🔍 [StorageService] Recuperando valor para clave: 'customerId' color: #2196F3; font-style: italic; @ http://localhost:4200/chunk-3PD7DPD4.js:59
[    1288ms] [LOG] %c🔍 [StorageService] Recuperando valor para clave: 'customerId' color: #2196F3; font-style: italic; @ http://localhost:4200/chunk-3PD7DPD4.js:59
[    1288ms] [LOG] %c [JwtTrace] request color: #F44336; font-style: italic; {at: 2026-08-26T02:04:36.192Z, url: http://localhost:7070/api/budget-proposal?customer…c6bee-028a-70e4-98ea-557b645a3ae0&fiscalYear=2026, method: GET, appUserId: 63f5fe75-4fbb-4328-a2dd-b7224778752e, storageCustomerId: 019c6bee-028a-70e4-98ea-557b645a3ae0} @ http://localhost:4200/chunk-3PD7DPD4.js:59
[    1350ms] [LOG] %c🛡️ [JwtInterceptorFn] Auth check completado. Interceptando ruta: color: #FF0000; font-style: italic; http://localhost:7070/api/notifications @ http://localhost:4200/chunk-3PD7DPD4.js:59
[    1351ms] [LOG] %c🔍 [StorageService] Recuperando valor para clave: 'customerId' color: #2196F3; font-style: italic; @ http://localhost:4200/chunk-3PD7DPD4.js:59
[    1352ms] [LOG] %c🔍 [StorageService] Recuperando valor para clave: 'customerId' color: #2196F3; font-style: italic; @ http://localhost:4200/chunk-3PD7DPD4.js:59
[    1352ms] [LOG] %c [JwtTrace] request color: #F44336; font-style: italic; {at: 2026-08-26T02:04:36.256Z, url: http://localhost:7070/api/notifications, method: GET, appUserId: 63f5fe75-4fbb-4328-a2dd-b7224778752e, storageCustomerId: 019c6bee-028a-70e4-98ea-557b645a3ae0} @ http://localhost:4200/chunk-3PD7DPD4.js:59
[    1354ms] [LOG] %c🛡️ [JwtInterceptorFn] Auth check completado. Interceptando ruta: color: #FF0000; font-style: italic; http://localhost:7070/api/notifications/unread-count @ http://localhost:4200/chunk-3PD7DPD4.js:59
[    1355ms] [LOG] %c🔍 [StorageService] Recuperando valor para clave: 'customerId' color: #2196F3; font-style: italic; @ http://localhost:4200/chunk-3PD7DPD4.js:59
[    1355ms] [LOG] %c🔍 [StorageService] Recuperando valor para clave: 'customerId' color: #2196F3; font-style: italic; @ http://localhost:4200/chunk-3PD7DPD4.js:59
[    1356ms] [LOG] %c [JwtTrace] request color: #F44336; font-style: italic; {at: 2026-08-26T02:04:36.260Z, url: http://localhost:7070/api/notifications/unread-count, method: GET, appUserId: 63f5fe75-4fbb-4328-a2dd-b7224778752e, storageCustomerId: 019c6bee-028a-70e4-98ea-557b645a3ae0} @ http://localhost:4200/chunk-3PD7DPD4.js:59
[    1377ms] [LOG] %c [MenuTrace] effect.tick color: #9C27B0; font-style: italic; {at: 2026-08-26T02:04:36.281Z, customerId: 019c6bee-028a-70e4-98ea-557b645a3ae0, customerReady: true, applicationUserId: 63f5fe75-4fbb-4328-a2dd-b7224778752e, lastCustomerId: null} @ http://localhost:4200/chunk-3PD7DPD4.js:59
[    1377ms] [LOG] %c [MenuService] Customer data and session are ready. Loading menu... color: green; font-style: italic; @ http://localhost:4200/chunk-3PD7DPD4.js:59
[    1378ms] [LOG] %c [MenuTrace] triggerMenuLoad.start color: #9C27B0; font-style: italic; {at: 2026-08-26T02:04:36.282Z, customerId: 019c6bee-028a-70e4-98ea-557b645a3ae0, customerReady: true, applicationUserId: 63f5fe75-4fbb-4328-a2dd-b7224778752e, lastCustomerId: null} @ http://localhost:4200/chunk-3PD7DPD4.js:59
[    1378ms] [LOG] %c🛡️ [JwtInterceptorFn] Auth check completado. Interceptando ruta: color: #FF0000; font-style: italic; http://localhost:7070/api/menu-items/019c6bee-028a-70e4-98ea-557b645a3ae0 @ http://localhost:4200/chunk-3PD7DPD4.js:59
[    1379ms] [LOG] %c🔍 [StorageService] Recuperando valor para clave: 'customerId' color: #2196F3; font-style: italic; @ http://localhost:4200/chunk-3PD7DPD4.js:59
[    1379ms] [LOG] %c🔍 [StorageService] Recuperando valor para clave: 'customerId' color: #2196F3; font-style: italic; @ http://localhost:4200/chunk-3PD7DPD4.js:59
[    1380ms] [LOG] %c [JwtTrace] request color: #F44336; font-style: italic; {at: 2026-08-26T02:04:36.283Z, url: http://localhost:7070/api/menu-items/019c6bee-028a-70e4-98ea-557b645a3ae0, method: GET, appUserId: 63f5fe75-4fbb-4328-a2dd-b7224778752e, storageCustomerId: 019c6bee-028a-70e4-98ea-557b645a3ae0} @ http://localhost:4200/chunk-3PD7DPD4.js:59
[    1385ms] [LOG] %cok [OneSignal] SDK listo color: green; font-style: italic; @ http://localhost:4200/chunk-3PD7DPD4.js:59
[    1417ms] [ERROR] Failed to load resource: the server responded with a status of 404 (Not Found) @ http://localhost:7070/api/files/download?filePath=public%2fAdministration%2faccounts%2f019fa465-1920-7772-a948-76a01e8ab76c.png:0
[    1546ms] [ERROR] Failed to load resource: the server responded with a status of 404 (Not Found) @ http://localhost:7070/api/budget-proposal?customerId=019c6bee-028a-70e4-98ea-557b645a3ae0&fiscalYear=2026:0
[    1567ms] [LOG] %c🚫 API Error: GET LIST: budget-proposal?customerId=019c6bee-028a-70e4-98ea-557b645a3ae0&fiscalYear=2026 color: red;font-style: italic No existe mapeo de empresa Aspel de tipo 'Contabilidad' para el customerId 019c6bee-028a-70e4-98ea-557b645a3ae0. @ http://localhost:4200/chunk-3PD7DPD4.js:72
[    1569ms] [LOG] %c [API SUCCESS]: GET NoLoading: notifications color: gray; font-style: italic; [] @ http://localhost:4200/chunk-3PD7DPD4.js:59
[    1570ms] [LOG] %c [API SUCCESS]: GET NoLoading: notifications/unread-count color: gray; font-style: italic; 0 @ http://localhost:4200/chunk-3PD7DPD4.js:59
[    1572ms] [LOG] %c [API SUCCESS]: GET LIST: menu-items/019c6bee-028a-70e4-98ea-557b645a3ae0 color: teal; font-style: italic; [Object, Object, Object, Object, Object, Object, Object, Object, Object, Object, Object, Object, Object, Object, Object, Object, Object, Object, Object, Object, Object, Object, Object, Object] @ http://localhost:4200/chunk-3PD7DPD4.js:59
[    1572ms] [LOG] %c [MenuTrace] fetchMenuItemsFromApi.success color: #9C27B0; font-style: italic; {at: 2026-08-26T02:04:36.477Z, customerId: 019c6bee-028a-70e4-98ea-557b645a3ae0, customerReady: true, applicationUserId: 63f5fe75-4fbb-4328-a2dd-b7224778752e, lastCustomerId: 019c6bee-028a-70e4-98ea-557b645a3ae0} @ http://localhost:4200/chunk-3PD7DPD4.js:59
[    1573ms] [LOG] %c [MenuTrace] triggerMenuLoad.response color: #9C27B0; font-style: italic; {at: 2026-08-26T02:04:36.477Z, customerId: 019c6bee-028a-70e4-98ea-557b645a3ae0, customerReady: true, applicationUserId: 63f5fe75-4fbb-4328-a2dd-b7224778752e, lastCustomerId: 019c6bee-028a-70e4-98ea-557b645a3ae0} @ http://localhost:4200/chunk-3PD7DPD4.js:59
[    1640ms] [INFO] [2026-08-26T02:04:36.545Z] Information: WebSocket connected to ws://localhost:7070/ws/notificationHub?id=xYdfik0kjvhPXAr_YikECg&access_token=eyJhbGciOiJIUzI1NiIsInR5cCI6IkpXVCJ9.eyJzdWIiOiI2M2Y1ZmU3NS00ZmJiLTQzMjgtYTJkZC1iNzIyNDc3ODc1MmUiLCJqdGkiOiIwMWEwM2JjZi1lNDAxLTcxNzktYWU0MC1hMDkxMjQ3MTJlNmQiLCJpYXQiOjE3ODc3MDk4NzUsIm5hbWUiOiJBZG1pbmlzdHJhZG9yIExCRyIsImVtYWlsIjoiaW5mb0BsdXh1cnlidWlsZGluZy5jb20ubXgiLCJ1c2VybmFtZSI6ImFkbWluIiwiY3VzdG9tZXJJZCI6IjAxOWM2YmVlLTAyOGEtNzBlNC05OGVhLTU1N2I2NDVhM2FlMCIsImN1c3RvbWVyTmFtZSI6IkxVWFVSWSBCVUlMRElORyBHUk9VUCBTQSBERSBDViIsImZpcnN0TmFtZSI6IkFkbWluaXN0cmFkb3IiLCJsYXN0TmFtZSI6IkxCRyIsInBob25lIjoiKDU1KSAwMDAwLSAwMDAwIiwicGhvdG9QYXRoIjoiaHR0cDovL2xvY2FsaG9zdDo3MDcwL2FwaS9maWxlcy9kb3dubG9hZD9maWxlUGF0aD1wdWJsaWMlMmZBZG1pbmlzdHJhdGlvbiUyZmFjY291bnRzJTJmMDE5ZmE0NjUtMTkyMC03NzcyLWE5NDgtNzZhMDFlOGFiNzZjLnBuZyIsInBvc2l0aW9uIjoiRW1wbGVhZG8iLCJodHRwOi8vc2NoZW1hcy5taWNyb3NvZnQuY29tL3dzLzIwMDgvMDYvaWRlbnRpdHkvY2xhaW1zL3JvbGUiOiJTdXBlclVzdWFyaW8iLCJyb2xlSWQiOiI2OTlkN2NjMS1kMTQzLTQ5ODUtYjU1YS1kMDMwODY0YzY5M2UiLCJleHAiOjE3ODc3MTM0NzUsImlzcyI6Imh0dHBzOi8vbG9jYWxob3N0OjcwNjkiLCJhdWQiOiJodHRwczovL2xvY2FsaG9zdDo0MjAwIn0.Uw5971VOEGYASP1bW7zaoa6VpMrt1lIkM9ZTkt4ueEk. @ http://localhost:4200/@fs/D:/repos/luxuryapp-api/client/angular/.angular/cache/22.0.5/luxury-app/vite/deps/@microsoft_signalr.js?v=3990ee8e:299
[    1641ms] [INFO] [2026-08-26T02:04:36.545Z] Information: Using HubProtocol 'json'. @ http://localhost:4200/@fs/D:/repos/luxuryapp-api/client/angular/.angular/cache/22.0.5/luxury-app/vite/deps/@microsoft_signalr.js?v=3990ee8e:299
[    1646ms] [LOG] %cLINK [SignalR] Conexion iniciada con exito. color: green; font-style: italic; @ http://localhost:4200/chunk-3PD7DPD4.js:59
[    1646ms] [LOG] %cSTATE [SignalR] connectionId = 'EBozdseSTsCLaTbHgr398Q' color: green; font-style: italic; @ http://localhost:4200/chunk-3PD7DPD4.js:59
[    1652ms] [LOG] %cUSER [SignalR] Evento ConnectedUser recibido: color: blue; font-style: italic; Bienvenido 63f5fe75-4fbb-4328-a2dd-b7224778752e @ http://localhost:4200/chunk-3PD7DPD4.js:59
[    1839ms] [LOG] %cpkg [OneSignal] Inicializado con App ID: color: teal; font-style: italic; 1d454470-eba5-4d7b-82e8-f91b7bed263b @ http://localhost:4200/chunk-3PD7DPD4.js:59
[    1840ms] [LOG] %cear [OneSignal] Listeners registrados. color: cyan; font-style: italic; @ http://localhost:4200/chunk-3PD7DPD4.js:59
[    1840ms] [LOG] %cuser [OneSignal] Usuario logueado con ExternalUserId: 63f5fe75-4fbb-4328-a2dd-b7224778752e color: darkslateblue; font-style: italic; @ http://localhost:4200/chunk-3PD7DPD4.js:59
[    1840ms] [LOG] %csub [OneSignal] Permiso: color: dodgerblue; font-style: italic; false | Suscrito: false @ http://localhost:4200/chunk-3PD7DPD4.js:59
[    1841ms] [LOG] %cwarn [OneSignal] Usuario no completamente suscrito. color: orange; font-style: italic; @ http://localhost:4200/chunk-3PD7DPD4.js:59
[    4752ms] [WARNING] The resource http://localhost:4200/assets/fonts/outfit-latin-var.woff2 was preloaded using link preload but not used within a few seconds from the window's load event. Please make sure it has an appropriate `as` value and it is preloaded intentionally. @ http://localhost:4200/contabilidad/budget-proposal:0
[   15235ms] [WARNING] The resource http://localhost:4200/assets/fonts/outfit-latin-var.woff2 was preloaded using link preload but not used within a few seconds from the window's load event. Please make sure it has an appropriate `as` value and it is preloaded intentionally. @ http://localhost:4200/contabilidad/budget-proposal:0
[   33577ms] [LOG] %c🔍 [StorageService] Recuperando valor para clave: 'customerId' color: #2196F3; font-style: italic; @ http://localhost:4200/chunk-3PD7DPD4.js:59
[   33577ms] [LOG] %c [CustomerTrace] setCustomerId.start color: #FF9800; font-style: italic; {at: 2026-08-26T02:05:08.481Z, state: Object, storedCustomerId: 019c6bee-028a-70e4-98ea-557b645a3ae0, requestedCustomerId: 019c6bee-0305-7fbd-80e9-91ca348f903c, currentCustomerId: 019c6bee-028a-70e4-98ea-557b645a3ae0} @ http://localhost:4200/chunk-3PD7DPD4.js:59
[   33578ms] [LOG] %c🔍 [StorageService] Recuperando valor para clave: 'customerId' color: #2196F3; font-style: italic; @ http://localhost:4200/chunk-3PD7DPD4.js:59
[   33578ms] [LOG] %c [CustomerTrace] setCustomerId.mark-not-ready color: #FF9800; font-style: italic; {at: 2026-08-26T02:05:08.482Z, state: Object, storedCustomerId: 019c6bee-028a-70e4-98ea-557b645a3ae0, requestedCustomerId: 019c6bee-0305-7fbd-80e9-91ca348f903c} @ http://localhost:4200/chunk-3PD7DPD4.js:59
[   33578ms] [LOG] %c💾 [StorageService] Guardando clave: 'customerId' color: #FF9800; font-style: italic; {value: 019c6bee-0305-7fbd-80e9-91ca348f903c} @ http://localhost:4200/chunk-3PD7DPD4.js:59
[   33578ms] [LOG] %c✅ [StorageService] Clave 'customerId' guardada exitosamente. color: #4CAF50; font-style: italic; @ http://localhost:4200/chunk-3PD7DPD4.js:59
[   33578ms] [LOG] %c🔍 [StorageService] Recuperando valor para clave: 'customerId' color: #2196F3; font-style: italic; @ http://localhost:4200/chunk-3PD7DPD4.js:59
[   33578ms] [LOG] %c [CustomerTrace] loadDataForCustomer.start color: #FF9800; font-style: italic; {at: 2026-08-26T02:05:08.483Z, state: Object, storedCustomerId: 019c6bee-0305-7fbd-80e9-91ca348f903c, customerId: 019c6bee-0305-7fbd-80e9-91ca348f903c} @ http://localhost:4200/chunk-3PD7DPD4.js:59
[   33579ms] [LOG] %c🛡️ [JwtInterceptorFn] Auth check completado. Interceptando ruta: color: #FF0000; font-style: italic; http://localhost:7070/api/customers/019c6bee-0305-7fbd-80e9-91ca348f903c @ http://localhost:4200/chunk-3PD7DPD4.js:59
[   33579ms] [LOG] %c🔍 [StorageService] Recuperando valor para clave: 'customerId' color: #2196F3; font-style: italic; @ http://localhost:4200/chunk-3PD7DPD4.js:59
[   33579ms] [LOG] %c🔍 [StorageService] Recuperando valor para clave: 'customerId' color: #2196F3; font-style: italic; @ http://localhost:4200/chunk-3PD7DPD4.js:59
[   33580ms] [LOG] %c [JwtTrace] request color: #F44336; font-style: italic; {at: 2026-08-26T02:05:08.484Z, url: http://localhost:7070/api/customers/019c6bee-0305-7fbd-80e9-91ca348f903c, method: GET, appUserId: 63f5fe75-4fbb-4328-a2dd-b7224778752e, storageCustomerId: 019c6bee-0305-7fbd-80e9-91ca348f903c} @ http://localhost:4200/chunk-3PD7DPD4.js:59
[   33585ms] [LOG] %c [MenuTrace] effect.tick color: #9C27B0; font-style: italic; {at: 2026-08-26T02:05:08.489Z, customerId: 019c6bee-028a-70e4-98ea-557b645a3ae0, customerReady: false, applicationUserId: 63f5fe75-4fbb-4328-a2dd-b7224778752e, lastCustomerId: 019c6bee-028a-70e4-98ea-557b645a3ae0} @ http://localhost:4200/chunk-3PD7DPD4.js:59
[   33585ms] [LOG] %c [MenuService] Data or session not ready. Clearing menu... color: gray; font-style: italic; @ http://localhost:4200/chunk-3PD7DPD4.js:59
[   33586ms] [LOG] %c [MenuTrace] effect.clearing-cache color: #9C27B0; font-style: italic; {at: 2026-08-26T02:05:08.490Z, customerId: 019c6bee-028a-70e4-98ea-557b645a3ae0, customerReady: false, applicationUserId: 63f5fe75-4fbb-4328-a2dd-b7224778752e, lastCustomerId: 019c6bee-028a-70e4-98ea-557b645a3ae0} @ http://localhost:4200/chunk-3PD7DPD4.js:59
[   33586ms] [LOG] %c [MenuTrace] clearCache.before color: #9C27B0; font-style: italic; {at: 2026-08-26T02:05:08.491Z, customerId: 019c6bee-028a-70e4-98ea-557b645a3ae0, customerReady: false, applicationUserId: 63f5fe75-4fbb-4328-a2dd-b7224778752e, lastCustomerId: 019c6bee-028a-70e4-98ea-557b645a3ae0} @ http://localhost:4200/chunk-3PD7DPD4.js:59
[   33587ms] [LOG] %c [MenuTrace] clearCache.after color: #9C27B0; font-style: italic; {at: 2026-08-26T02:05:08.491Z, customerId: 019c6bee-028a-70e4-98ea-557b645a3ae0, customerReady: false, applicationUserId: 63f5fe75-4fbb-4328-a2dd-b7224778752e, lastCustomerId: null} @ http://localhost:4200/chunk-3PD7DPD4.js:59
[   33601ms] [LOG] %c🔍 [StorageService] Recuperando valor para clave: 'customerId' color: #2196F3; font-style: italic; @ http://localhost:4200/chunk-3PD7DPD4.js:59
[   33601ms] [LOG] %c [CustomerTrace] loadDataForCustomer.response color: #FF9800; font-style: italic; {at: 2026-08-26T02:05:08.505Z, state: Object, storedCustomerId: 019c6bee-0305-7fbd-80e9-91ca348f903c, customerId: 019c6bee-0305-7fbd-80e9-91ca348f903c, success: true} @ http://localhost:4200/chunk-3PD7DPD4.js:59
[   33602ms] [LOG] %c🔍 [StorageService] Recuperando valor para clave: 'customerId' color: #2196F3; font-style: italic; @ http://localhost:4200/chunk-3PD7DPD4.js:59
[   33603ms] [LOG] %c [CustomerTrace] loadDataForCustomer.ready color: #FF9800; font-style: italic; {at: 2026-08-26T02:05:08.507Z, state: Object, storedCustomerId: 019c6bee-0305-7fbd-80e9-91ca348f903c, customerId: 019c6bee-0305-7fbd-80e9-91ca348f903c} @ http://localhost:4200/chunk-3PD7DPD4.js:59
[   33604ms] [LOG] %c [MenuTrace] effect.tick color: #9C27B0; font-style: italic; {at: 2026-08-26T02:05:08.509Z, customerId: 019c6bee-0305-7fbd-80e9-91ca348f903c, customerReady: true, applicationUserId: 63f5fe75-4fbb-4328-a2dd-b7224778752e, lastCustomerId: null} @ http://localhost:4200/chunk-3PD7DPD4.js:59
[   33605ms] [LOG] %c [MenuService] Customer data and session are ready. Loading menu... color: green; font-style: italic; @ http://localhost:4200/chunk-3PD7DPD4.js:59
[   33606ms] [LOG] %c [MenuTrace] triggerMenuLoad.start color: #9C27B0; font-style: italic; {at: 2026-08-26T02:05:08.510Z, customerId: 019c6bee-0305-7fbd-80e9-91ca348f903c, customerReady: true, applicationUserId: 63f5fe75-4fbb-4328-a2dd-b7224778752e, lastCustomerId: null} @ http://localhost:4200/chunk-3PD7DPD4.js:59
[   33607ms] [LOG] %c🛡️ [JwtInterceptorFn] Auth check completado. Interceptando ruta: color: #FF0000; font-style: italic; http://localhost:7070/api/menu-items/019c6bee-0305-7fbd-80e9-91ca348f903c @ http://localhost:4200/chunk-3PD7DPD4.js:59
[   33607ms] [LOG] %c🔍 [StorageService] Recuperando valor para clave: 'customerId' color: #2196F3; font-style: italic; @ http://localhost:4200/chunk-3PD7DPD4.js:59
[   33608ms] [LOG] %c🔍 [StorageService] Recuperando valor para clave: 'customerId' color: #2196F3; font-style: italic; @ http://localhost:4200/chunk-3PD7DPD4.js:59
[   33608ms] [LOG] %c [JwtTrace] request color: #F44336; font-style: italic; {at: 2026-08-26T02:05:08.512Z, url: http://localhost:7070/api/menu-items/019c6bee-0305-7fbd-80e9-91ca348f903c, method: GET, appUserId: 63f5fe75-4fbb-4328-a2dd-b7224778752e, storageCustomerId: 019c6bee-0305-7fbd-80e9-91ca348f903c} @ http://localhost:4200/chunk-3PD7DPD4.js:59
[   33610ms] [LOG] %c🛡️ [JwtInterceptorFn] Auth check completado. Interceptando ruta: color: #FF0000; font-style: italic; http://localhost:7070/api/budget-proposal?customerId=019c6bee-0305-7fbd-80e9-91ca348f903c&fiscalYear=2026 @ http://localhost:4200/chunk-3PD7DPD4.js:59
[   33611ms] [LOG] %c🔍 [StorageService] Recuperando valor para clave: 'customerId' color: #2196F3; font-style: italic; @ http://localhost:4200/chunk-3PD7DPD4.js:59
[   33612ms] [LOG] %c🔍 [StorageService] Recuperando valor para clave: 'customerId' color: #2196F3; font-style: italic; @ http://localhost:4200/chunk-3PD7DPD4.js:59
[   33612ms] [LOG] %c [JwtTrace] request color: #F44336; font-style: italic; {at: 2026-08-26T02:05:08.516Z, url: http://localhost:7070/api/budget-proposal?customer…c6bee-0305-7fbd-80e9-91ca348f903c&fiscalYear=2026, method: GET, appUserId: 63f5fe75-4fbb-4328-a2dd-b7224778752e, storageCustomerId: 019c6bee-0305-7fbd-80e9-91ca348f903c} @ http://localhost:4200/chunk-3PD7DPD4.js:59
[   33746ms] [LOG] %c [API SUCCESS]: GET LIST: menu-items/019c6bee-0305-7fbd-80e9-91ca348f903c color: teal; font-style: italic; [Object, Object, Object, Object, Object, Object, Object, Object, Object, Object, Object, Object, Object, Object, Object, Object, Object, Object, Object, Object, Object, Object, Object, Object] @ http://localhost:4200/chunk-3PD7DPD4.js:59
[   33747ms] [LOG] %c [MenuTrace] fetchMenuItemsFromApi.success color: #9C27B0; font-style: italic; {at: 2026-08-26T02:05:08.651Z, customerId: 019c6bee-0305-7fbd-80e9-91ca348f903c, customerReady: true, applicationUserId: 63f5fe75-4fbb-4328-a2dd-b7224778752e, lastCustomerId: 019c6bee-0305-7fbd-80e9-91ca348f903c} @ http://localhost:4200/chunk-3PD7DPD4.js:59
[   33747ms] [LOG] %c [MenuTrace] triggerMenuLoad.response color: #9C27B0; font-style: italic; {at: 2026-08-26T02:05:08.651Z, customerId: 019c6bee-0305-7fbd-80e9-91ca348f903c, customerReady: true, applicationUserId: 63f5fe75-4fbb-4328-a2dd-b7224778752e, lastCustomerId: 019c6bee-0305-7fbd-80e9-91ca348f903c} @ http://localhost:4200/chunk-3PD7DPD4.js:59
[   36048ms] [LOG] %c [API SUCCESS]: GET LIST: budget-proposal?customerId=019c6bee-0305-7fbd-80e9-91ca348f903c&fiscalYear=2026 color: teal; font-style: italic; {customerId: 019c6bee-0305-7fbd-80e9-91ca348f903c, name: Propuesta Presupuesto 2027, fiscalYear: 2027, status: Borrador, totalAmount: 3960656} @ http://localhost:4200/chunk-3PD7DPD4.js:59
[   38885ms] [LOG] %cJOIN [SignalR] Unido al grupo: proposal-019c6bee-0305-7fbd-80e9-91ca348f903c-2026 color: blue; font-style: italic; @ http://localhost:4200/chunk-3PD7DPD4.js:59
[   42007ms] [WARNING] The resource http://localhost:4200/assets/fonts/outfit-latin-var.woff2 was preloaded using link preload but not used within a few seconds from the window's load event. Please make sure it has an appropriate `as` value and it is preloaded intentionally. @ http://localhost:4200/contabilidad/budget-proposal:0
[   53595ms] [LOG] %c🛡️ [JwtInterceptorFn] Auth check completado. Interceptando ruta: color: #FF0000; font-style: italic; http://localhost:7070/api/budget-proposal/019c6c06-c605-787b-ae00-e00399ef03ca/fee-comparison @ http://localhost:4200/chunk-3PD7DPD4.js:59
[   53595ms] [LOG] %c🔍 [StorageService] Recuperando valor para clave: 'customerId' color: #2196F3; font-style: italic; @ http://localhost:4200/chunk-3PD7DPD4.js:59
[   53596ms] [LOG] %c🔍 [StorageService] Recuperando valor para clave: 'customerId' color: #2196F3; font-style: italic; @ http://localhost:4200/chunk-3PD7DPD4.js:59
[   53596ms] [LOG] %c [JwtTrace] request color: #F44336; font-style: italic; {at: 2026-08-26T02:05:28.500Z, url: http://localhost:7070/api/budget-proposal/019c6c06-c605-787b-ae00-e00399ef03ca/fee-comparison, method: GET, appUserId: 63f5fe75-4fbb-4328-a2dd-b7224778752e, storageCustomerId: 019c6bee-0305-7fbd-80e9-91ca348f903c} @ http://localhost:4200/chunk-3PD7DPD4.js:59
[   54572ms] [LOG] %c [API SUCCESS]: GET LIST: budget-proposal/019c6c06-c605-787b-ae00-e00399ef03ca/fee-comparison color: teal; font-style: italic; {currentTotalBudget: 47527872, newTotalBudget: 47527872, propertyCount: 312, currentMonthlyFee: 12694.410256410256, newMonthlyFee: 12694.410256410256} @ http://localhost:4200/chunk-3PD7DPD4.js:59
[   57733ms] [WARNING] The resource http://localhost:4200/assets/fonts/outfit-latin-var.woff2 was preloaded using link preload but not used within a few seconds from the window's load event. Please make sure it has an appropriate `as` value and it is preloaded intentionally. @ http://localhost:4200/contabilidad/budget-proposal:0
