[     341ms] [LOG] %c📦 [StorageService] Inicializando servicio de almacenamiento local... color: #3F51B5; font-style: italic; @ http://localhost:4200/chunk-HED6L54Z.js:59
[     342ms] [LOG] %c [AuthService] Verificando ruta inicial: /directory/staff | Es publica: false color: #9C27B0; font-style: italic; @ http://localhost:4200/chunk-HED6L54Z.js:59
[     342ms] [LOG] %c [AuthService] Ruta no publica. Intentando login silencioso... color: #009688; font-style: italic; @ http://localhost:4200/chunk-HED6L54Z.js:59
[     344ms] [LOG] %c🚀 [Initializer] Starting application state initialization... color: purple; font-style: italic; @ http://localhost:4200/chunk-HED6L54Z.js:59
[     543ms] [ERROR] Failed to load resource: the server responded with a status of 404 () @ https://api.iconify.design/fluent-color:alert-16.json:0
[     544ms] [ERROR] Failed to load resource: the server responded with a status of 404 () @ https://api.iconify.design/fluent-color:document-16.json:0
[     544ms] [ERROR] Failed to load resource: the server responded with a status of 404 () @ https://api.iconify.design/fluent-color:mail-16.json:0
[     544ms] [ERROR] Failed to load resource: the server responded with a status of 404 () @ https://api.iconify.design/fluent-color:alert-24.json:0
[     545ms] [ERROR] Failed to load resource: the server responded with a status of 404 () @ https://api.iconify.design/fluent-color:lock-closed-16.json:0
[     545ms] [ERROR] Failed to load resource: the server responded with a status of 404 () @ https://api.iconify.design/fluent-color:checkmark-circle-16.json:0
[     545ms] [ERROR] Failed to load resource: the server responded with a status of 404 () @ https://api.iconify.design/fluent-color:add-circle-16.json:0
[     546ms] [ERROR] Failed to load resource: the server responded with a status of 404 () @ https://api.iconify.design/fluent:lock-open-16-regular.json:0
[     725ms] [LOG] %c [AuthService] Token renovado. Actualizando sesion en memoria. color: color: #4CAF50; font-style: italic;; font-style: italic; @ http://localhost:4200/chunk-HED6L54Z.js:59
[     725ms] [LOG] %c [AuthTrace] refresh.success.before-set color: #03A9F4; font-style: italic; {at: 2026-08-17T18:08:29.745Z, applicationUserId: 63f5fe75-4fbb-4328-a2dd-b7224778752e, tokenCustomerId: 019c6bee-028a-70e4-98ea-557b645a3ae0, roles: Array(1), customerAccessCount: 9} @ http://localhost:4200/chunk-HED6L54Z.js:59
[     725ms] [LOG] %c [AuthTrace] refresh.success.after-set color: #03A9F4; font-style: italic; {at: 2026-08-17T18:08:29.746Z, applicationUserId: 63f5fe75-4fbb-4328-a2dd-b7224778752e, tokenCustomerId: 019c6bee-028a-70e4-98ea-557b645a3ae0, roles: Array(1), customerAccessCount: 9} @ http://localhost:4200/chunk-HED6L54Z.js:59
[     726ms] [LOG] %cLINK [SignalR] Construyendo conexion... color: blue; font-style: italic; @ http://localhost:4200/chunk-HED6L54Z.js:59
[     726ms] [LOG] %cHEADSET [SignalR] Registrando listeners... color: cyan; font-style: italic; @ http://localhost:4200/chunk-HED6L54Z.js:59
[     727ms] [LOG] %cLINK [SignalR] Iniciando conexion... color: blue; font-style: italic; @ http://localhost:4200/chunk-HED6L54Z.js:59
[     727ms] [LOG] %c [AuthTrace] trySilentLogin.finalize color: #8BC34A; font-style: italic; {at: 2026-08-17T18:08:29.748Z, isAuthenticated: true} @ http://localhost:4200/chunk-HED6L54Z.js:59
[     728ms] [LOG] %c🏢 [Initializer] User session found. Initializing customer state... color: #3F51B5; font-style: italic; @ http://localhost:4200/chunk-HED6L54Z.js:59
[     729ms] [LOG] %c🔍 [StorageService] Recuperando valor para clave: 'customerId' color: #2196F3; font-style: italic; @ http://localhost:4200/chunk-HED6L54Z.js:59
[     729ms] [LOG] %c [CustomerTrace] initialize.start color: #FF9800; font-style: italic; {at: 2026-08-17T18:08:29.749Z, state: Object, storedCustomerId: 019c6bee-0305-7fbd-80e9-91ca348f903c, tokenCustomerId: 019c6bee-028a-70e4-98ea-557b645a3ae0, customerAccess: Array(9)} @ http://localhost:4200/chunk-HED6L54Z.js:59
[     729ms] [LOG] %c🔍 [StorageService] Recuperando valor para clave: 'customerId' color: #2196F3; font-style: italic; @ http://localhost:4200/chunk-HED6L54Z.js:59
[     730ms] [LOG] %c🔍 [StorageService] Recuperando valor para clave: 'customerId' color: #2196F3; font-style: italic; @ http://localhost:4200/chunk-HED6L54Z.js:59
[     730ms] [LOG] %c [CustomerTrace] initialize.selected-customer color: #FF9800; font-style: italic; {at: 2026-08-17T18:08:29.750Z, state: Object, storedCustomerId: 019c6bee-0305-7fbd-80e9-91ca348f903c, selectedCustomerId: 019c6bee-0305-7fbd-80e9-91ca348f903c} @ http://localhost:4200/chunk-HED6L54Z.js:59
[     731ms] [LOG] %c💾 [StorageService] Guardando clave: 'customerId' color: #FF9800; font-style: italic; {value: 019c6bee-0305-7fbd-80e9-91ca348f903c} @ http://localhost:4200/chunk-HED6L54Z.js:59
[     731ms] [LOG] %c✅ [StorageService] Clave 'customerId' guardada exitosamente. color: #4CAF50; font-style: italic; @ http://localhost:4200/chunk-HED6L54Z.js:59
[     732ms] [LOG] %c🔍 [StorageService] Recuperando valor para clave: 'customerId' color: #2196F3; font-style: italic; @ http://localhost:4200/chunk-HED6L54Z.js:59
[     732ms] [LOG] %c [CustomerTrace] loadDataForCustomer.start color: #FF9800; font-style: italic; {at: 2026-08-17T18:08:29.752Z, state: Object, storedCustomerId: 019c6bee-0305-7fbd-80e9-91ca348f903c, customerId: 019c6bee-0305-7fbd-80e9-91ca348f903c} @ http://localhost:4200/chunk-HED6L54Z.js:59
[     733ms] [LOG] %c🛡️ [JwtInterceptorFn] Auth check completado. Interceptando ruta: color: #FF0000; font-style: italic; http://localhost:7070/api/customers/019c6bee-0305-7fbd-80e9-91ca348f903c @ http://localhost:4200/chunk-HED6L54Z.js:59
[     734ms] [LOG] %c🔍 [StorageService] Recuperando valor para clave: 'customerId' color: #2196F3; font-style: italic; @ http://localhost:4200/chunk-HED6L54Z.js:59
[     735ms] [LOG] %c🔍 [StorageService] Recuperando valor para clave: 'customerId' color: #2196F3; font-style: italic; @ http://localhost:4200/chunk-HED6L54Z.js:59
[     736ms] [LOG] %c [JwtTrace] request color: #F44336; font-style: italic; {at: 2026-08-17T18:08:29.756Z, url: http://localhost:7070/api/customers/019c6bee-0305-7fbd-80e9-91ca348f903c, method: GET, appUserId: 63f5fe75-4fbb-4328-a2dd-b7224778752e, storageCustomerId: 019c6bee-0305-7fbd-80e9-91ca348f903c} @ http://localhost:4200/chunk-HED6L54Z.js:59
[     774ms] [INFO] [2026-08-17T18:08:29.794Z] Information: WebSocket connected to ws://localhost:7070/ws/notificationHub?id=RMFIdL2cszVrg0eLV0yj4w&access_token=eyJhbGciOiJIUzI1NiIsInR5cCI6IkpXVCJ9.eyJzdWIiOiI2M2Y1ZmU3NS00ZmJiLTQzMjgtYTJkZC1iNzIyNDc3ODc1MmUiLCJqdGkiOiIwMWEwMTBlOS0yNDA4LTc4ZDgtYTczMS1mMWIzMWMyOGU5ZDEiLCJpYXQiOjE3ODY5OTAxMDksIm5hbWUiOiJBZG1pbmlzdHJhZG9yIExCRyIsImVtYWlsIjoiaW5mb0BsdXh1cnlidWlsZGluZy5jb20ubXgiLCJ1c2VybmFtZSI6ImFkbWluIiwiY3VzdG9tZXJJZCI6IjAxOWM2YmVlLTAyOGEtNzBlNC05OGVhLTU1N2I2NDVhM2FlMCIsImN1c3RvbWVyTmFtZSI6IkxVWFVSWSBCVUlMRElORyBHUk9VUCBTQSBERSBDViIsImZpcnN0TmFtZSI6IkFkbWluaXN0cmFkb3IiLCJsYXN0TmFtZSI6IkxCRyIsInBob25lIjoiKDU1KSAwMDAwLSAwMDAwIiwicGhvdG9QYXRoIjoiaHR0cDovL2xvY2FsaG9zdDo3MDcwL2FwaS9maWxlcy9kb3dubG9hZD9maWxlUGF0aD1wdWJsaWMlMmZBZG1pbmlzdHJhdGlvbiUyZmFjY291bnRzJTJmMDE5ZmE0NjUtMTkyMC03NzcyLWE5NDgtNzZhMDFlOGFiNzZjLnBuZyIsInBvc2l0aW9uIjoiRW1wbGVhZG8iLCJodHRwOi8vc2NoZW1hcy5taWNyb3NvZnQuY29tL3dzLzIwMDgvMDYvaWRlbnRpdHkvY2xhaW1zL3JvbGUiOiJTdXBlclVzdWFyaW8iLCJyb2xlSWQiOiI2OTlkN2NjMS1kMTQzLTQ5ODUtYjU1YS1kMDMwODY0YzY5M2UiLCJleHAiOjE3ODY5OTM3MDksImlzcyI6Imh0dHBzOi8vbG9jYWxob3N0OjcwNjkiLCJhdWQiOiJodHRwczovL2xvY2FsaG9zdDo0MjAwIn0.0MkPgwPeH1cKeg9INmLzURruvrmEkch_Diy3pVGl1mc. @ http://localhost:4200/@fs/D:/repos/luxuryapp-api/client/angular/.angular/cache/22.0.5/luxury-app/vite/deps/@microsoft_signalr.js?v=3990ee8e:299
[     775ms] [INFO] [2026-08-17T18:08:29.795Z] Information: Using HubProtocol 'json'. @ http://localhost:4200/@fs/D:/repos/luxuryapp-api/client/angular/.angular/cache/22.0.5/luxury-app/vite/deps/@microsoft_signalr.js?v=3990ee8e:299
[     779ms] [LOG] %cLINK [SignalR] Conexion iniciada con exito. color: green; font-style: italic; @ http://localhost:4200/chunk-HED6L54Z.js:59
[     779ms] [LOG] %cSTATE [SignalR] connectionId = 'Xq3U-oV7K-MND1HR9qy9dg' color: green; font-style: italic; @ http://localhost:4200/chunk-HED6L54Z.js:59
[     779ms] [LOG] %cUSER [SignalR] Evento ConnectedUser recibido: color: blue; font-style: italic; Bienvenido 63f5fe75-4fbb-4328-a2dd-b7224778752e @ http://localhost:4200/chunk-HED6L54Z.js:59
[     782ms] [LOG] %c🔍 [StorageService] Recuperando valor para clave: 'customerId' color: #2196F3; font-style: italic; @ http://localhost:4200/chunk-HED6L54Z.js:59
[     782ms] [LOG] %c [CustomerTrace] loadDataForCustomer.response color: #FF9800; font-style: italic; {at: 2026-08-17T18:08:29.802Z, state: Object, storedCustomerId: 019c6bee-0305-7fbd-80e9-91ca348f903c, customerId: 019c6bee-0305-7fbd-80e9-91ca348f903c, success: true} @ http://localhost:4200/chunk-HED6L54Z.js:59
[     783ms] [LOG] %c🔍 [StorageService] Recuperando valor para clave: 'customerId' color: #2196F3; font-style: italic; @ http://localhost:4200/chunk-HED6L54Z.js:59
[     783ms] [LOG] %c [CustomerTrace] loadDataForCustomer.ready color: #FF9800; font-style: italic; {at: 2026-08-17T18:08:29.803Z, state: Object, storedCustomerId: 019c6bee-0305-7fbd-80e9-91ca348f903c, customerId: 019c6bee-0305-7fbd-80e9-91ca348f903c} @ http://localhost:4200/chunk-HED6L54Z.js:59
[     783ms] [LOG] %c✅ [Initializer] State initialization complete. color: green; font-style: italic; @ http://localhost:4200/chunk-HED6L54Z.js:59
[     787ms] [LOG] %c🔄 UpdateService: Inicializando servicio de actualizaciones color: blue; font-weight: bold; @ http://localhost:4200/chunk-WEIOKMZ7.js:10
[     787ms] [LOG] %c🔄 UpdateService: ❌ Service Worker NO habilitado color: red; font-weight: bold; @ http://localhost:4200/chunk-WEIOKMZ7.js:22
[     799ms] [LOG] %c🚀 [App] ¡Aplicación iniciada! Soy más ligero y rápido que nunca. color: #673AB7; font-style: italic; @ http://localhost:4200/chunk-HED6L54Z.js:59
[     826ms] [LOG] Angular is running in development mode. @ http://localhost:4200/@fs/D:/repos/luxuryapp-api/client/angular/.angular/cache/22.0.5/luxury-app/vite/deps/chunk-DBUQFU5K.js?v=3990ee8e:11608
[    1504ms] [LOG] %c🎉 [LayoutEmployee] ¡Layout de empleado cargado! Despertando a los gigantes (SignalR, OneSignal...) color: #2196F3; font-style: italic; @ http://localhost:4200/chunk-HED6L54Z.js:59
[    1504ms] [LOG] %cLINK [SignalR] Construyendo conexion... color: blue; font-style: italic; @ http://localhost:4200/chunk-HED6L54Z.js:59
[    1505ms] [LOG] %cHEADSET [SignalR] Registrando listeners... color: cyan; font-style: italic; @ http://localhost:4200/chunk-HED6L54Z.js:59
[    1505ms] [LOG] %cLINK [SignalR] Iniciando conexion... color: blue; font-style: italic; @ http://localhost:4200/chunk-HED6L54Z.js:59
[    1506ms] [LOG] %cℹ️ [LayoutEmployee] Usuario 63f5fe75-4fbb-4328-a2dd-b7224778752e autenticado. Iniciando OneSignal... color: dodgerblue;font-style: italic @ http://localhost:4200/chunk-HED6L54Z.js:72
[    1506ms] [LOG] %c... [OneSignal] Esperando que el SDK este listo... color: orange; font-style: italic; @ http://localhost:4200/chunk-HED6L54Z.js:59
[    1534ms] [LOG] %c🛡️ [JwtInterceptorFn] Auth check completado. Interceptando ruta: color: #FF0000; font-style: italic; http://localhost:7070/api/work-positions/list-by-customer/019c6bee-0305-7fbd-80e9-91ca348f903c/Activo @ http://localhost:4200/chunk-HED6L54Z.js:59
[    1535ms] [LOG] %c🔍 [StorageService] Recuperando valor para clave: 'customerId' color: #2196F3; font-style: italic; @ http://localhost:4200/chunk-HED6L54Z.js:59
[    1536ms] [LOG] %c🔍 [StorageService] Recuperando valor para clave: 'customerId' color: #2196F3; font-style: italic; @ http://localhost:4200/chunk-HED6L54Z.js:59
[    1537ms] [LOG] %c [JwtTrace] request color: #F44336; font-style: italic; {at: 2026-08-17T18:08:30.556Z, url: http://localhost:7070/api/work-positions/list-by-c…tomer/019c6bee-0305-7fbd-80e9-91ca348f903c/Activo, method: GET, appUserId: 63f5fe75-4fbb-4328-a2dd-b7224778752e, storageCustomerId: 019c6bee-0305-7fbd-80e9-91ca348f903c} @ http://localhost:4200/chunk-HED6L54Z.js:59
[    1539ms] [LOG] %c🛡️ [JwtInterceptorFn] Auth check completado. Interceptando ruta: color: #FF0000; font-style: italic; http://localhost:7070/api/employee-internal/list/019c6bee-0305-7fbd-80e9-91ca348f903c/true @ http://localhost:4200/chunk-HED6L54Z.js:59
[    1540ms] [LOG] %c🔍 [StorageService] Recuperando valor para clave: 'customerId' color: #2196F3; font-style: italic; @ http://localhost:4200/chunk-HED6L54Z.js:59
[    1541ms] [LOG] %c🔍 [StorageService] Recuperando valor para clave: 'customerId' color: #2196F3; font-style: italic; @ http://localhost:4200/chunk-HED6L54Z.js:59
[    1542ms] [LOG] %c [JwtTrace] request color: #F44336; font-style: italic; {at: 2026-08-17T18:08:30.561Z, url: http://localhost:7070/api/employee-internal/list/019c6bee-0305-7fbd-80e9-91ca348f903c/true, method: GET, appUserId: 63f5fe75-4fbb-4328-a2dd-b7224778752e, storageCustomerId: 019c6bee-0305-7fbd-80e9-91ca348f903c} @ http://localhost:4200/chunk-HED6L54Z.js:59
[    1701ms] [LOG] %c🛡️ [JwtInterceptorFn] Auth check completado. Interceptando ruta: color: #FF0000; font-style: italic; http://localhost:7070/api/notifications @ http://localhost:4200/chunk-HED6L54Z.js:59
[    1703ms] [LOG] %c🔍 [StorageService] Recuperando valor para clave: 'customerId' color: #2196F3; font-style: italic; @ http://localhost:4200/chunk-HED6L54Z.js:59
[    1704ms] [LOG] %c🔍 [StorageService] Recuperando valor para clave: 'customerId' color: #2196F3; font-style: italic; @ http://localhost:4200/chunk-HED6L54Z.js:59
[    1705ms] [LOG] %c [JwtTrace] request color: #F44336; font-style: italic; {at: 2026-08-17T18:08:30.724Z, url: http://localhost:7070/api/notifications, method: GET, appUserId: 63f5fe75-4fbb-4328-a2dd-b7224778752e, storageCustomerId: 019c6bee-0305-7fbd-80e9-91ca348f903c} @ http://localhost:4200/chunk-HED6L54Z.js:59
[    1708ms] [LOG] %c🛡️ [JwtInterceptorFn] Auth check completado. Interceptando ruta: color: #FF0000; font-style: italic; http://localhost:7070/api/notifications/unread-count @ http://localhost:4200/chunk-HED6L54Z.js:59
[    1710ms] [LOG] %c🔍 [StorageService] Recuperando valor para clave: 'customerId' color: #2196F3; font-style: italic; @ http://localhost:4200/chunk-HED6L54Z.js:59
[    1711ms] [LOG] %c🔍 [StorageService] Recuperando valor para clave: 'customerId' color: #2196F3; font-style: italic; @ http://localhost:4200/chunk-HED6L54Z.js:59
[    1712ms] [LOG] %c [JwtTrace] request color: #F44336; font-style: italic; {at: 2026-08-17T18:08:30.731Z, url: http://localhost:7070/api/notifications/unread-count, method: GET, appUserId: 63f5fe75-4fbb-4328-a2dd-b7224778752e, storageCustomerId: 019c6bee-0305-7fbd-80e9-91ca348f903c} @ http://localhost:4200/chunk-HED6L54Z.js:59
[    1739ms] [LOG] %c [MenuTrace] effect.tick color: #9C27B0; font-style: italic; {at: 2026-08-17T18:08:30.759Z, customerId: 019c6bee-0305-7fbd-80e9-91ca348f903c, customerReady: true, applicationUserId: 63f5fe75-4fbb-4328-a2dd-b7224778752e, lastCustomerId: null} @ http://localhost:4200/chunk-HED6L54Z.js:59
[    1739ms] [LOG] %c [MenuService] Customer data and session are ready. Loading menu... color: green; font-style: italic; @ http://localhost:4200/chunk-HED6L54Z.js:59
[    1740ms] [LOG] %c [MenuTrace] triggerMenuLoad.start color: #9C27B0; font-style: italic; {at: 2026-08-17T18:08:30.760Z, customerId: 019c6bee-0305-7fbd-80e9-91ca348f903c, customerReady: true, applicationUserId: 63f5fe75-4fbb-4328-a2dd-b7224778752e, lastCustomerId: null} @ http://localhost:4200/chunk-HED6L54Z.js:59
[    1741ms] [LOG] %c🛡️ [JwtInterceptorFn] Auth check completado. Interceptando ruta: color: #FF0000; font-style: italic; http://localhost:7070/api/menu-items/019c6bee-0305-7fbd-80e9-91ca348f903c @ http://localhost:4200/chunk-HED6L54Z.js:59
[    1741ms] [LOG] %c🔍 [StorageService] Recuperando valor para clave: 'customerId' color: #2196F3; font-style: italic; @ http://localhost:4200/chunk-HED6L54Z.js:59
[    1742ms] [LOG] %c🔍 [StorageService] Recuperando valor para clave: 'customerId' color: #2196F3; font-style: italic; @ http://localhost:4200/chunk-HED6L54Z.js:59
[    1742ms] [LOG] %c [JwtTrace] request color: #F44336; font-style: italic; {at: 2026-08-17T18:08:30.762Z, url: http://localhost:7070/api/menu-items/019c6bee-0305-7fbd-80e9-91ca348f903c, method: GET, appUserId: 63f5fe75-4fbb-4328-a2dd-b7224778752e, storageCustomerId: 019c6bee-0305-7fbd-80e9-91ca348f903c} @ http://localhost:4200/chunk-HED6L54Z.js:59
[    1747ms] [LOG] %cok [OneSignal] SDK listo color: green; font-style: italic; @ http://localhost:4200/chunk-HED6L54Z.js:59
[    1784ms] [ERROR] Failed to load resource: the server responded with a status of 404 (Not Found) @ http://localhost:7070/api/files/download?filePath=public%2fAdministration%2faccounts%2f019fa465-1920-7772-a948-76a01e8ab76c.png:0
[    1872ms] [LOG] %c [API SUCCESS]: GET LIST: employee-internal/list/019c6bee-0305-7fbd-80e9-91ca348f903c/true color: teal; font-style: italic; [Object, Object, Object, Object, Object, Object, Object, Object, Object, Object, Object, Object, Object, Object, Object, Object, Object, Object, Object, Object, Object, Object, Object, Object, Object, Object, Object, Object, Object, Object, Object, Object, Object, Object, Object, Object, Object, Object, Object, Object, Object, Object, Object, Object, Object, Object, Object] @ http://localhost:4200/chunk-HED6L54Z.js:59
[    1874ms] [LOG] %c [API SUCCESS]: GET NoLoading: notifications/unread-count color: gray; font-style: italic; 0 @ http://localhost:4200/chunk-HED6L54Z.js:59
[    1874ms] [LOG] %c [API SUCCESS]: GET NoLoading: notifications color: gray; font-style: italic; [] @ http://localhost:4200/chunk-HED6L54Z.js:59
[    1886ms] [LOG] %c [API SUCCESS]: GET LIST: work-positions/list-by-customer/019c6bee-0305-7fbd-80e9-91ca348f903c/Activo color: teal; font-style: italic; [Object, Object, Object, Object, Object, Object, Object, Object, Object, Object, Object, Object, Object, Object, Object, Object, Object, Object, Object, Object, Object, Object, Object, Object, Object, Object, Object, Object, Object, Object, Object, Object, Object, Object, Object, Object, Object, Object, Object, Object, Object, Object, Object, Object, Object, Object] @ http://localhost:4200/chunk-HED6L54Z.js:59
[    1888ms] [LOG] %c🛡️ [JwtInterceptorFn] Auth check completado. Interceptando ruta: color: #FF0000; font-style: italic; http://localhost:7070/api/recruitment-candidate-processes/interviewer-queue @ http://localhost:4200/chunk-HED6L54Z.js:59
[    1889ms] [LOG] %c🔍 [StorageService] Recuperando valor para clave: 'customerId' color: #2196F3; font-style: italic; @ http://localhost:4200/chunk-HED6L54Z.js:59
[    1890ms] [LOG] %c🔍 [StorageService] Recuperando valor para clave: 'customerId' color: #2196F3; font-style: italic; @ http://localhost:4200/chunk-HED6L54Z.js:59
[    1890ms] [LOG] %c [JwtTrace] request color: #F44336; font-style: italic; {at: 2026-08-17T18:08:30.910Z, url: http://localhost:7070/api/recruitment-candidate-processes/interviewer-queue, method: GET, appUserId: 63f5fe75-4fbb-4328-a2dd-b7224778752e, storageCustomerId: 019c6bee-0305-7fbd-80e9-91ca348f903c} @ http://localhost:4200/chunk-HED6L54Z.js:59
[    2347ms] [ERROR] Failed to load resource: the server responded with a status of 404 (Not Found) @ http://localhost:7070/api/files/download?filePath=public%2fAdministration%2faccounts%2f019faff7-31c3-7eca-a207-ca9f3d3906e7.jpeg:0
[    2348ms] [ERROR] Failed to load resource: the server responded with a status of 404 (Not Found) @ http://localhost:7070/api/files/download?filePath=public%2fAdministration%2faccounts%2f019fd375-2927-70a3-ab3d-500cf8918ba3.png:0
[    2349ms] [ERROR] Failed to load resource: the server responded with a status of 404 (Not Found) @ http://localhost:7070/api/files/download?filePath=public%2fAdministration%2faccounts%2f019faff7-c167-76b6-aac2-b945dea06dbc.jpeg:0
[    2357ms] [ERROR] Failed to load resource: the server responded with a status of 404 (Not Found) @ http://localhost:7070/api/files/download?filePath=public%2fAdministration%2faccounts%2f019fce49-ce01-707d-8460-857fed90e95e.jpeg:0
[    2358ms] [ERROR] Failed to load resource: the server responded with a status of 404 (Not Found) @ http://localhost:7070/api/files/download?filePath=public%2fAdministration%2faccounts%2f01a000f6-1bb6-7916-ad11-dc22a50d08bc.jpeg:0
[    2358ms] [ERROR] Failed to load resource: the server responded with a status of 404 (Not Found) @ http://localhost:7070/api/files/download?filePath=public%2fAdministration%2faccounts%2f019fb8c0-f86e-7321-a1e1-d17c905c566f.png:0
[    2395ms] [INFO] [2026-08-17T18:08:31.415Z] Information: WebSocket connected to ws://localhost:7070/ws/notificationHub?id=jrEu13BV08ufmt0vj5k_Ww&access_token=eyJhbGciOiJIUzI1NiIsInR5cCI6IkpXVCJ9.eyJzdWIiOiI2M2Y1ZmU3NS00ZmJiLTQzMjgtYTJkZC1iNzIyNDc3ODc1MmUiLCJqdGkiOiIwMWEwMTBlOS0yNDA4LTc4ZDgtYTczMS1mMWIzMWMyOGU5ZDEiLCJpYXQiOjE3ODY5OTAxMDksIm5hbWUiOiJBZG1pbmlzdHJhZG9yIExCRyIsImVtYWlsIjoiaW5mb0BsdXh1cnlidWlsZGluZy5jb20ubXgiLCJ1c2VybmFtZSI6ImFkbWluIiwiY3VzdG9tZXJJZCI6IjAxOWM2YmVlLTAyOGEtNzBlNC05OGVhLTU1N2I2NDVhM2FlMCIsImN1c3RvbWVyTmFtZSI6IkxVWFVSWSBCVUlMRElORyBHUk9VUCBTQSBERSBDViIsImZpcnN0TmFtZSI6IkFkbWluaXN0cmFkb3IiLCJsYXN0TmFtZSI6IkxCRyIsInBob25lIjoiKDU1KSAwMDAwLSAwMDAwIiwicGhvdG9QYXRoIjoiaHR0cDovL2xvY2FsaG9zdDo3MDcwL2FwaS9maWxlcy9kb3dubG9hZD9maWxlUGF0aD1wdWJsaWMlMmZBZG1pbmlzdHJhdGlvbiUyZmFjY291bnRzJTJmMDE5ZmE0NjUtMTkyMC03NzcyLWE5NDgtNzZhMDFlOGFiNzZjLnBuZyIsInBvc2l0aW9uIjoiRW1wbGVhZG8iLCJodHRwOi8vc2NoZW1hcy5taWNyb3NvZnQuY29tL3dzLzIwMDgvMDYvaWRlbnRpdHkvY2xhaW1zL3JvbGUiOiJTdXBlclVzdWFyaW8iLCJyb2xlSWQiOiI2OTlkN2NjMS1kMTQzLTQ5ODUtYjU1YS1kMDMwODY0YzY5M2UiLCJleHAiOjE3ODY5OTM3MDksImlzcyI6Imh0dHBzOi8vbG9jYWxob3N0OjcwNjkiLCJhdWQiOiJodHRwczovL2xvY2FsaG9zdDo0MjAwIn0.0MkPgwPeH1cKeg9INmLzURruvrmEkch_Diy3pVGl1mc. @ http://localhost:4200/@fs/D:/repos/luxuryapp-api/client/angular/.angular/cache/22.0.5/luxury-app/vite/deps/@microsoft_signalr.js?v=3990ee8e:299
[    2395ms] [INFO] [2026-08-17T18:08:31.416Z] Information: Using HubProtocol 'json'. @ http://localhost:4200/@fs/D:/repos/luxuryapp-api/client/angular/.angular/cache/22.0.5/luxury-app/vite/deps/@microsoft_signalr.js?v=3990ee8e:299
[    2397ms] [LOG] %c [API SUCCESS]: GET LIST: menu-items/019c6bee-0305-7fbd-80e9-91ca348f903c color: teal; font-style: italic; [Object, Object, Object, Object, Object, Object, Object, Object, Object, Object, Object, Object, Object, Object, Object, Object, Object, Object, Object, Object, Object, Object, Object, Object] @ http://localhost:4200/chunk-HED6L54Z.js:59
[    2398ms] [LOG] %c [MenuTrace] fetchMenuItemsFromApi.success color: #9C27B0; font-style: italic; {at: 2026-08-17T18:08:31.419Z, customerId: 019c6bee-0305-7fbd-80e9-91ca348f903c, customerReady: true, applicationUserId: 63f5fe75-4fbb-4328-a2dd-b7224778752e, lastCustomerId: 019c6bee-0305-7fbd-80e9-91ca348f903c} @ http://localhost:4200/chunk-HED6L54Z.js:59
[    2399ms] [LOG] %c [MenuTrace] triggerMenuLoad.response color: #9C27B0; font-style: italic; {at: 2026-08-17T18:08:31.419Z, customerId: 019c6bee-0305-7fbd-80e9-91ca348f903c, customerReady: true, applicationUserId: 63f5fe75-4fbb-4328-a2dd-b7224778752e, lastCustomerId: 019c6bee-0305-7fbd-80e9-91ca348f903c} @ http://localhost:4200/chunk-HED6L54Z.js:59
[    2400ms] [LOG] %c [API SUCCESS]: GET LIST: recruitment-candidate-processes/interviewer-queue color: teal; font-style: italic; [Object, Object, Object, Object, Object, Object] @ http://localhost:4200/chunk-HED6L54Z.js:59
[    2463ms] [ERROR] Failed to load resource: the server responded with a status of 404 (Not Found) @ http://localhost:7070/api/files/download?filePath=public%2fAdministration%2faccounts%2f019fafef-014d-7946-8aff-0c217d399a78.jpeg:0
[    2470ms] [LOG] %cUSER [SignalR] Evento ConnectedUser recibido: color: blue; font-style: italic; Bienvenido 63f5fe75-4fbb-4328-a2dd-b7224778752e @ http://localhost:4200/chunk-HED6L54Z.js:59
[    2470ms] [LOG] %cLINK [SignalR] Conexion iniciada con exito. color: green; font-style: italic; @ http://localhost:4200/chunk-HED6L54Z.js:59
[    2470ms] [LOG] %cSTATE [SignalR] connectionId = 'ikpcxmz5Kq3HgWEPuDz-UA' color: green; font-style: italic; @ http://localhost:4200/chunk-HED6L54Z.js:59
[    2504ms] [ERROR] Failed to load resource: the server responded with a status of 404 (Not Found) @ http://localhost:7070/api/files/download?filePath=public%2fAdministration%2faccounts%2f019fd834-52c7-7d1f-a729-2b2ab691948c.jpeg:0
[    2537ms] [ERROR] Failed to load resource: the server responded with a status of 404 (Not Found) @ http://localhost:7070/api/files/download?filePath=public%2fAdministration%2faccounts%2f01a000ca-bd67-7d76-a554-e9d87b6df321.jpeg:0
[    2596ms] [ERROR] Failed to load resource: the server responded with a status of 404 (Not Found) @ http://localhost:7070/api/files/download?filePath=public%2fAdministration%2faccounts%2f019fafef-eaa3-727f-9d84-52134536df8f.jpeg:0
[    2652ms] [LOG] %cpkg [OneSignal] Inicializado con App ID: color: teal; font-style: italic; 1d454470-eba5-4d7b-82e8-f91b7bed263b @ http://localhost:4200/chunk-HED6L54Z.js:59
[    2652ms] [LOG] %cear [OneSignal] Listeners registrados. color: cyan; font-style: italic; @ http://localhost:4200/chunk-HED6L54Z.js:59
[    2653ms] [LOG] %cuser [OneSignal] Usuario logueado con ExternalUserId: 63f5fe75-4fbb-4328-a2dd-b7224778752e color: darkslateblue; font-style: italic; @ http://localhost:4200/chunk-HED6L54Z.js:59
[    2653ms] [LOG] %csub [OneSignal] Permiso: color: dodgerblue; font-style: italic; false | Suscrito: false @ http://localhost:4200/chunk-HED6L54Z.js:59
[    2654ms] [LOG] %cwarn [OneSignal] Usuario no completamente suscrito. color: orange; font-style: italic; @ http://localhost:4200/chunk-HED6L54Z.js:59
[   25851ms] [LOG] %c🛡️ [JwtInterceptorFn] Auth check completado. Interceptando ruta: color: #FF0000; font-style: italic; http://localhost:7070/api/select-item-enum/type-contract-register @ http://localhost:4200/chunk-HED6L54Z.js:59
[   25852ms] [LOG] %c🔍 [StorageService] Recuperando valor para clave: 'customerId' color: #2196F3; font-style: italic; @ http://localhost:4200/chunk-HED6L54Z.js:59
[   25852ms] [LOG] %c🔍 [StorageService] Recuperando valor para clave: 'customerId' color: #2196F3; font-style: italic; @ http://localhost:4200/chunk-HED6L54Z.js:59
[   25853ms] [LOG] %c [JwtTrace] request color: #F44336; font-style: italic; {at: 2026-08-17T18:08:54.873Z, url: http://localhost:7070/api/select-item-enum/type-contract-register, method: GET, appUserId: 63f5fe75-4fbb-4328-a2dd-b7224778752e, storageCustomerId: 019c6bee-0305-7fbd-80e9-91ca348f903c} @ http://localhost:4200/chunk-HED6L54Z.js:59
[   25855ms] [LOG] %c🛡️ [JwtInterceptorFn] Auth check completado. Interceptando ruta: color: #FF0000; font-style: italic; http://localhost:7070/api/select-item-enum/relation-employee @ http://localhost:4200/chunk-HED6L54Z.js:59
[   25856ms] [LOG] %c🔍 [StorageService] Recuperando valor para clave: 'customerId' color: #2196F3; font-style: italic; @ http://localhost:4200/chunk-HED6L54Z.js:59
[   25857ms] [LOG] %c🔍 [StorageService] Recuperando valor para clave: 'customerId' color: #2196F3; font-style: italic; @ http://localhost:4200/chunk-HED6L54Z.js:59
[   25857ms] [LOG] %c [JwtTrace] request color: #F44336; font-style: italic; {at: 2026-08-17T18:08:54.877Z, url: http://localhost:7070/api/select-item-enum/relation-employee, method: GET, appUserId: 63f5fe75-4fbb-4328-a2dd-b7224778752e, storageCustomerId: 019c6bee-0305-7fbd-80e9-91ca348f903c} @ http://localhost:4200/chunk-HED6L54Z.js:59
[   25859ms] [LOG] %c🛡️ [JwtInterceptorFn] Auth check completado. Interceptando ruta: color: #FF0000; font-style: italic; http://localhost:7070/api/select-item-enum/turno-trabajo @ http://localhost:4200/chunk-HED6L54Z.js:59
[   25860ms] [LOG] %c🔍 [StorageService] Recuperando valor para clave: 'customerId' color: #2196F3; font-style: italic; @ http://localhost:4200/chunk-HED6L54Z.js:59
[   25860ms] [LOG] %c🔍 [StorageService] Recuperando valor para clave: 'customerId' color: #2196F3; font-style: italic; @ http://localhost:4200/chunk-HED6L54Z.js:59
[   25861ms] [LOG] %c [JwtTrace] request color: #F44336; font-style: italic; {at: 2026-08-17T18:08:54.880Z, url: http://localhost:7070/api/select-item-enum/turno-trabajo, method: GET, appUserId: 63f5fe75-4fbb-4328-a2dd-b7224778752e, storageCustomerId: 019c6bee-0305-7fbd-80e9-91ca348f903c} @ http://localhost:4200/chunk-HED6L54Z.js:59
[   25862ms] [LOG] %c🛡️ [JwtInterceptorFn] Auth check completado. Interceptando ruta: color: #FF0000; font-style: italic; http://localhost:7070/api/select-item-enum/fuente-reclutamiento @ http://localhost:4200/chunk-HED6L54Z.js:59
[   25863ms] [LOG] %c🔍 [StorageService] Recuperando valor para clave: 'customerId' color: #2196F3; font-style: italic; @ http://localhost:4200/chunk-HED6L54Z.js:59
[   25863ms] [LOG] %c🔍 [StorageService] Recuperando valor para clave: 'customerId' color: #2196F3; font-style: italic; @ http://localhost:4200/chunk-HED6L54Z.js:59
[   25864ms] [LOG] %c [JwtTrace] request color: #F44336; font-style: italic; {at: 2026-08-17T18:08:54.883Z, url: http://localhost:7070/api/select-item-enum/fuente-reclutamiento, method: GET, appUserId: 63f5fe75-4fbb-4328-a2dd-b7224778752e, storageCustomerId: 019c6bee-0305-7fbd-80e9-91ca348f903c} @ http://localhost:4200/chunk-HED6L54Z.js:59
[   26050ms] [LOG] %c [API SUCCESS]: GET LIST: select-item-enum/turno-trabajo color: teal; font-style: italic; [Object, Object, Object, Object] @ http://localhost:4200/chunk-HED6L54Z.js:59
[   26051ms] [LOG] %c [API SUCCESS]: GET LIST: select-item-enum/relation-employee color: teal; font-style: italic; [Object, Object, Object, Object, Object, Object, Object, Object, Object, Object, Object, Object, Object, Object, Object, Object, Object, Object, Object, Object, Object, Object] @ http://localhost:4200/chunk-HED6L54Z.js:59
[   26051ms] [LOG] %c [API SUCCESS]: GET LIST: select-item-enum/type-contract-register color: teal; font-style: italic; [Object, Object, Object, Object, Object] @ http://localhost:4200/chunk-HED6L54Z.js:59
[   26052ms] [LOG] %c [API SUCCESS]: GET LIST: select-item-enum/fuente-reclutamiento color: teal; font-style: italic; [Object, Object, Object] @ http://localhost:4200/chunk-HED6L54Z.js:59
[   26053ms] [LOG] %c🛡️ [JwtInterceptorFn] Auth check completado. Interceptando ruta: color: #FF0000; font-style: italic; http://localhost:7070/api/recruitment-candidate-processes/request-position/019fec9a-affa-7294-be5b-380efa03be36 @ http://localhost:4200/chunk-HED6L54Z.js:59
[   26053ms] [LOG] %c🔍 [StorageService] Recuperando valor para clave: 'customerId' color: #2196F3; font-style: italic; @ http://localhost:4200/chunk-HED6L54Z.js:59
[   26054ms] [LOG] %c🔍 [StorageService] Recuperando valor para clave: 'customerId' color: #2196F3; font-style: italic; @ http://localhost:4200/chunk-HED6L54Z.js:59
[   26054ms] [LOG] %c [JwtTrace] request color: #F44336; font-style: italic; {at: 2026-08-17T18:08:55.074Z, url: http://localhost:7070/api/recruitment-candidate-pr…est-position/019fec9a-affa-7294-be5b-380efa03be36, method: GET, appUserId: 63f5fe75-4fbb-4328-a2dd-b7224778752e, storageCustomerId: 019c6bee-0305-7fbd-80e9-91ca348f903c} @ http://localhost:4200/chunk-HED6L54Z.js:59
[   26190ms] [LOG] %c [API SUCCESS]: GET ITEM: recruitment-candidate-processes/request-position/019fec9a-affa-7294-be5b-380efa03be36 color: dodgerblue; font-style: italic; {requestPositionId: 019fec9a-affa-7294-be5b-380efa03be36, workPositionId: 019c6c02-7a92-776e-bc60-67047af210c6, customerId: 019c6bee-0305-7fbd-80e9-91ca348f903c, vacancyFolio: VAC00727, positionName: Técnico de Mantenimiento} @ http://localhost:4200/chunk-HED6L54Z.js:59
